******************************************************************************
                  TI ARM Linker PC v16.9.3                     
******************************************************************************
>> Linked Wed Sep 20 18:42:15 2017

OUTPUT FILE NAME:   <TM4C_Protegemed.out>
ENTRY POINT SYMBOL: "_c_int00"  address: 000162a1


MEMORY CONFIGURATION

         name            origin    length      used     unused   attr    fill
----------------------  --------  ---------  --------  --------  ----  --------
  FLASH                 00000000   00100000  00031fee  000ce012  R  X
  SRAM                  20000000   00040000  00023104  0001cefc  RW X


SEGMENT ALLOCATION MAP

run origin  load origin   length   init length attrs members
----------  ----------- ---------- ----------- ----- -------
00000000    00000000    00031ff8   00031ff8    r-x
  00000000    00000000    0000003c   0000003c    r-- .resetVecs
  00000040    00000040    0001afda   0001afda    r-x .text
  0001b01c    0001b01c    000169e8   000169e8    r-- .const
  00031a08    00031a08    000005f0   000005f0    r-- .cinit
20000000    20000000    00000360   00000000    rw-
  20000000    20000000    00000360   00000000    rw- .vecs
20000400    20000400    00022da4   00000000    rw-
  20000400    20000400    00021700   00000000    rw- .bss
  20021b00    20021b00    00000ea4   00000000    rw- .data
  200229a4    200229a4    00000800   00000000    rw- .stack


SECTION ALLOCATION MAP

 output                                  attributes/
section   page    origin      length       input sections
--------  ----  ----------  ----------   ----------------
.text      0    00000040    0001afda     
                  00000040    0000113e     rtsv7M4_T_le_v4SPD16_eabi.lib : _printfi.obj (.text)
                  0000117e    00000002     hal_userled_stub.aem4f : llled.oem4f (.text:LED_TOGGLE)
                  00001180    00000c68     stk.aem4f : tcpin.oem4f (.text:TcpInput)
                  00001de8    00000900     capture.obj (.text:capture_Task)
                  000026e8    000008b8     stk.aem4f : tcpout.oem4f (.text:TcpOutput)
                  00002fa0    0000070a     dsplib-cm4f.lib : arm_cfft_radix8_f32.obj (.text:arm_radix8_butterfly_f32)
                  000036aa    00000002     stk.aem4f : nat.oem4f (.text:NatMsg)
                  000036ac    00000558     eth_network.obj (.text:httpPOST_Task)
                  00003c04    0000045e     dsplib-cm4f.lib : arm_cfft_f32.obj (.text:arm_cfft_radix8by4_f32)
                  00004062    00000006     driverlib.lib : emac.obj (.text:EMACRxDMADescriptorListSet)
                  00004068    00000430     sysbios.aem4f : BIOS.obj (.text:ti_sysbios_family_arm_m3_Hwi_excDumpRegs__I)
                  00004498    00000408     stk.aem4f : ipout.oem4f (.text:IPTxPacket)
                  000048a0    00000384               : ipin.oem4f (.text:IPRxPacket)
                  00004c24    00000372     nettool_ipv4.aem4f : dnscomn.oem4f (.text:DNSResolveByName)
                  00004f96    00000002     os.aem4f : task.oem4f (.text:_TaskInit)
                  00004f98    0000034c     ti.targets.arm.rtsarm.aem4f : System.oem4f (.text:xdc_runtime_System_doPrint__I)
                  000052e4    00000324     rtsv7M4_T_le_v4SPD16_eabi.lib : trgdrv.obj (.text)
                  00005608    000002fe     nettool_ipv4.aem4f : dnscomn.oem4f (.text:DNSResolveByAddr)
                  00005906    00000002     os.aem4f : task.oem4f (.text:_TaskShutdown)
                  00005908    000002f8     nettool_ipv4.aem4f : inetaddr.oem4f (.text:getaddrinfo)
                  00005c00    000002ec     sysbios.aem4f : BIOS.obj (.text:ti_sysbios_knl_Semaphore_pend__E)
                  00005eec    000002da     nettool_ipv4.aem4f : dnscomn.oem4f (.text:DNSResolveByNS)
                  000061c6    00000002     hal_ser_stub.aem4f : llserstb.oem4f (.text:_llSerialServiceCheck)
                  000061c8    000002c0     sysbios.aem4f : BIOS.obj (.text:ti_sysbios_knl_Task_Instance_finalize__E)
                  00006488    00000284     stk.aem4f : sock.oem4f (.text:SockSet)
                  0000670c    00000004     driverlib.lib : adc.obj (.text:ADCIntClearEx)
                  00006710    00000258     sysbios.aem4f : BIOS.obj (.text:ti_sysbios_heaps_HeapMem_free__E)
                  00006968    0000024c     stk.aem4f : ipfrag.oem4f (.text:IPReasm)
                  00006bb4    00000004               : bind.oem4f (.text:BindGetIF)
                  00006bb8    00000248     sysbios.aem4f : BIOS.obj (.text:ti_sysbios_heaps_HeapMem_alloc__E)
                  00006e00    0000023c     stk.aem4f : icmpin.oem4f (.text:ICMPInput)
                  0000703c    00000238               : udp.oem4f (.text:UdpInput)
                  00007274    00000204     driverlib.lib : sysctl.obj (.text:SysCtlClockFreqSet)
                  00007478    00000204     Boot.aem4f : Boot_sysctl.oem4f (.text:ti_catalog_arm_cortexm4_tiva_ce_Boot_sysCtlClockFreqSetI__I)
                  0000767c    00000004     stk.aem4f : bind.oem4f (.text:BindGetNext)
                  00007680    00000200     sysbios.aem4f : BIOS.obj (.text:ti_sysbios_knl_Task_sleep__E)
                  00007880    000001fc                   : BIOS.obj (.text:ti_sysbios_family_arm_m3_Hwi_excHandlerMax__I)
                  00007a7c    000001f4     stk.aem4f : sock.oem4f (.text:SockRecv)
                  00007c70    000001f4     rtsv7M4_T_le_v4SPD16_eabi.lib : ull_div_t2.obj (.text)
                  00007e64    00000004     http_ndk.aem4f : httpcli.oem4f (.text:HTTPCli_construct)
                  00007e68    000001f4     sysbios.aem4f : BIOS.obj (.text:ti_sysbios_knl_Task_Instance_init__E)
                  0000805c    000001c8     eth_network.obj (.text:tcpHandler)
                  00008224    00000004     os.aem4f : ossys.oem4f (.text:NDK_vsprintf)
                  00008228    000001bc     sysbios.aem4f : BIOS.obj (.text:ti_sysbios_family_arm_lm4_Timer_start__E)
                  000083e4    000001b8     drivers_tivaware.aem4f : EMACSnow.oem4f (.text:EMACSnow_NIMUInit)
                  0000859c    000001b6     rtsv7M4_T_le_v4SPD16_eabi.lib : fd_add_t2.obj (.text)
                  00008752    00000002     hal_ser_stub.aem4f : llserstb.oem4f (.text:_llSerialShutdown)
                  00008754    000001b0     stk.aem4f : lliout.oem4f (.text:LLITxIpPacket)
                  00008904    000001ac               : lliin.oem4f (.text:LLIRxPacket)
                  00008ab0    000001a8     adc_sample.obj (.text:ADC_init)
                  00008c58    0000019c     os.aem4f : mem.oem4f (.text:mmAlloc)
                  00008df4    0000019a     nettool_ipv4.aem4f : dnsclnt.oem4f (.text:DNSResolve)
                  00008f8e    00000002     hal_userled_stub.aem4f : llled.oem4f (.text:_llUserLedInit)
                  00008f90    00000198     stk.aem4f : igmp.oem4f (.text:IGMPInput)
                  00009128    00000198     nettool_ipv4.aem4f : ipaddr.oem4f (.text:NtGetPublicHost)
                  000092c0    00000190     stk.aem4f : sock.oem4f (.text:SockNew)
                  00009450    00000188     sysbios.aem4f : BIOS.obj (.text:ti_sysbios_knl_Task_setPri__E)
                  000095d8    00000186     dsplib-cm4f.lib : arm_cfft_f32.obj (.text:arm_cfft_radix8by2_f32)
                  0000975e    00000002     hal_userled_stub.aem4f : llled.oem4f (.text:_llUserLedShutdown)
                  00009760    0000017c     sysbios.aem4f : BIOS.obj (.text:ti_sysbios_family_arm_lm4_TimestampProvider_get64__E)
                  000098dc    00000174     netctrl_min_ipv4.aem4f : netctrl.oem4f (.text:NC_NetStart)
                  00009a50    00000174     sysbios.aem4f : BIOS.obj (.text:ti_sysbios_family_arm_m3_Hwi_excBusFault__I)
                  00009bc4    00000170     stk.aem4f : rtc.oem4f (.text:RTCReport)
                  00009d34    0000016c     nettool_ipv4.aem4f : dnscomn.oem4f (.text:DNSResolveExternal)
                  00009ea0    0000016a     stk.aem4f : sb.oem4f (.text:SBRead)
                  0000a00a    00000006     driverlib.lib : emac.obj (.text:EMACTxDMADescriptorListSet)
                  0000a010    00000164     sysbios.aem4f : BIOS.obj (.text:ti_sysbios_family_arm_m3_Hwi_excUsageFault__I)
                  0000a174    00000160     stk.aem4f : sock.oem4f (.text:SockConnect)
                  0000a2d4    00000158     nettool_ipv4.aem4f : dhcpmain.oem4f (.text:DHCPOpen)
                  0000a42c    00000150     drivers_tivaware.aem4f : GPIOTiva.oem4f (.text:GPIO_setConfig)
                  0000a57c    00000148     adc_sample.obj (.text:ADC_Seq1_ISR)
                  0000a6c4    00000004     stk.aem4f : node.oem4f (.text:NodeSetRt)
                  0000a6c8    00000148     sysbios.aem4f : BIOS.obj (.text:ti_sysbios_family_arm_m3_Hwi_excMemFault__I)
                  0000a810    00000144     stk.aem4f : bind.oem4f (.text:BindNew)
                  0000a954    00000140     adc_sample.obj (.text:ADC_Seq0_ISR)
                  0000aa94    00000140     stk.aem4f : tcp.oem4f (.text:TcpTimeoutCheck)
                  0000abd4    00000004               : rawethsock_prot.oem4f (.text:RawEthSockPrAttach)
                  0000abd8    00000140     sysbios.aem4f : BIOS.obj (.text:ti_sysbios_knl_Semaphore_post__E)
                  0000ad18    0000013c     nettool_ipv4.aem4f : config.oem4f (.text:CfgAddEntry)
                  0000ae54    0000013c     stk.aem4f : sockint.oem4f (.text:SockNotify)
                  0000af90    0000013c               : sock.oem4f (.text:SockSend)
                  0000b0cc    00000004               : rawethsock_prot.oem4f (.text:RawEthSockPrDetach)
                  0000b0d0    0000013c     sysbios.aem4f : BIOS.obj (.text:ti_sysbios_heaps_HeapMem_Instance_init__E)
                  0000b20c    00000004     os.aem4f : semaphore.oem4f (.text:SemPend)
                  0000b210    0000013c     sysbios.aem4f : BIOS.obj (.text:ti_sysbios_knl_Clock_workFunc__E)
                  0000b34c    00000004     os.aem4f : semaphore.oem4f (.text:SemPost)
                  0000b350    00000138     sysbios.aem4f : BIOS.obj (.text:ti_sysbios_family_arm_m3_Hwi_dispatchC__I)
                  0000b488    00000138     RTOS_config_pem4f.oem4f (.text:ti_uia_loggers_LoggerStopMode_writeMemoryRange__E)
                  0000b5c0    00000136     nettool_ipv4.aem4f : dnspkt.oem4f (.text:DNSGetReply)
                  0000b6f6    00000136     rtsv7M4_T_le_v4SPD16_eabi.lib : fd_div_t2.obj (.text)
                  0000b82c    00000134     stk.aem4f : icmp.oem4f (.text:ICMPGenPacket)
                  0000b960    00000132     nettool_ipv4.aem4f : dnspkt.oem4f (.text:DNSReadRecord)
                  0000ba92    00000130     driverlib.lib : gpio.obj (.text:GPIOPadConfigSet)
                  0000bbc2    00000002     hal_ser_stub.aem4f : llserstb.oem4f (.text:llSerialService)
                  0000bbc4    0000012c     eth_network.obj (.text:tcpWorker)
                  0000bcf0    00000128     http_ndk.aem4f : httpcli.oem4f (.text:contentHandler)
                  0000be18    00000124     stk.aem4f : sockpcb.oem4f (.text:SockPcbResolve)
                  0000bf3c    00000124               : udp.oem4f (.text:UdpOutput)
                  0000c060    00000124     RTOS_config_pem4f.oem4f (.text:ti_ndk_config_Global_stackThread)
                  0000c184    00000004     os.aem4f : semaphore.oem4f (.text:SemReset)
                  0000c188    0000011c     sysbios.aem4f : BIOS.obj (.text:ti_sysbios_knl_Clock_Instance_init__E)
                  0000c2a4    00000004     network_ndk.aem4f : ssock.oem4f (.text:Ssock_getSocket)
                  0000c2a8    0000011c     sysbios.aem4f : BIOS.obj (.text:ti_sysbios_knl_Swi_run__I)
                  0000c3c4    00000118     http_ndk.aem4f : httpcli.oem4f (.text:HTTPCli_connect)
                  0000c4dc    00000118     stk.aem4f : tcpout.oem4f (.text:TcpGenPacket)
                  0000c5f4    00000118     ti.targets.arm.rtsarm.aem4f : Error.oem4f (.text:xdc_runtime_Error_policyDefault__E)
                  0000c70c    00000114     stk.aem4f : nimu.oem4f (.text:NIMUIoctl)
                  0000c820    00000114     rtsv7M4_T_le_v4SPD16_eabi.lib : strtoul.obj (.text)
                  0000c934    00000110     stk.aem4f : node.oem4f (.text:NodeTreeFree)
                  0000ca44    00000110               : raw.oem4f (.text:RawInput)
                  0000cb54    00000004     os.aem4f : task.oem4f (.text:TaskSelf)
                  0000cb58    00000110     sysbios.aem4f : BIOS.obj (.text:ti_sysbios_knl_Task_schedule__I)
                  0000cc68    0000010c     stk.aem4f : rtable.oem4f (.text:RtFind)
                  0000cd74    0000010c     RTOS_config_pem4f.oem4f (.text:ti_uia_loggers_LoggerStopMode_write8__E)
                  0000ce80    0000010a     stk.aem4f : route.oem4f (.text:RtCreate)
                  0000cf8a    00000002     rtsv7M4_T_le_v4SPD16_eabi.lib : i_div0.obj (.text)
                  0000cf8c    00000108     drivers_tivaware.aem4f : EMACSnow.oem4f (.text:EMACSnow_emacStart)
                  0000d094    00000004     os.aem4f : task.oem4f (.text:TaskSetPri)
                  0000d098    00000108     sysbios.aem4f : BIOS.obj (.text:ti_sysbios_knl_Task_exit__E)
                  0000d1a0    00000106     http_ndk.aem4f : httpcli.oem4f (.text:HTTPCli_getResponseField)
                  0000d2a6    00000002     RTOS_config_pem4f.oem4f (.text:ti_ndk_config_Global_NetworkClose)
                  0000d2a8    00000104     os.aem4f : task.oem4f (.text:llEnter)
                  0000d3ac    00000102     nettool_ipv4.aem4f : dhcppkt.oem4f (.text:dhcpPacketProcess)
                  0000d4ae    00000102                        : inetaddr.oem4f (.text:inet_aton)
                  0000d5b0    00000100     stk.aem4f : igmp.oem4f (.text:IGMPSendReply)
                  0000d6b0    00000100     ti.targets.arm.rtsarm.aem4f : Core-mem.oem4f (.text:xdc_runtime_Core_createObject__I)
                  0000d7b0    000000fc     EK_TM4C1294XL.obj (.text:EK_TM4C1294XL_initEMAC)
                  0000d8ac    000000fc     netctrl_min_ipv4.aem4f : netctrl.oem4f (.text:NetScheduler)
                  0000d9a8    000000fc     adc_sample.obj (.text:adcPinConfig)
                  0000daa4    000000fc     dsplib-cm4f.lib : arm_rfft_fast_init_f32.obj (.text:arm_rfft_fast_init_f32)
                  0000dba0    000000fc     rtsv7M4_T_le_v4SPD16_eabi.lib : fd_mul_t2.obj (.text)
                  0000dc9c    000000fc                                   : s_scalbn.obj (.text)
                  0000dd98    000000fc     sysbios.aem4f : BIOS.obj (.text:ti_sysbios_knl_Task_postInit__I)
                  0000de94    00000004     driverlib.lib : timer.obj (.text:TimerADCEventSet)
                  0000de98    000000fc     sysbios.aem4f : BIOS.obj (.text:ti_sysbios_knl_Task_startCore__E)
                  0000df94    000000f8     stk.aem4f : pipe.oem4f (.text:PipeRecv)
                  0000e08c    00000004     hal_ser_stub.aem4f : llserstb.oem4f (.text:_llSerialInit)
                  0000e090    000000f8     sysbios.aem4f : BIOS.obj (.text:ti_sysbios_utils_Load_updateThreadContexts__E)
                  0000e188    000000f8     ti.targets.arm.rtsarm.aem4f : Startup.oem4f (.text:xdc_runtime_Startup_startMods__I)
                  0000e280    000000f8     RTOS_config_pem4f.oem4f (.text:xdc_runtime_System_printfExtend__I)
                  0000e378    000000f4     os.aem4f : task.oem4f (.text:TaskGetEnv)
                  0000e46c    000000f4     sysbios.aem4f : m3_Hwi_asm.obj (.text:ti_sysbios_family_arm_m3_Hwi_dispatch__I)
                  0000e560    000000f4     RTOS_config_pem4f.oem4f (.text:ti_uia_loggers_LoggerStopMode_write4__E)
                  0000e654    000000f2     http_ndk.aem4f : httpcli.oem4f (.text:bufferedRecv)
                  0000e746    00000002     RTOS_config_pem4f.oem4f (.text:ti_sysbios_BIOS_nullFunc__I)
                  0000e748    000000f0     stk.aem4f : lliout.oem4f (.text:LLIGenArpPacket)
                  0000e838    000000f0               : sock.oem4f (.text:SockClose)
                  0000e928    000000ee     nettool_ipv4.aem4f : dnspkt.oem4f (.text:DNSWriteRecord)
                  0000ea16    00000002     RTOS_config_pem4f.oem4f (.text:ti_uia_loggers_LoggerStopMode_setFilterLevel__E)
                  0000ea18    000000ec     http_ndk.aem4f : httpcli.oem4f (.text:redirect)
                  0000eb04    000000e8     os.aem4f : task.oem4f (.text:TaskSetEnv)
                  0000ebec    000000e8     RTOS_config_pem4f.oem4f (.text:ti_uia_loggers_LoggerStopMode_write1__E)
                  0000ecd4    000000e8     RTOS_config_pem4f.oem4f (.text:ti_uia_loggers_LoggerStopMode_write2__E)
                  0000edbc    000000e6     nettool_ipv4.aem4f : dnspkt.oem4f (.text:DNSWriteName)
                  0000eea2    00000002     ti.uia.loggers.aem4f : LoggerStopMode.oem4f (.text:ti_uia_loggers_LoggerStopMode_setPriority__E)
                  0000eea4    000000e6     http_ndk.aem4f : httpcli.oem4f (.text:HTTPCli_initSockAddr)
                  0000ef8a    00000002     RTOS_config_pem4f.oem4f (.text:xdc_runtime_Startup_reset__I)
                  0000ef8c    000000e4     adc_sample.obj (.text:DMA_init)
                  0000f070    000000e0     stk.aem4f : tcptime.oem4f (.text:TcpTimeoutRexmt)
                  0000f150    000000dc               : sb.oem4f (.text:SBWrite)
                  0000f22c    000000dc     nettool_ipv4.aem4f : dhcpsock.oem4f (.text:dhcpSocketOpen)
                  0000f308    000000dc                        : dhcpsm.oem4f (.text:dhcpState)
                  0000f3e4    000000d8     stk.aem4f : node.oem4f (.text:NodeAdd)
                  0000f4bc    000000d8               : tcpprot.oem4f (.text:TcpPrSetOption)
                  0000f594    00000004               : listlib.oem4f (.text:list_get_head)
                  0000f598    000000d8     sysbios.aem4f : BIOS.obj (.text:ti_sysbios_family_arm_lm4_TimestampProvider_get32__E)
                  0000f670    000000d8     RTOS_config_pem4f.oem4f (.text:ti_uia_loggers_LoggerStopMode_write0__E)
                  0000f748    000000d6     dsplib-cm4f.lib : arm_cfft_f32.obj (.text:arm_cfft_f32)
                  0000f81e    00000002     --HOLE-- [fill = 0]
                  0000f820    000000d4     drivers_tivaware.aem4f : EMACSnow.oem4f (.text:EMACSnow_handleRx)
                  0000f8f4    000000d4     stk.aem4f : sockpcb.oem4f (.text:SockPcbBind)
                  0000f9c8    000000d4     sysbios.aem4f : BIOS.obj (.text:ti_sysbios_knl_Swi_Instance_init__E)
                  0000fa9c    000000d1     stk.aem4f : nimu.oem4f (.text:NIMUReceivePacket)
                  0000fb6d    00000003     --HOLE-- [fill = 0]
                  0000fb70    000000cc               : icmp.oem4f (.text:ICMPSendRtAdv)
                  0000fc3c    000000cc     nettool_ipv4.aem4f : dhcpbild.oem4f (.text:dhcpBuildHeader)
                  0000fd08    000000cc                        : dhcpsm.oem4f (.text:dhcpIPAdd)
                  0000fdd4    000000cc                        : dhcppkt.oem4f (.text:dhcpVerifyMessage)
                  0000fea0    000000cc     ti.targets.arm.rtsarm.aem4f : Core-smem.oem4f (.text:xdc_runtime_Core_constructObject__I)
                  0000ff6c    000000c8     stk.aem4f : rawethsock.oem4f (.text:RawEthSockNew)
                  00010034    000000c8     netctrl_min_ipv4.aem4f : netsrv.oem4f (.text:SPIpNet)
                  000100fc    000000c4     drivers_tivaware.aem4f : EMACSnow.oem4f (.text:EMACSnow_InitDMADescriptors)
                  000101c0    000000c4     stk.aem4f : igmp.oem4f (.text:IGMPJoinHostGroup)
                  00010284    000000c4     nettool_ipv4.aem4f : dhcpsm.oem4f (.text:StateBound)
                  00010348    000000c4     http_ndk.aem4f : httpcli.oem4f (.text:getChunkedData)
                  0001040c    00000004     stk.aem4f : listlib.oem4f (.text:list_get_next)
                  00010410    000000c4     sysbios.aem4f : BIOS.obj (.text:ti_sysbios_utils_Load_logLoads__I)
                  000104d4    000000c2     nettool_ipv4.aem4f : dnspkt.oem4f (.text:DNSReadName)
                  00010596    000000c0     dsplib-cm4f.lib : arm_bitreversal2.obj (.text)
                  00010656    00000002     --HOLE-- [fill = 0]
                  00010658    000000c0     settings.obj (.text:readPtgmSettings)
                  00010718    000000be     nettool_ipv4.aem4f : dnsclnt.oem4f (.text:DNSGetHostByName)
                  000107d6    000000bc     stk.aem4f : sockpcb.oem4f (.text:SockPcbFind)
                  00010892    00000002     --HOLE-- [fill = 0]
                  00010894    000000bc               : vlan.oem4f (.text:VLANDeinit)
                  00010950    000000bc     sysbios.aem4f : BIOS.obj (.text:ti_sysbios_family_arm_m3_Hwi_excDebugMon__I)
                  00010a0c    00000004     http_ndk.aem4f : httpcli.oem4f (.text:threadExit)
                  00010a10    000000bc     sysbios.aem4f : BIOS.obj (.text:ti_sysbios_family_arm_m3_Hwi_excHardFault__I)
                  00010acc    000000b8     stk.aem4f : icmpin.oem4f (.text:ICMPRevSrcRoute)
                  00010b84    000000b8               : lli.oem4f (.text:_LLITimeoutCheck)
                  00010c3c    00000004     RTOS_config_pem4f.oem4f (.text:ti_ndk_config_Global_NetworkOpen)
                  00010c40    000000b8     sysbios.aem4f : BIOS.obj (.text:ti_sysbios_knl_Task_unblockI__E)
                  00010cf8    000000b4     stk.aem4f : tcptime.oem4f (.text:TcpTimeoutKeep)
                  00010dac    000000b4     http_ndk.aem4f : httpcli.oem4f (.text:getStatus)
                  00010e60    000000b4     sysbios.aem4f : BIOS.obj (.text:ti_sysbios_gates_GateMutex_enter__E)
                  00010f14    00000004     RTOS_config_pem4f.oem4f (.text:ti_sysbios_BIOS_RtsGateProxy_enter__E)
                  00010f18    000000b4     sysbios.aem4f : BIOS.obj (.text:ti_sysbios_knl_Task_checkStacks__E)
                  00010fcc    000000b1     nettool_ipv4.aem4f : inetaddr.oem4f (.text:createAddrInfo)
                  0001107d    00000001     --HOLE-- [fill = 0]
                  0001107e    000000b0     stk.aem4f : rawethsock.oem4f (.text:RawEthSockSet)
                  0001112e    00000002     --HOLE-- [fill = 0]
                  00011130    000000b0     sysbios.aem4f : BIOS.obj (.text:ti_sysbios_utils_Load_idleFxn__E)
                  000111e0    000000b0                   : BIOS.obj (.text:ti_sysbios_utils_Load_updateLoads__E)
                  00011290    000000ac     stk.aem4f : rtable.oem4f (.text:RtTimeoutCheck)
                  0001133c    000000ac     http_ndk.aem4f : httpcli.oem4f (.text:httpProxyTunnel)
                  000113e8    000000ac     RTOS_config_pem4f.oem4f (.text:ti_ndk_config_ip_init)
                  00011494    00000004     RTOS_config_pem4f.oem4f (.text:ti_sysbios_BIOS_RtsGateProxy_leave__E)
                  00011498    000000ac     sysbios.aem4f : BIOS.obj (.text:ti_sysbios_family_arm_lm4_Timer_enableTiva__I)
                  00011544    00000004                   : BIOS.obj (.text:ti_sysbios_family_arm_lm4_Timer_masterEnable__I)
                  00011548    000000ac                   : BIOS.obj (.text:ti_sysbios_knl_Swi_post__E)
                  000115f4    000000aa     network_ndk.aem4f : ssock.oem4f (.text:Ssock_send)
                  0001169e    00000002     --HOLE-- [fill = 0]
                  000116a0    000000a8     stk.aem4f : sockint.oem4f (.text:SockCreatePacket)
                  00011748    000000a8     ptgm_main.obj (.text:initSamplesTask)
                  000117f0    000000a8     sysbios.aem4f : BIOS.obj (.text:ti_sysbios_family_arm_lm4_Timer_enableTimers__I)
                  00011898    000000a8                   : BIOS.obj (.text:ti_sysbios_knl_Task_blockI__E)
                  00011940    000000a4     dsplib-cm4f.lib : arm_rfft_fast_f32.obj (.text:stage_rfft_f32)
                  000119e4    000000a0     stk.aem4f : ip.oem4f (.text:IPGetRoute)
                  00011a84    000000a0     auto_init.aem4f : auto_init.oem4f (.text)
                  00011b24    000000a0     ti.targets.arm.rtsarm.aem4f : Text.oem4f (.text:xdc_runtime_Text_putMod__E)
                  00011bc4    0000009e     stk.aem4f : nimu.oem4f (.text:NIMUAddEthernetHeader)
                  00011c62    0000009e     nettool_ipv4.aem4f : dhcpbild.oem4f (.text:dhcpBuildRequest)
                  00011d00    0000009c     stk.aem4f : exec.oem4f (.text:ExecOpen)
                  00011d9c    0000009c     rtsv7M4_T_le_v4SPD16_eabi.lib : memcpy_t2.obj (.text)
                  00011e38    0000009c     sysbios.aem4f : BIOS.obj (.text:ti_sysbios_knl_Semaphore_Instance_init__E)
                  00011ed4    0000009a     dsplib-cm4f.lib : arm_rfft_fast_f32.obj (.text:merge_rfft_f32)
                  00011f6e    00000002     --HOLE-- [fill = 0]
                  00011f70    0000009a     ti.targets.arm.rtsarm.aem4f : Text.oem4f (.text:xdc_runtime_Text_putSite__E)
                  0001200a    00000002     --HOLE-- [fill = 0]
                  0001200c    00000098     EK_TM4C1294XL.obj (.text:EK_TM4C1294XL_initGeneral)
                  000120a4    00000098     netctrl_min_ipv4.aem4f : netctrl.oem4f (.text:NC_SystemOpen)
                  0001213c    00000098                            : netsrv.oem4f (.text:ServiceScan)
                  000121d4    00000098     Boot.aem4f : Boot.oem4f (.text:ti_catalog_arm_cortexm4_tiva_ce_Boot_sysCtlClockFreqSet__E)
                  0001226c    00000094     nettool_ipv4.aem4f : config.oem4f (.text:CfgRemoveEntry)
                  00012300    00000094     sysbios.aem4f : BIOS.obj (.text:ti_sysbios_family_arm_m3_Hwi_Instance_init__E)
                  00012394    00000004     RTOS_config_pem4f.oem4f (.text:ti_sysbios_family_arm_m3_Hwi_delete)
                  00012398    00000094     sysbios.aem4f : BIOS.obj (.text:ti_sysbios_family_arm_m3_Hwi_initNVIC__E)
                  0001242c    00000090     nettool_ipv4.aem4f : config.oem4f (.text:CfgExecute)
                  000124bc    00000090     stk.aem4f : igmp.oem4f (.text:IGMPMsg)
                  0001254c    00000090     os.aem4f : mem.oem4f (.text:mmBulkAlloc)
                  000125dc    00000090     http_ndk.aem4f : httpcli.oem4f (.text:readLine)
                  0001266c    00000004     RTOS_config_pem4f.oem4f (.text:ti_sysbios_family_arm_m3_TaskSupport_Module__startupDone__S)
                  00012670    00000090     sysbios.aem4f : BIOS.obj (.text:ti_sysbios_knl_Task_Module_startup__E)
                  00012700    00000090                   : BIOS.obj (.text:ti_sysbios_utils_Load_startup__E)
                  00012790    00000090     ti.uia.loggers.aem4f : LoggerStopMode.oem4f (.text:ti_uia_loggers_LoggerStopMode_initQueueDescriptor__E)
                  00012820    0000008c     nettool_ipv4.aem4f : dnscomn.oem4f (.text:DNSResolveQuery)
                  000128ac    0000008c     drivers_tivaware.aem4f : GPIOTiva.oem4f (.text:GPIO_init)
                  00012938    0000008c     stk.aem4f : ip.oem4f (.text:IPMsg)
                  000129c4    0000008c     os.aem4f : mem.oem4f (.text:_mmInit)
                  00012a50    0000008c              : mem.oem4f (.text:mmInitPage)
                  00012adc    0000008c     sysbios.aem4f : m3_TaskSupport_asm.obj (.text:ti_sysbios_family_arm_m3_TaskSupport_buildTaskStack)
                  00012b68    0000008b     ptgm_main.obj (.text:main)
                  00012bf3    00000001     --HOLE-- [fill = 0]
                  00012bf4    0000008a     netctrl_min_ipv4.aem4f : netsrv.oem4f (.text:SPRoute)
                  00012c7e    00000002     --HOLE-- [fill = 0]
                  00012c80    00000088                            : netsrv.oem4f (.text:ServiceSpawn)
                  00012d08    00000088     stk.aem4f : sockpcb.oem4f (.text:SockPcbCtlError)
                  00012d90    00000086     nettool_ipv4.aem4f : dhcpsm.oem4f (.text:StateRequesting)
                  00012e16    00000086     rtsv7M4_T_le_v4SPD16_eabi.lib : fd_cmp_t2.obj (.text:__aeabi_cdcmple)
                  00012e9c    00000086                                   : fd_cmp_t2.obj (.text:__aeabi_cdrcmple)
                  00012f22    00000002     --HOLE-- [fill = 0]
                  00012f24    00000084     nettool_ipv4.aem4f : config.oem4f (.text:CfgGetEntry)
                  00012fa8    00000084     drivers_tivaware.aem4f : EMACSnow.oem4f (.text:EMACSnow_processPhyInterrupt)
                  0001302c    00000084     stk.aem4f : tcpprot.oem4f (.text:TcpPrAttach)
                  000130b0    00000084     dsplib-cm4f.lib : arm_rms_f32.obj (.text:arm_rms_f32)
                  00013134    00000084     os.aem4f : mem.oem4f (.text:mmBulkFree)
                  000131b8    00000084              : mem.oem4f (.text:mmFree)
                  0001323c    00000004     RTOS_config_pem4f.oem4f (.text:ti_sysbios_heaps_HeapMem_Module_GateProxy_enter__E)
                  00013240    00000084     sysbios.aem4f : BIOS.obj (.text:ti_sysbios_family_arm_m3_Hwi_postInit__I)
                  000132c4    00000084     driverlib.lib : udma.obj (.text:uDMAChannelTransferSet)
                  00013348    00000082     nettool_ipv4.aem4f : dhcpsm.oem4f (.text:StateRenewRebind)
                  000133ca    00000002     --HOLE-- [fill = 0]
                  000133cc    00000080     drivers_tivaware.aem4f : EMACSnow.oem4f (.text:EMACSnow_emacStop)
                  0001344c    00000080                            : EMACSnow.oem4f (.text:EMACSnow_processPendingTx)
                  000134cc    00000080     stk.aem4f : lli.oem4f (.text:LLINew)
                  0001354c    00000080     netctrl_min_ipv4.aem4f : netsrv.oem4f (.text:NS_BootTask)
                  000135cc    00000080     stk.aem4f : pbm.oem4f (.text:PBM_alloc)
                  0001364c    00000080               : raw.oem4f (.text:RawOutput)
                  000136cc    0000007f     RTOS_config_pem4f.oem4f (.text:ti_ndk_config_Global_NetworkIPAddr)
                  0001374b    00000001     --HOLE-- [fill = 0]
                  0001374c    0000007e     stk.aem4f : fileuser.oem4f (.text:fdClose)
                  000137ca    00000002     --HOLE-- [fill = 0]
                  000137cc    0000007c     nettool_ipv4.aem4f : config.oem4f (.text:CfgGetNextEntry)
                  00013848    0000007c     drivers_tivaware.aem4f : EMACSnow.oem4f (.text:EMACSnow_hwiIntFxn)
                  000138c4    0000007c     stk.aem4f : igmp.oem4f (.text:IGMPDoMCast)
                  00013940    0000007c               : igmp.oem4f (.text:IGMPJoin)
                  000139bc    0000007c               : socket.oem4f (.text:NDK_setsockopt)
                  00013a38    0000007c               : nimu.oem4f (.text:NIMURegister)
                  00013ab4    0000007c               : pbm.oem4f (.text:PBM_free)
                  00013b30    0000007c     nettool_ipv4.aem4f : inetaddr.oem4f (.text:inet_pton)
                  00013bac    0000007a     driverlib.lib : adc.obj (.text:ADCSequenceStepConfigure)
                  00013c26    0000007a     stk.aem4f : sock.oem4f (.text:SockAccept)
                  00013ca0    0000007a     rtsv7M4_T_le_v4SPD16_eabi.lib : memset_t2.obj (.text)
                  00013d1a    00000002     --HOLE-- [fill = 0]
                  00013d1c    00000078     driverlib.lib : emac.obj (.text:EMACInit)
                  00013d94    00000078     stk.aem4f : socket.oem4f (.text:NDK_sendto)
                  00013e0c    00000078               : tcptime.oem4f (.text:TcpXmitTimer)
                  00013e84    00000078               : fileuser.oem4f (.text:fdOpenSession)
                  00013efc    00000078     os.aem4f : task.oem4f (.text:llExit)
                  00013f74    00000078     eth_network.obj (.text:netOpenHook)
                  00013fec    00000076     stk.aem4f : pipe.oem4f (.text:PipeSend)
                  00014062    00000002     --HOLE-- [fill = 0]
                  00014064    00000075               : tcptime.oem4f (.text:TcpTimeoutSackRexmt)
                  000140d9    00000003     --HOLE-- [fill = 0]
                  000140dc    00000074               : igmp.oem4f (.text:IGMPLeaveHostGroup)
                  00014150    00000074               : nimu.oem4f (.text:NIMUShutdown)
                  000141c4    00000074               : raweth.oem4f (.text:RawEthRxPacket)
                  00014238    00000074               : sockpcb.oem4f (.text:SockPcbConnect)
                  000142ac    00000074     nettool_ipv4.aem4f : inetaddr.oem4f (.text:setAddrInfo)
                  00014320    00000074     sysbios.aem4f : BIOS.obj (.text:ti_sysbios_knl_Clock_start__E)
                  00014394    00000074     ti.uia.runtime.aem4f : QueueDescriptor.oem4f (.text:ti_uia_runtime_QueueDescriptor_addToList__E)
                  00014408    00000072     os.aem4f : semaphore.oem4f (.text:SemCreateBinary)
                  0001447a    00000002     --HOLE-- [fill = 0]
                  0001447c    00000070     http_ndk.aem4f : httpcli.oem4f (.text:HTTPCli_sendRequest)
                  000144ec    00000070     stk.aem4f : socket.oem4f (.text:NDK_accept)
                  0001455c    00000070               : socket.oem4f (.text:NDK_send)
                  000145cc    00000070               : rtable.oem4f (.text:RtFlush)
                  0001463c    00000070     netctrl_min_ipv4.aem4f : netsrv.oem4f (.text:SPConfig)
                  000146ac    00000070     stk.aem4f : sock.oem4f (.text:SockShutdown)
                  0001471c    00000070     nettool_ipv4.aem4f : dhcptags.oem4f (.text:dhcpDecodeType)
                  0001478c    0000006e     stk.aem4f : socket.oem4f (.text:NDK_recv)
                  000147fa    00000002     --HOLE-- [fill = 0]
                  000147fc    0000006e               : rtable.oem4f (.text:RtWalkNext)
                  0001486a    0000006e               : sockpcb.oem4f (.text:SockPcbFindRaw)
                  000148d8    0000006d               : node.oem4f (.text:NodeNew)
                  00014945    00000003     --HOLE-- [fill = 0]
                  00014948    0000006d     ti.targets.arm.rtsarm.aem4f : System.oem4f (.text:xdc_runtime_System_formatNum__I)
                  000149b5    00000003     --HOLE-- [fill = 0]
                  000149b8    0000006c     os.aem4f : ossys.oem4f (.text:DbgPrintf)
                  00014a24    0000006c     stk.aem4f : node.oem4f (.text:NodeTreeNew)
                  00014a90    0000006c               : raweth.oem4f (.text:RawEthTxPacket)
                  00014afc    0000006c               : udp.oem4f (.text:UdpChecksum)
                  00014b68    0000006c     dsplib-cm4f.lib : arm_offset_f32.obj (.text:arm_offset_f32)
                  00014bd4    0000006c                     : arm_scale_f32.obj (.text:arm_scale_f32)
                  00014c40    0000006c     http_ndk.aem4f : httpcli.oem4f (.text:checkContentField)
                  00014cac    00000004     RTOS_config_pem4f.oem4f (.text:ti_sysbios_heaps_HeapMem_Module_GateProxy_leave__E)
                  00014cb0    0000006c     sysbios.aem4f : BIOS.obj (.text:ti_sysbios_knl_Swi_restoreHwi__E)
                  00014d1c    00000004     RTOS_config_pem4f.oem4f (.text:ti_sysbios_knl_Clock_TimerProxy_getMaxTicks__E)
                  00014d20    0000006c     sysbios.aem4f : BIOS.obj (.text:ti_sysbios_utils_Load_taskCreateHook__E)
                  00014d8c    0000006c     ti.targets.arm.rtsarm.aem4f : Error.oem4f (.text:xdc_runtime_Error_print__E)
                  00014df8    0000006c                                 : Memory.oem4f (.text:xdc_runtime_Memory_alloc__E)
                  00014e64    0000006a     stk.aem4f : tcpprot.oem4f (.text:TcpPrInherit)
                  00014ece    00000002     --HOLE-- [fill = 0]
                  00014ed0    00000068     driverlib.lib : interrupt.obj (.text:IntEnable)
                  00014f38    00000068     stk.aem4f : socket.oem4f (.text:NDK_socket)
                  00014fa0    00000068               : pbm.oem4f (.text:PBM_open)
                  00015008    00000068               : sock.oem4f (.text:SockListen)
                  00015070    00000068     adc_sample.obj (.text:TIMER_ADC_init)
                  000150d8    00000068     stk.aem4f : rtable.oem4f (.text:_RtNodeInsert)
                  00015140    00000068     dsplib-cm4f.lib : arm_mean_f32.obj (.text:arm_mean_f32)
                  000151a8    00000068     rtsv7M4_T_le_v4SPD16_eabi.lib : copy_decompress_lzss.obj (.text:decompress:lzss)
                  00015210    00000068                                   : trgmsg.obj (.text)
                  00015278    00000068     sysbios.aem4f : BIOS.obj (.text:ti_sysbios_utils_Load_addTask__E)
                  000152e0    00000066     ti.uia.loggers.aem4f : LoggerStopMode.oem4f (.text:ti_uia_loggers_LoggerStopMode_flush__E)
                  00015346    00000066     ti.targets.arm.rtsarm.aem4f : Core-mem.oem4f (.text:xdc_runtime_Core_deleteObject__I)
                  000153ac    00000064     nettool_ipv4.aem4f : config.oem4f (.text:CfgFree)
                  00015410    00000064     drivers_tivaware.aem4f : GPIOTiva.oem4f (.text:GPIO_hwiIntFxn)
                  00015474    00000064     stk.aem4f : pbm.oem4f (.text:PBMQ_enq)
                  000154d8    00000064               : sockint.oem4f (.text:SockSpawnAbort)
                  0001553c    00000064     hal_timer_bios.aem4f : lltimer.oem4f (.text:llTimerTick)
                  000155a0    00000064     rtsv7M4_T_le_v4SPD16_eabi.lib : s_frexp.obj (.text)
                  00015604    00000004     RTOS_config_pem4f.oem4f (.text:ti_sysbios_knl_Clock_TimerProxy_getPeriod__E)
                  00015608    00000064     sysbios.aem4f : BIOS.obj (.text:ti_sysbios_family_arm_lm4_Timer_Module_startup__E)
                  0001566c    00000064     RTOS_config_pem4f.oem4f (.text:ti_sysbios_family_arm_m3_Hwi_create)
                  000156d0    00000064     stk.aem4f : lliin.oem4f (.text:updateRtTable)
                  00015734    00000062               : ipin.oem4f (.text:IPRouteIP)
                  00015796    00000002     --HOLE-- [fill = 0]
                  00015798    00000062               : sb.oem4f (.text:SBNew)
                  000157fa    00000002     --HOLE-- [fill = 0]
                  000157fc    00000060     nettool_ipv4.aem4f : config.oem4f (.text:CfgGetEntryCnt)
                  0001585c    00000060     stk.aem4f : file.oem4f (.text:FdWaitEvent)
                  000158bc    00000060               : nimu.oem4f (.text:NIMUUnregister)
                  0001591c    00000060               : node.oem4f (.text:NodeFind)
                  0001597c    00000060               : rtc.oem4f (.text:RTCMsg)
                  000159dc    00000060               : tcp.oem4f (.text:TcpChecksum)
                  00015a3c    00000060     driverlib.lib : timer.obj (.text:TimerConfigure)
                  00015a9c    00000060     nettool_ipv4.aem4f : dhcptags.oem4f (.text:dhcpBuildOptions)
                  00015afc    00000060     rtsv7M4_T_le_v4SPD16_eabi.lib : sprintf.obj (.text)
                  00015b5c    00000004     RTOS_config_pem4f.oem4f (.text:ti_sysbios_knl_Queue_destruct)
                  00015b60    00000060     sysbios.aem4f : BIOS.obj (.text:ti_sysbios_family_arm_lm4_Timer_isrStub__E)
                  00015bc0    00000060                   : BIOS.obj (.text:ti_sysbios_knl_Clock_logTick__E)
                  00015c20    00000060                   : BIOS.obj (.text:ti_sysbios_utils_Load_logCPULoad__I)
                  00015c80    00000060                   : BIOS.obj (.text:ti_sysbios_utils_Load_updateCurrentThreadTime__E)
                  00015ce0    0000005e     stk.aem4f : route.oem4f (.text:RtRemove)
                  00015d3e    0000005e     nettool_ipv4.aem4f : dhcpsm.oem4f (.text:StateSelecting)
                  00015d9c    0000005e     stk.aem4f : vlan.oem4f (.text:VLANReceivePacket)
                  00015dfa    00000002     --HOLE-- [fill = 0]
                  00015dfc    0000005c     nettool_ipv4.aem4f : config.oem4f (.text:CfgSetExecuteOrder)
                  00015e58    0000005c     stk.aem4f : nimu.oem4f (.text:NIMUIoctlSpecialCmd)
                  00015eb4    0000005c     netctrl_min_ipv4.aem4f : netsrv.oem4f (.text:SPService)
                  00015f10    0000005c     RTOS_config_pem4f.oem4f (.text:ti_sysbios_knl_Swi_create)
                  00015f6c    00000004     RTOS_config_pem4f.oem4f (.text:ti_sysbios_knl_Semaphore_delete)
                  00015f70    0000005c     sysbios.aem4f : BIOS.obj (.text:ti_sysbios_knl_Swi_schedule__I)
                  00015fcc    0000005c     RTOS_config_pem4f.oem4f (.text:ti_sysbios_knl_Task_create)
                  00016028    0000005b     ti.targets.arm.rtsarm.aem4f : Text.oem4f (.text:xdc_runtime_Text_putLab__E)
                  00016083    00000001     --HOLE-- [fill = 0]
                  00016084    0000005a     stk.aem4f : route.oem4f (.text:RtRedirect)
                  000160de    0000005a               : tcpprot.oem4f (.text:TcpValidateMetrics)
                  00016138    0000005a     nettool_ipv4.aem4f : dhcpbild.oem4f (.text:dhcpBuildDecline)
                  00016192    0000005a     os.aem4f : mem.oem4f (.text:mmCopy)
                  000161ec    0000005a     RTOS_config_pem4f.oem4f (.text:ti_ndk_config_tcp_init)
                  00016246    00000002     --HOLE-- [fill = 0]
                  00016248    00000058     stk.aem4f : bind.oem4f (.text:BindFree)
                  000162a0    00000058     boot.aem4f : boot.oem4f (.text)
                  000162f8    00000058     driverlib.lib : emac.obj (.text:EMACPHYConfigSet)
                  00016350    00000058     stk.aem4f : igmp.oem4f (.text:IGMPTimer)
                  000163a8    00000058     os.aem4f : semaphore.oem4f (.text:SemCreate)
                  00016400    00000058     driverlib.lib : timer.obj (.text:TimerControlTrigger)
                  00016458    00000058     sysbios.aem4f : m3_Hwi_asm_switch.obj (.text:ti_sysbios_family_arm_m3_Hwi_initStacks__E)
                  000164b0    00000056     driverlib.lib : gpio.obj (.text:GPIOIntTypeSet)
                  00016506    00000056     http_ndk.aem4f : httpcli.oem4f (.text:sprsend)
                  0001655c    00000054     nettool_ipv4.aem4f : config.oem4f (.text:CfgEntryDeRef)
                  000165b0    00000054     http_ndk.aem4f : httpcli.oem4f (.text:HTTPCli_sendField)
                  00016604    00000054     stk.aem4f : igmp.oem4f (.text:IGMPLeave)
                  00016658    00000054               : rawethsock_pcb.oem4f (.text:RawEthSockPcbAttach)
                  000166ac    00000054               : sockpcb.oem4f (.text:SockCleanPcb)
                  00016700    00000054               : tcptime.oem4f (.text:TcpTimeoutPersist)
                  00016754    00000054     http_ndk.aem4f : httpcli.oem4f (.text:asyncThread)
                  000167a8    00000054     rtsv7M4_T_le_v4SPD16_eabi.lib : exit.obj (.text)
                  000167fc    00000054                                   : ltoa.obj (.text)
                  00016850    00000054     sysbios.aem4f : BIOS.obj (.text:ti_sysbios_knl_Swi_Instance_finalize__E)
                  000168a4    00000004     RTOS_config_pem4f.oem4f (.text:ti_sysbios_knl_Semaphore_destruct)
                  000168a8    00000054     sysbios.aem4f : BIOS.obj (.text:ti_sysbios_utils_Load_taskSwitchHook__E)
                  000168fc    00000054     ti.targets.arm.rtsarm.aem4f : Assert.oem4f (.text:xdc_runtime_Assert_raise__I)
                  00016950    00000052     nettool_ipv4.aem4f : dnscomn.oem4f (.text:DNSReplyFree)
                  000169a2    00000052     stk.aem4f : tcpprot.oem4f (.text:TcpPrDetach)
                  000169f4    00000050     drivers_tivaware.aem4f : GPIOTiva.oem4f (.text:GPIO_setCallback)
                  00016a44    00000050                            : GPIOTiva.oem4f (.text:GPIO_toggle)
                  00016a94    00000050                            : GPIOTiva.oem4f (.text:GPIO_write)
                  00016ae4    00000050     stk.aem4f : socket.oem4f (.text:NDK_bind)
                  00016b34    00000050               : socket.oem4f (.text:NDK_connect)
                  00016b84    00000050               : route.oem4f (.text:RtNew)
                  00016bd4    00000050     driverlib.lib : sysctl.obj (.text:SysCtlPeripheralReset)
                  00016c24    00000050     Boot.aem4f : Boot_sysctl.oem4f (.text:_SysCtlFrequencyGet)
                  00016c74    00000004     RTOS_config_pem4f.oem4f (.text:ti_sysbios_knl_Swi_delete)
                  00016c78    00000050     sysbios.aem4f : BIOS.obj (.text:ti_sysbios_family_arm_m3_Hwi_Module_startup__E)
                  00016cc8    00000050     ti.targets.arm.rtsarm.aem4f : Startup.oem4f (.text:xdc_runtime_Startup_exec__E)
                  00016d18    00000050                                 : Text.oem4f (.text:xdc_runtime_Text_visitRope2__I)
                  00016d68    0000004e     stk.aem4f : node.oem4f (.text:NodeDeRef)
                  00016db6    0000004e     nettool_ipv4.aem4f : config.oem4f (.text:_CfgEntryScan)
                  00016e04    0000004c                        : ipaddr.oem4f (.text:NtAddNetwork)
                  00016e50    0000004c     stk.aem4f : sockint.oem4f (.text:SockValidateRoute)
                  00016e9c    0000004c     rtsv7M4_T_le_v4SPD16_eabi.lib : atoi.obj (.text)
                  00016ee8    0000004c                                   : cpy_tbl.obj (.text)
                  00016f34    00000004     RTOS_config_pem4f.oem4f (.text:ti_sysbios_knl_Task_delete)
                  00016f38    0000004c     sysbios.aem4f : BIOS.obj (.text:ti_sysbios_heaps_HeapMem_getStats__E)
                  00016f84    00000004     ti.uia.loggers.aem4f : LoggerStopMode.oem4f (.text:ti_uia_loggers_LoggerStopMode_getContents__E)
                  00016f88    0000004c     sysbios.aem4f : BIOS.obj (.text:ti_sysbios_knl_Swi_runLoop__I)
                  00016fd4    00000004     RTOS_config_pem4f.oem4f (.text:ti_uia_loggers_LoggerStopMode_getFilterLevel__E)
                  00016fd8    0000004c     sysbios.aem4f : BIOS.obj (.text:ti_sysbios_knl_Task_allBlockedFunction__I)
                  00017024    0000004c     ti.uia.loggers.aem4f : LoggerStopMode.oem4f (.text:ti_uia_loggers_LoggerStopMode_Module_startup__E)
                  00017070    0000004a     netctrl_min_ipv4.aem4f : netsrv.oem4f (.text:ServiceKill)
                  000170ba    0000004a     stk.aem4f : sock.oem4f (.text:SockDisconnect)
                  00017104    0000004a               : timer.oem4f (.text:TimerNew)
                  0001714e    00000048     nettool_ipv4.aem4f : config.oem4f (.text:CfgNew)
                  00017196    00000002     --HOLE-- [fill = 0]
                  00017198    00000048     driverlib.lib : gpio.obj (.text:GPIOPinConfigure)
                  000171e0    00000048     stk.aem4f : lli.oem4f (.text:LLIMsg)
                  00017228    00000048               : node.oem4f (.text:NodeWalk)
                  00017270    00000048               : rawethsock_pcb.oem4f (.text:RawEthSockPcbDetach)
                  000172b8    00000048               : sockpcb.oem4f (.text:SockPcbResolveChain)
                  00017300    00000048               : tcpprot.oem4f (.text:TcpDrop)
                  00017348    00000048               : lli.oem4f (.text:_LLIExpListInsert)
                  00017390    00000048               : rtable.oem4f (.text:_RtExpListInsert)
                  000173d8    00000048     driverlib.lib : sysctl.obj (.text:_SysCtlFrequencyGet)
                  00017420    00000048     dsplib-cm4f.lib : arm_copy_f32.obj (.text:arm_copy_f32)
                  00017468    00000048     stk.aem4f : file.oem4f (.text:fdint_lockfd)
                  000174b0    00000048     rtsv7M4_T_le_v4SPD16_eabi.lib : fd_toi_t2.obj (.text)
                  000174f8    00000048     sysbios.aem4f : BIOS.obj (.text:ti_sysbios_family_arm_m3_Hwi_disableInterrupt__E)
                  00017540    00000048                   : BIOS.obj (.text:ti_sysbios_family_arm_m3_Hwi_enableInterrupt__E)
                  00017588    00000048                   : BIOS.obj (.text:ti_sysbios_family_arm_m3_Hwi_excReserved__I)
                  000175d0    00000048                   : BIOS.obj (.text:ti_sysbios_knl_Task_deleteTerminatedTasksFunc__I)
                  00017618    00000048                   : BIOS.obj (.text:ti_sysbios_utils_Load_taskDeleteHook__E)
                  00017660    00000048     driverlib.lib : udma.obj (.text:uDMAChannelAttributeDisable)
                  000176a8    00000048                   : udma.obj (.text:uDMAChannelAttributeEnable)
                  000176f0    00000046     nettool_ipv4.aem4f : ipaddr.oem4f (.text:NtIfIdx2Ip)
                  00017736    00000046     stk.aem4f : rawethsock.oem4f (.text:RawEthSockSend)
                  0001777c    00000046               : tcpprot.oem4f (.text:TcpPrCtlError)
                  000177c2    00000046     os.aem4f : mem.oem4f (.text:mmZeroInit)
                  00017808    00000046     ti.targets.arm.rtsarm.aem4f : Core-params.oem4f (.text:xdc_runtime_Core_assignParams__I)
                  0001784e    00000002     --HOLE-- [fill = 0]
                  00017850    00000044     drivers_tivaware.aem4f : EMACSnow.oem4f (.text:EMACSnow_processTransmitted)
                  00017894    00000044     stk.aem4f : icmp.oem4f (.text:ICMPChecksum)
                  000178d8    00000044               : ipfrag.oem4f (.text:IPReasmFree)
                  0001791c    00000044               : lli.oem4f (.text:LLIGetValidTime)
                  00017960    00000044               : rtable.oem4f (.text:RouteMsg)
                  000179a4    00000044               : rtable.oem4f (.text:RtWalkEnd)
                  000179e8    00000044               : sockpcb.oem4f (.text:SockPcbDetach)
                  00017a2c    00000044               : timer.oem4f (.text:TimerListInsert)
                  00017a70    00000044     hal_timer_bios.aem4f : lltimer.oem4f (.text:llTimerGetTime)
                  00017ab4    00000004     ti.uia.loggers.aem4f : LoggerStopMode.oem4f (.text:ti_uia_loggers_LoggerStopMode_getInstanceId__E)
                  00017ab8    00000044     sysbios.aem4f : BIOS.obj (.text:ti_sysbios_family_arm_lm4_Timer_stop__E)
                  00017afc    00000004     ti.uia.loggers.aem4f : LoggerStopMode.oem4f (.text:ti_uia_loggers_LoggerStopMode_getMaxLength__E)
                  00017b00    00000044     sysbios.aem4f : BIOS.obj (.text:ti_sysbios_family_arm_m3_Hwi_getStackInfo__E)
                  00017b44    00000004     ti.uia.loggers.aem4f : LoggerStopMode.oem4f (.text:ti_uia_loggers_LoggerStopMode_getPriority__E)
                  00017b48    00000044     sysbios.aem4f : BIOS.obj (.text:ti_sysbios_utils_Load_removeTask__E)
                  00017b8c    00000044     ti.uia.loggers.aem4f : LoggerStopMode.oem4f (.text:ti_uia_loggers_LoggerStopMode_initBuffer__I)
                  00017bd0    00000044     ti.targets.arm.rtsarm.aem4f : Error.oem4f (.text:xdc_runtime_Error_setX__E)
                  00017c14    00000044                                 : SysMin.oem4f (.text:xdc_runtime_SysMin_flush__E)
                  00017c58    00000044                                 : Text.oem4f (.text:xdc_runtime_Text_xprintf__I)
                  00017c9c    00000042     stk.aem4f : socket.oem4f (.text:NDK_listen)
                  00017cde    00000042               : tcpprot.oem4f (.text:TcpPrSendOOB)
                  00017d20    00000042               : fileuser.oem4f (.text:fdCloseSession)
                  00017d62    00000040     nettool_ipv4.aem4f : dnspkt.oem4f (.text:DNSBuildRequest)
                  00017da2    00000002     --HOLE-- [fill = 0]
                  00017da4    00000040     driverlib.lib : eeprom.obj (.text:EEPROMInit)
                  00017de4    00000040     http_ndk.aem4f : httpcli.oem4f (.text:HTTPCli_readResponseBody)
                  00017e24    00000040     stk.aem4f : lliin.oem4f (.text:LLIValidateRoute)
                  00017e64    00000040               : pbm.oem4f (.text:PBM_copy)
                  00017ea4    00000040               : sockpcb.oem4f (.text:SockPcbRtChange)
                  00017ee4    00000040               : tcpprot.oem4f (.text:TcpPrSend)
                  00017f24    00000040     rtsv7M4_T_le_v4SPD16_eabi.lib : u_divt2.obj (.text)
                  00017f64    00000040     http_ndk.aem4f : httpcli.oem4f (.text:threadCreate)
                  00017fa4    00000004     ti.uia.loggers.aem4f : LoggerStopMode.oem4f (.text:ti_uia_loggers_LoggerStopMode_getTransferType__E)
                  00017fa8    00000040     sysbios.aem4f : BIOS.obj (.text:ti_sysbios_family_arm_lm4_Timer_startup__E)
                  00017fe8    0000003e     driverlib.lib : adc.obj (.text:ADCSequenceConfigure)
                  00018026    0000003e     nettool_ipv4.aem4f : dhcpmain.oem4f (.text:DHCPClose)
                  00018064    0000003e     stk.aem4f : nimu.oem4f (.text:NIMUAllocateName)
                  000180a2    0000003e     os.aem4f : task.oem4f (.text:TaskCreate)
                  000180e0    0000003e     stk.aem4f : tcpprot.oem4f (.text:TcpPrDisconnect)
                  0001811e    0000003e     dsplib-cm4f.lib : arm_rfft_fast_f32.obj (.text:arm_rfft_fast_f32)
                  0001815c    0000003e     stk.aem4f : file.oem4f (.text:fdint_unlockfd)
                  0001819a    0000003c     nettool_ipv4.aem4f : config.oem4f (.text:CfgEntryGetData)
                  000181d6    0000003c     driverlib.lib : emac.obj (.text:EMACIntDisable)
                  00018212    0000003c     stk.aem4f : node.oem4f (.text:NodeUpdatePL)
                  0001824e    00000002     --HOLE-- [fill = 0]
                  00018250    0000003c               : rtable.oem4f (.text:RtWalkBegin)
                  0001828c    0000003c               : tcpprot.oem4f (.text:TcpPrConnect)
                  000182c8    0000003c               : tcptime.oem4f (.text:TcpSetPersist)
                  00018304    0000003c               : rtc.oem4f (.text:_RTCSendRtAdv)
                  00018340    0000003c               : rtable.oem4f (.text:_RtNodeRemove)
                  0001837c    0000003c     hal_timer_bios.aem4f : lltimer.oem4f (.text:_llTimerInit)
                  000183b8    0000003c     rtsv7M4_T_le_v4SPD16_eabi.lib : strncasecmp.obj (.text)
                  000183f4    00000004     ti.targets.arm.rtsarm.aem4f : Error.oem4f (.text:xdc_runtime_Error_getMsg__E)
                  000183f8    0000003c     sysbios.aem4f : BIOS.obj (.text:ti_sysbios_family_arm_m3_Hwi_excSvCall__I)
                  00018434    00000004     ti.targets.arm.rtsarm.aem4f : Error.oem4f (.text:xdc_runtime_Error_getSite__E)
                  00018438    0000003c     sysbios.aem4f : BIOS.obj (.text:ti_sysbios_heaps_HeapMem_init__I)
                  00018474    00000004     RTOS_config_pem4f.oem4f (.text:xdc_runtime_System_Module_GateProxy_enter__E)
                  00018478    0000003c     sysbios.aem4f : BIOS.obj (.text:ti_sysbios_knl_Swi_startup__E)
                  000184b4    0000003a     driverlib.lib : emac.obj (.text:EMACIntEnable)
                  000184ee    00000002     --HOLE-- [fill = 0]
                  000184f0    00000038                   : emac.obj (.text:EMACConfigGet)
                  00018528    00000038     stk.aem4f : ipfrag.oem4f (.text:IPReasmTimeout)
                  00018560    00000038               : node.oem4f (.text:NodeGetRt)
                  00018598    00000038     driverlib.lib : sysctl.obj (.text:SysCtlPeripheralReady)
                  000185d0    00000038     stk.aem4f : tcpprot.oem4f (.text:TcpClose)
                  00018608    00000038               : timer.oem4f (.text:TimerHSTick)
                  00018640    00000038     nettool_ipv4.aem4f : dhcpbild.oem4f (.text:dhcpBuildDiscover)
                  00018678    00000038                        : dhcptags.oem4f (.text:dhcpOptionsClear)
                  000186b0    00000038     stk.aem4f : file.oem4f (.text:fdint_waitevent)
                  000186e8    00000038     sysbios.aem4f : BIOS.obj (.text:ti_sysbios_family_arm_m3_Hwi_excNoIsr__I)
                  00018720    00000038     RTOS_config_pem4f.oem4f (.text:ti_sysbios_knl_Clock_create)
                  00018758    00000038     sysbios.aem4f : BIOS.obj (.text:ti_sysbios_knl_Task_processVitalTaskFlag__I)
                  00018790    00000038     ti.targets.arm.rtsarm.aem4f : SysMin.oem4f (.text:xdc_runtime_SysMin_putch__E)
                  000187c8    00000038                                 : System.oem4f (.text:xdc_runtime_System_atexit__E)
                  00018800    00000036     stk.aem4f : ip.oem4f (.text:IPChecksum)
                  00018836    00000036     network_ndk.aem4f : ssock.oem4f (.text:Ssock_recv)
                  0001886c    00000036     rtsv7M4_T_le_v4SPD16_eabi.lib : strncpy.obj (.text)
                  000188a2    00000002     --HOLE-- [fill = 0]
                  000188a4    00000034     nettool_ipv4.aem4f : config.oem4f (.text:CfgSetService)
                  000188d8    00000034     driverlib.lib : eeprom.obj (.text:EEPROMRead)
                  0001890c    00000034                   : emac.obj (.text:EMACConfigSet)
                  00018940    00000034                   : emac.obj (.text:EMACIntClear)
                  00018974    00000034     drivers_tivaware.aem4f : EMACSnow.oem4f (.text:EMACSnow_emacPoll)
                  000189a8    00000034                            : EMACSnow.oem4f (.text:EMACSnow_isLinkUp)
                  000189dc    00000034                            : EMAC.oem4f (.text:EMAC_init)
                  00018a10    00000034     stk.aem4f : exec.oem4f (.text:ExecClose)
                  00018a44    00000034               : nimu.oem4f (.text:NIMUFindByName)
                  00018a78    00000034               : nimu.oem4f (.text:NIMUInit)
                  00018aac    00000034               : rawethsock.oem4f (.text:RawEthSockNotify)
                  00018ae0    00000034               : sockprot.oem4f (.text:SockPrCtlError)
                  00018b14    00000034     driverlib.lib : sysctl.obj (.text:SysCtlPeripheralEnable)
                  00018b48    00000034     os.aem4f : mem.oem4f (.text:mmUnInitPage)
                  00018b7c    00000034              : ossys.oem4f (.text:stricmp)
                  00018bb0    00000034     sysbios.aem4f : BIOS.obj (.text:ti_sysbios_family_arm_m3_Hwi_Instance_finalize__E)
                  00018be4    00000004     RTOS_config_pem4f.oem4f (.text:xdc_runtime_System_Module_GateProxy_leave__E)
                  00018be8    00000034     sysbios.aem4f : BIOS.obj (.text:ti_sysbios_family_arm_m3_Hwi_excNmi__I)
                  00018c1c    00000004     ti.targets.arm.rtsarm.aem4f : System.oem4f (.text:xdc_runtime_System_aprintf_va__F)
                  00018c20    00000034     sysbios.aem4f : BIOS.obj (.text:ti_sysbios_hal_Hwi_checkStack)
                  00018c54    00000034     RTOS_config_pem4f.oem4f (.text:ti_sysbios_knl_Semaphore_create)
                  00018c88    00000034     ti.uia.loggers.aem4f : LoggerStopMode.oem4f (.text:ti_uia_loggers_LoggerStopMode_reset__E)
                  00018cbc    00000034     ti.targets.arm.rtsarm.aem4f : Core-label.oem4f (.text:xdc_runtime_Core_assignLabel__I)
                  00018cf0    00000033                                 : Text.oem4f (.text:xdc_runtime_Text_printVisFxn__I)
                  00018d23    00000001     --HOLE-- [fill = 0]
                  00018d24    00000032     nettool_ipv4.aem4f : config.oem4f (.text:CfgGetImmediate)
                  00018d56    00000032     stk.aem4f : route.oem4f (.text:RtDeRef)
                  00018d88    00000032               : route.oem4f (.text:RtSetFailure)
                  00018dba    00000032               : sb.oem4f (.text:SBFlush)
                  00018dec    00000032               : sb.oem4f (.text:SBSetMax)
                  00018e1e    00000032               : sock.oem4f (.text:SockIntAbort)
                  00018e50    00000032     nettool_ipv4.aem4f : config.oem4f (.text:_CfgAcquire)
                  00018e82    00000032                        : dhcpsm.oem4f (.text:dhcpIPRemove)
                  00018eb4    00000004     ti.targets.arm.rtsarm.aem4f : System.oem4f (.text:xdc_runtime_System_printf_va__F)
                  00018eb8    00000032     sysbios.aem4f : BIOS.obj (.text:ti_sysbios_hal_Hwi_initStack)
                  00018eea    00000006     driverlib.lib : gpio.obj (.text:GPIOIntClear)
                  00018ef0    00000032     sysbios.aem4f : BIOS.obj (.text:ti_sysbios_knl_Semaphore_pendTimeout__I)
                  00018f22    00000002     --HOLE-- [fill = 0]
                  00018f24    00000031     eth_network.obj (.text:printError)
                  00018f55    00000001     --HOLE-- [fill = 0]
                  00018f56    00000030     driverlib.lib : emac.obj (.text:EMACAddrSet)
                  00018f86    00000002     --HOLE-- [fill = 0]
                  00018f88    00000030     drivers_tivaware.aem4f : EMACSnow.oem4f (.text:EMACSnow_handlePackets)
                  00018fb8    00000030     netctrl_min_ipv4.aem4f : netsrv.oem4f (.text:NS_PreBoot)
                  00018fe8    00000030     stk.aem4f : sock.oem4f (.text:SockBind)
                  00019018    00000030               : sock.oem4f (.text:SockGetName)
                  00019048    00000030     nettool_ipv4.aem4f : dhcpsock.oem4f (.text:dhcpPacketSend)
                  00019078    00000030     stk.aem4f : listlib.oem4f (.text:list_remove_node)
                  000190a8    00000030     http_ndk.aem4f : httpcli.oem4f (.text:skipLine)
                  000190d8    00000030     RTOS_config_pem4f.oem4f (.text:ti_sysbios_BIOS_atExitFunc__I)
                  00019108    00000030     sysbios.aem4f : BIOS.obj (.text:ti_sysbios_family_arm_m3_TaskSupport_start__E)
                  00019138    00000030     RTOS_config_pem4f.oem4f (.text:ti_sysbios_gates_GateHwi_Object__create__S)
                  00019168    00000030     RTOS_config_pem4f.oem4f (.text:ti_sysbios_gates_GateMutex_Object__create__S)
                  00019198    00000030     RTOS_config_pem4f.oem4f (.text:ti_sysbios_heaps_HeapMem_Object__create__S)
                  000191c8    00000030     RTOS_config_pem4f.oem4f (.text:ti_sysbios_knl_Semaphore_construct)
                  000191f8    00000030     RTOS_config_pem4f.oem4f (.text:ti_uia_loggers_LoggerStopMode_Object__create__S)
                  00019228    00000030     ti.targets.arm.rtsarm.aem4f : SysMin.oem4f (.text:xdc_runtime_SysMin_abort__E)
                  00019258    00000030                                 : System.oem4f (.text:xdc_runtime_System_processAtExit__E)
                  00019288    0000002e     stk.aem4f : sb.oem4f (.text:SBFree)
                  000192b6    0000002e     RTOS_config_pem4f.oem4f (.text:malloc)
                  000192e4    0000002e     rtsv7M4_T_le_v4SPD16_eabi.lib : i_tofd_t2.obj (.text)
                  00019312    0000002e                                   : strcasecmp.obj (.text)
                  00019340    0000002c     driverlib.lib : emac.obj (.text:EMACIntStatus)
                  0001936c    0000002c     stk.aem4f : file.oem4f (.text:FdSignalEvent)
                  00019398    0000002c               : igmp.oem4f (.text:IGMPTestGroup)
                  000193c4    0000002c     os.aem4f : task.oem4f (.text:NDK_hookCreate)
                  000193f0    0000002c     stk.aem4f : nimu.oem4f (.text:NIMUAllocateIndex)
                  0001941c    0000002c               : nimu.oem4f (.text:NIMUPacketServiceCheck)
                  00019448    0000002c               : pipe.oem4f (.text:PipeClose)
                  00019474    0000002c               : sockpcb.oem4f (.text:SockPcbAttach)
                  000194a0    0000002c               : lli.oem4f (.text:_LLIExpListRemove)
                  000194cc    0000002c               : lli.oem4f (.text:_LLITimeoutFlush)
                  000194f8    0000002c               : rtable.oem4f (.text:_RtExpListRemove)
                  00019524    0000002c     http_ndk.aem4f : httpcli.oem4f (.text:lookUpResponseFields)
                  00019550    0000002c     rtsv7M4_T_le_v4SPD16_eabi.lib : strncmp.obj (.text)
                  0001957c    0000002c     RTOS_config_pem4f.oem4f (.text:ti_sysbios_knl_Clock_doTick__I)
                  000195a8    0000002c     RTOS_config_pem4f.oem4f (.text:ti_sysbios_knl_Queue_construct)
                  000195d4    00000004     --HOLE-- [fill = 0]
                  000195d8    0000002c     sysbios.aem4f : BIOS.obj (.text:ti_sysbios_knl_Task_restore__E)
                  00019604    0000002c     driverlib.lib : udma.obj (.text:uDMAChannelAssign)
                  00019630    0000002c     ti.targets.arm.rtsarm.aem4f : Text.oem4f (.text:xdc_runtime_Text_cordText__E)
                  0001965c    0000002a     driverlib.lib : gpio.obj (.text:GPIODirModeSet)
                  00019686    0000002a     stk.aem4f : pbm.oem4f (.text:PBMQ_deq)
                  000196b0    0000002a     netctrl_min_ipv4.aem4f : netsrv.oem4f (.text:ServiceCallback)
                  000196da    0000002a     nettool_ipv4.aem4f : config.oem4f (.text:_CfgRelease)
                  00019704    0000002a                        : inetaddr.oem4f (.text:mergeLists)
                  0001972e    0000002a     ti.targets.arm.rtsarm.aem4f : System.oem4f (.text:xdc_runtime_System_putchar__I)
                  00019758    00000028     stk.aem4f : bind.oem4f (.text:BindFindByNet)
                  00019780    00000028               : lli.oem4f (.text:LLIFree)
                  000197a8    00000028     netctrl_min_ipv4.aem4f : netctrl.oem4f (.text:NC_SystemClose)
                  000197d0    00000028     stk.aem4f : nimu.oem4f (.text:NIMUCreatePacket)
                  000197f8    00000028               : nimu.oem4f (.text:NIMUPacketService)
                  00019820    00000028               : tcpin.oem4f (.text:TcpEnterTimeWait)
                  00019848    00000028               : timer.oem4f (.text:TimerListRemove)
                  00019870    00000028               : vlan.oem4f (.text:VLANFindSourceInterface)
                  00019898    00000028               : vlan.oem4f (.text:VLANInit)
                  000198c0    00000028     nettool_ipv4.aem4f : dhcpsock.oem4f (.text:dhcpPacketReceive)
                  000198e8    00000028     rtsv7M4_T_le_v4SPD16_eabi.lib : e_sqrtf.obj (.text)
                  00019910    00000028     drivers_tivaware.aem4f : EMACSnow.oem4f (.text:signalLinkChange)
                  00019938    00000028     RTOS_config_pem4f.oem4f (.text:ti_sysbios_BIOS_startFunc__I)
                  00019960    00000028     sysbios.aem4f : BIOS.obj (.text:ti_sysbios_knl_Swi_Module_startup__E)
                  00019988    00000028     driverlib.lib : udma.obj (.text:uDMAChannelModeGet)
                  000199b0    00000026     nettool_ipv4.aem4f : config.oem4f (.text:CfgEntryInfo)
                  000199d6    00000026     driverlib.lib : emac.obj (.text:EMACPHYRead)
                  000199fc    00000026                   : emac.obj (.text:EMACPHYWrite)
                  00019a22    00000026     stk.aem4f : rawethsock.oem4f (.text:RawEthSockClose)
                  00019a48    00000026     RTOS_config_pem4f.oem4f (.text:ti_ndk_config_udp_init)
                  00019a6e    00000026     sysbios.aem4f : m3_Hwi_asm.obj (.text:ti_sysbios_family_arm_m3_Hwi_pendSV__I)
                  00019a94    00000026     ti.targets.arm.rtsarm.aem4f : System.oem4f (.text:xdc_runtime_System_avprintf__E)
                  00019aba    00000002     --HOLE-- [fill = 0]
                  00019abc    00000024     stk.aem4f : bind.oem4f (.text:BindFindByHost)
                  00019ae0    00000024               : bind.oem4f (.text:BindGetIFByDBCast)
                  00019b04    00000024     drivers_tivaware.aem4f : EMACSnow.oem4f (.text:EMACSnow_pkt_service)
                  00019b28    00000024                            : EMACSnow.oem4f (.text:EMACSnow_primeRx)
                  00019b4c    00000024     stk.aem4f : exec.oem4f (.text:ExecTimer)
                  00019b70    00000024     http_ndk.aem4f : httpcli.oem4f (.text:HTTPCli_disconnect)
                  00019b94    00000024     stk.aem4f : nimu.oem4f (.text:NIMUFindByIndex)
                  00019bb8    00000024               : rtc.oem4f (.text:RTCAddHook)
                  00019bdc    00000024               : rawethsock_pcb.oem4f (.text:RawEthSockPcbFind)
                  00019c00    00000024               : route.oem4f (.text:RtFree)
                  00019c24    00000024               : route.oem4f (.text:RtSetTimeout)
                  00019c48    00000024               : sockpcb.oem4f (.text:SockPcbCleanup)
                  00019c6c    00000024               : tcpprot.oem4f (.text:TcpPrListen)
                  00019c90    00000024               : tcptime.oem4f (.text:TcpTimeoutWait2)
                  00019cb4    00000024     nettool_ipv4.aem4f : config.oem4f (.text:_CfgEntryProcess)
                  00019cd8    00000024     http_ndk.aem4f : httpcli.oem4f (.text:getRequestFieldValue)
                  00019cfc    00000024     RTOS_config_pem4f.oem4f (.text:ti_sysbios_BIOS_registerRTSLock__I)
                  00019d20    00000024     RTOS_config_pem4f.oem4f (.text:ti_sysbios_BIOS_removeRTSLock__I)
                  00019d44    00000004     --HOLE-- [fill = 0]
                  00019d48    00000024     sysbios.aem4f : BIOS.obj (.text:ti_sysbios_family_arm_m3_Hwi_doTaskRestore__I)
                  00019d6c    00000024     RTOS_config_pem4f.oem4f (.text:ti_sysbios_gates_GateMutex_Object__delete__S)
                  00019d90    00000024     sysbios.aem4f : BIOS.obj (.text:ti_sysbios_knl_Clock_Module_startup__E)
                  00019db4    00000024     RTOS_config_pem4f.oem4f (.text:ti_sysbios_knl_Semaphore_Object__delete__S)
                  00019dd8    00000024     driverlib.lib : udma.obj (.text:uDMAChannelControlSet)
                  00019dfc    00000024     ti.targets.arm.rtsarm.aem4f : System.oem4f (.text:xdc_runtime_System_vprintf__E)
                  00019e20    00000022     nettool_ipv4.aem4f : config.oem4f (.text:CfgEntryRef)
                  00019e42    00000022     stk.aem4f : vlan.oem4f (.text:VLANFindNode)
                  00019e64    00000004     --HOLE-- [fill = 0]
                  00019e68    00000022     sysbios.aem4f : BIOS.obj (.text:ti_sysbios_family_arm_lm4_Timer_write__I)
                  00019e8a    00000022     RTOS_config_pem4f.oem4f (.text:xdc_runtime_SysMin_output__I)
                  00019eac    00000020     netctrl_min_ipv4.aem4f : netctrl.oem4f (.text:NC_BootComplete)
                  00019ecc    00000020     stk.aem4f : nimu.oem4f (.text:NIMUGetNumOfObject)
                  00019eec    00000020               : rtc.oem4f (.text:RTCRemoveHook)
                  00019f0c    00000020               : tcp.oem4f (.text:TcpTimeoutRemove)
                  00019f2c    00000020     Boot.aem4f : Boot_sysctl.oem4f (.text:_SysCtlMemTimingGet)
                  00019f4c    00000020     RTOS_config_pem4f.oem4f (.text:ti_sysbios_BIOS_rtsLock__I)
                  00019f6c    00000020     RTOS_config_pem4f.oem4f (.text:ti_sysbios_family_arm_m3_Hwi_Object__delete__S)
                  00019f8c    00000020     sysbios.aem4f : m3_Hwi_asm.obj (.text:ti_sysbios_family_arm_m3_Hwi_excHandlerAsm__I)
                  00019fac    00000004     --HOLE-- [fill = 0]
                  00019fb0    00000020                   : BIOS.obj (.text:ti_sysbios_family_arm_m3_Hwi_excHandler__I)
                  00019fd0    00000020     RTOS_config_pem4f.oem4f (.text:ti_sysbios_gates_GateHwi_Object__delete__S)
                  00019ff0    00000020     RTOS_config_pem4f.oem4f (.text:ti_sysbios_heaps_HeapMem_Object__delete__S)
                  0001a010    00000020     sysbios.aem4f : BIOS.obj (.text:ti_sysbios_knl_Idle_run__E)
                  0001a030    00000020     RTOS_config_pem4f.oem4f (.text:ti_sysbios_knl_Semaphore_Object__destruct__S)
                  0001a050    00000020     RTOS_config_pem4f.oem4f (.text:ti_sysbios_knl_Swi_Object__delete__S)
                  0001a070    00000020     RTOS_config_pem4f.oem4f (.text:ti_sysbios_knl_Task_Object__delete__S)
                  0001a090    00000020     RTOS_config_pem4f.oem4f (.text:ti_uia_loggers_LoggerStopMode_Object__delete__S)
                  0001a0b0    00000020     ti.targets.arm.rtsarm.aem4f : Registry.oem4f (.text:xdc_runtime_Registry_findById__E)
                  0001a0d0    00000020                                 : SysMin.oem4f (.text:xdc_runtime_SysMin_Module_startup__E)
                  0001a0f0    0000001e     stk.aem4f : fileuser.oem4f (.text:fdError)
                  0001a10e    0000001e               : listlib.oem4f (.text:list_remove)
                  0001a12c    0000001e     rtsv7M4_T_le_v4SPD16_eabi.lib : strcat.obj (.text)
                  0001a14a    0000001e     RTOS_config_pem4f.oem4f (.text:ti_sysbios_BIOS_errorRaiseHook__I)
                  0001a168    0000001e     sysbios.aem4f : m3_Hwi_asm_switch.obj (.text:ti_sysbios_family_xxx_Hwi_switchAndRunFunc)
                  0001a186    00000002     --HOLE-- [fill = 0]
                  0001a188    0000001c     stk.aem4f : bind.oem4f (.text:BindFindByIF)
                  0001a1a4    0000001c               : exec.oem4f (.text:ExecBroadcast)
                  0001a1c0    0000001c     os.aem4f : ossys.oem4f (.text:NDK_sprintf)
                  0001a1dc    0000001c     stk.aem4f : nimu.oem4f (.text:NIMUAddHeader)
                  0001a1f8    0000001c               : sockprot.oem4f (.text:SockPrDetach)
                  0001a214    0000001c     network_ndk.aem4f : ssock.oem4f (.text:Ssock_destruct)
                  0001a230    0000001c     os.aem4f : task.oem4f (.text:TaskDestroy)
                  0001a24c    0000001c     driverlib.lib : sysctl.obj (.text:_SysCtlMemTimingGet)
                  0001a268    0000001c     drivers_tivaware.aem4f : GPIOTiva.oem4f (.text:getGpioIntIndex)
                  0001a284    0000001c     rtsv7M4_T_le_v4SPD16_eabi.lib : memccpy.obj (.text)
                  0001a2a0    0000001c     RTOS_config_pem4f.oem4f (.text:ti_ndk_config_global_taskCreateHook)
                  0001a2bc    00000004     --HOLE-- [fill = 0]
                  0001a2c0    0000001c     sysbios.aem4f : BIOS.obj (.text:ti_sysbios_gates_GateMutex_Instance_init__E)
                  0001a2dc    0000001c     RTOS_config_pem4f.oem4f (.text:ti_sysbios_knl_Queue_Object__destruct__S)
                  0001a2f8    0000001c     sysbios.aem4f : BIOS.obj (.text:ti_sysbios_knl_Task_enter__I)
                  0001a314    0000001c     ti.uia.loggers.aem4f : LoggerStopMode.oem4f (.text:ti_uia_loggers_LoggerStopMode_Instance_init__E)
                  0001a330    0000001c     ti.targets.arm.rtsarm.aem4f : Error.oem4f (.text:xdc_runtime_Error_raiseX__E)
                  0001a34c    0000001c                                 : Memory.oem4f (.text:xdc_runtime_Memory_valloc__E)
                  0001a368    0000001c                                 : SysMin.oem4f (.text:xdc_runtime_SysMin_exit__E)
                  0001a384    0000001c                                 : System.oem4f (.text:xdc_runtime_System_abort__E)
                  0001a3a0    0000001a     stk.aem4f : bind.oem4f (.text:BindGetIP)
                  0001a3ba    0000001a               : sockint.oem4f (.text:SockSetOOBMark)
                  0001a3d4    0000001a               : file.oem4f (.text:fdint_getfdt)
                  0001a3ee    0000001a     RTOS_config_pem4f.oem4f (.text:ti_sysbios_family_arm_m3_Hwi_Handle__label__S)
                  0001a408    0000001a     RTOS_config_pem4f.oem4f (.text:ti_sysbios_gates_GateHwi_Handle__label__S)
                  0001a422    0000001a     RTOS_config_pem4f.oem4f (.text:ti_sysbios_gates_GateMutex_Handle__label__S)
                  0001a43c    0000001a     RTOS_config_pem4f.oem4f (.text:ti_sysbios_heaps_HeapMem_Handle__label__S)
                  0001a456    0000001a     RTOS_config_pem4f.oem4f (.text:ti_sysbios_knl_Swi_Handle__label__S)
                  0001a470    0000001a     RTOS_config_pem4f.oem4f (.text:ti_sysbios_knl_Task_Handle__label__S)
                  0001a48a    00000006     driverlib.lib : gpio.obj (.text:GPIOPinRead)
                  0001a490    0000001a     sysbios.aem4f : BIOS.obj (.text:ti_sysbios_knl_Task_sleepTimeout__I)
                  0001a4aa    0000001a     RTOS_config_pem4f.oem4f (.text:ti_uia_loggers_LoggerStopMode_Handle__label__S)
                  0001a4c4    0000001a     RTOS_config_pem4f.oem4f (.text:xdc_runtime_System_aprintf__E)
                  0001a4de    0000001a     RTOS_config_pem4f.oem4f (.text:xdc_runtime_System_printf__E)
                  0001a4f8    00000018     driverlib.lib : adc.obj (.text:ADCClockConfigSet)
                  0001a510    00000018     drivers_tivaware.aem4f : EMACSnow.oem4f (.text:EMACSnow_emacSend)
                  0001a528    00000018     stk.aem4f : ip.oem4f (.text:IPRtChange)
                  0001a540    00000018               : rawethsock_pcb.oem4f (.text:RawEthSockPcbCleanup)
                  0001a558    00000018     nettool_ipv4.aem4f : ipaddr.oem4f (.text:RouteHook)
                  0001a570    00000018     stk.aem4f : tcpin.oem4f (.text:SEQ_GEQ)
                  0001a588    00000018               : tcpout.oem4f (.text:SEQ_GEQ)
                  0001a5a0    00000018               : tcpin.oem4f (.text:SEQ_GT)
                  0001a5b8    00000018               : tcpout.oem4f (.text:SEQ_GT)
                  0001a5d0    00000018               : tcpin.oem4f (.text:SEQ_LEQ)
                  0001a5e8    00000018               : tcpout.oem4f (.text:SEQ_LEQ)
                  0001a600    00000018               : tcpin.oem4f (.text:SEQ_LT)
                  0001a618    00000018               : tcpout.oem4f (.text:SEQ_LT)
                  0001a630    00000018               : tcp.oem4f (.text:TcpTimeoutAdd)
                  0001a648    00000018     nettool_ipv4.aem4f : dhcpsock.oem4f (.text:dhcpSocketClose)
                  0001a660    00000018     RTOS_config_pem4f.oem4f (.text:free)
                  0001a678    00000018     nettool_ipv4.aem4f : inetaddr.oem4f (.text:freeaddrinfo)
                  0001a690    00000018     stk.aem4f : listlib.oem4f (.text:list_add)
                  0001a6a8    00000018     rtsv7M4_T_le_v4SPD16_eabi.lib : args_main.obj (.text)
                  0001a6c0    00000018                                   : strcmp.obj (.text)
                  0001a6d8    00000018     RTOS_config_pem4f.oem4f (.text:ti_sysbios_BIOS_rtsUnlock__I)
                  0001a6f0    00000018     RTOS_config_pem4f.oem4f (.text:ti_sysbios_family_arm_lm4_Timer_Module__startupDone__F)
                  0001a708    00000018     RTOS_config_pem4f.oem4f (.text:ti_sysbios_family_arm_m3_Hwi_Module__startupDone__F)
                  0001a720    00000018     sysbios.aem4f : m3_TaskSupport_asm.obj (.text:ti_sysbios_family_arm_m3_TaskSupport_swap__E)
                  0001a738    00000018                   : BIOS.obj (.text:ti_sysbios_gates_GateMutex_leave__E)
                  0001a750    00000018     driverlib.lib : udma.obj (.text:uDMAChannelEnable)
                  0001a768    00000018     ti.targets.arm.rtsarm.aem4f : Error.oem4f (.text:xdc_runtime_Error_check__E)
                  0001a780    00000018                                 : System.oem4f (.text:xdc_runtime_System_exit__E)
[...]
000319dc  ti_sysbios_knl_Swi_Module__loggerDefined__C                          
000319de  ti_sysbios_knl_Task_Module__id__C                                    
000319e0  ti_sysbios_knl_Task_Module__loggerDefined__C                         
000319e2  ti_sysbios_utils_Load_Module__id__C                                  
000319e4  ti_sysbios_utils_Load_Module__loggerDefined__C                       
000319e6  ti_sysbios_utils_Load_autoAddTasks__C                                
000319e8  ti_sysbios_utils_Load_updateInIdle__C                                
000319ea  ti_uia_loggers_LoggerStopMode_Module__id__C                          
000319ec  ti_uia_loggers_LoggerStopMode_isTimestampEnabled__C                  
000319ee  xdc_runtime_Core_Module__id__C                                       
000319f0  xdc_runtime_Error_Module__loggerDefined__C                           
000319f2  xdc_runtime_Error_maxDepth__C                                        
000319f4  xdc_runtime_Main_Module__id__C                                       
000319f6  xdc_runtime_Main_Module__loggerDefined__C                            
000319f8  xdc_runtime_Memory_Module__id__C                                     
000319fa  xdc_runtime_SysMin_flushAtExit__C                                    
000319fc  xdc_runtime_Text_charCnt__C                                          
000319fe  xdc_runtime_Text_isLoaded__C                                         
00031a00  xdc_runtime_Text_registryModsLastId__C                               
00031a02  xdc_runtime_Text_unnamedModsLastId__C                                
00031a08  __TI_static_base__                                                   
00031fc4  __TI_Handler_Table_Base                                              
00031fd0  __TI_Handler_Table_Limit                                             
00031fe0  __TI_CINIT_Base                                                      
00031ff8  __TI_CINIT_Limit                                                     
20000000  ti_sysbios_family_arm_m3_Hwi_ramVectors                              
20000400  outlet                                                               
20007ca8  ti_sysbios_heaps_HeapMem_Instance_State_0_buf__A                     
2000cca8  ti_ndk_config_Global_pit                                             
2000cd50  ti_ndk_config_Global_pitBuffer                                       
20011550  ADCchannel                                                           
20015550  vlan_mcb                                                             
20015580  ti_ndk_config_Global_pBufMem                                         
20019180  ti_ndk_config_Global_pHdrMem                                         
20019478  ti_sysbios_knl_Task_Instance_State_0_stack__A                        
20019778  ti_sysbios_knl_Task_Instance_State_1_stack__A                        
2001ab78  ti_sysbios_knl_Task_Instance_State_2_stack__A                        
2001ae78  ti_sysbios_knl_Task_Instance_State_3_stack__A                        
2001b478  ti_sysbios_knl_Task_Instance_State_4_stack__A                        
2001b678  emacObjects                                                          
2001b680  ti_uia_loggers_LoggerStopMode_Instance_State_0_packetArray__A        
2001c680  ti_uia_loggers_LoggerStopMode_Instance_State_2_packetArray__A        
2001d680  __CIOBUF_                                                            
2001d7a0  _ICMPIn                                                              
2001d800  udmaCtrlTable                                                        
2001e800  g_uint16_adc0_ping                                                   
2001f000  g_uint16_adc0_pong                                                   
2001f800  g_uint16_adc1_ping                                                   
20020000  g_uint16_adc1_pong                                                   
20020800  ti_uia_loggers_LoggerStopMode_Instance_State_1_packetArray__A        
20020c00  xdc_runtime_SysMin_Module_State_0_outbuf__A                          
20021000  ti_sysbios_family_arm_m3_Hwi_dispatchTable                           
20021460  tcps                                                                 
2002177c  ips                                                                  
200217e4  nimu_mcb                                                             
20021848  _ICMPOut                                                             
200218f8  ti_sysbios_knl_Task_Instance_State_0_hookEnv__A                      
20021900  ti_uia_loggers_LoggerStopMode_Instance_State_0_hdr__A                
20021930  udps                                                                 
20021954  BlockCount                                                           
20021980  ti_uia_loggers_LoggerStopMode_Instance_State_1_hdr__A                
200219b0  BlockMax                                                             
200219cc  PageCount                                                            
200219e8  stkEvent                                                             
20021a00  ti_uia_loggers_LoggerStopMode_Instance_State_2_hdr__A                
20021a30  PageMax                                                              
20021a4c  raweths                                                              
20021a5c  raws                                                                 
20021a6c  PBMQ_free                                                            
20021a78  tpseudo                                                              
20021a84  upseudo                                                              
20021a90  ti_sysbios_knl_Task_Instance_State_1_hookEnv__A                      
20021a98  ti_sysbios_knl_Task_Instance_State_2_hookEnv__A                      
20021aa0  ti_sysbios_knl_Task_Instance_State_3_hookEnv__A                      
20021aa8  ti_sysbios_knl_Task_Instance_State_4_hookEnv__A                      
20021ad4  _IGMPInDiscard                                                       
20021ad8  _IGMPInQuery                                                         
20021adc  _IGMPInQueryGroup                                                    
20021ae0  _IGMPInResponse                                                      
20021ae4  _IGMPOutResponse                                                     
20021ae8  g_ulStatus                                                           
20021afc  raweth_pcb                                                           
20021b00  ti_sysbios_knl_Task_Object__table__V                                 
20021c90  ptgmSettings                                                         
20021dec  HTTPStd_VER                                                          
20021df0  HTTPStd_GET                                                          
20021df4  HTTPStd_POST                                                         
20021df8  HTTPStd_HEAD                                                         
20021dfc  HTTPStd_OPTIONS                                                      
20021e00  HTTPStd_PUT                                                          
20021e04  HTTPStd_DELETE                                                       
20021e08  HTTPStd_CONNECT                                                      
20021e0c  HTTPStd_PATCH                                                        
20021e10  HTTPStd_CONTENT_TYPE_APPLET                                          
20021e14  HTTPStd_CONTENT_TYPE_AU                                              
20021e18  HTTPStd_CONTENT_TYPE_CSS                                             
20021e1c  HTTPStd_CONTENT_TYPE_DOC                                             
20021e20  HTTPStd_CONTENT_TYPE_GIF                                             
20021e24  HTTPStd_CONTENT_TYPE_HTML                                            
20021e28  HTTPStd_CONTENT_TYPE_JPG                                             
20021e2c  HTTPStd_CONTENT_TYPE_MPEG                                            
20021e30  HTTPStd_CONTENT_TYPE_PDF                                             
20021e34  HTTPStd_CONTENT_TYPE_WAV                                             
20021e38  HTTPStd_CONTENT_TYPE_ZIP                                             
20021e3c  HTTPStd_CONTENT_TYPE_PLAIN                                           
20021e40  HTTPStd_FIELD_NAME_ACCEPT                                            
20021e44  HTTPStd_FIELD_NAME_ACCEPT_CHARSET                                    
20021e48  HTTPStd_FIELD_NAME_ACCEPT_ENCODING                                   
20021e4c  HTTPStd_FIELD_NAME_ACCEPT_LANGUAGE                                   
20021e50  HTTPStd_FIELD_NAME_ACCEPT_RANGES                                     
20021e54  HTTPStd_FIELD_NAME_AGE                                               
20021e58  HTTPStd_FIELD_NAME_ALLOW                                             
20021e5c  HTTPStd_FIELD_NAME_AUTHORIZATION                                     
20021e60  HTTPStd_FIELD_NAME_CACHE_CONTROL                                     
20021e64  HTTPStd_FIELD_NAME_CONNECTION                                        
20021e68  HTTPStd_FIELD_NAME_CONTENT_ENCODING                                  
20021e6c  HTTPStd_FIELD_NAME_CONTENT_LANGUAGE                                  
20021e70  HTTPStd_FIELD_NAME_CONTENT_LENGTH                                    
20021e74  HTTPStd_FIELD_NAME_CONTENT_LOCATION                                  
20021e78  HTTPStd_FIELD_NAME_CONTENT_MD5                                       
20021e7c  HTTPStd_FIELD_NAME_CONTENT_RANGE                                     
20021e80  HTTPStd_FIELD_NAME_CONTENT_TYPE                                      
20021e84  HTTPStd_FIELD_NAME_COOKIE                                            
20021e88  HTTPStd_FIELD_NAME_DATE                                              
20021e8c  HTTPStd_FIELD_NAME_ETAG                                              
20021e90  HTTPStd_FIELD_NAME_EXPECT                                            
20021e94  HTTPStd_FIELD_NAME_EXPIRES                                           
20021e98  HTTPStd_FIELD_NAME_FROM                                              
20021e9c  HTTPStd_FIELD_NAME_HOST                                              
20021ea0  HTTPStd_FIELD_NAME_IF_MATCH                                          
20021ea4  HTTPStd_FIELD_NAME_IF_MODIFIED_SINCE                                 
20021ea8  HTTPStd_FIELD_NAME_IF_NONE_MATCH                                     
20021eac  HTTPStd_FIELD_NAME_IF_RANGE                                          
20021eb0  HTTPStd_FIELD_NAME_IF_UNMODIFIED_SINCE                               
20021eb4  HTTPStd_FIELD_NAME_LAST_MODIFIED                                     
20021eb8  HTTPStd_FIELD_NAME_LOCATION                                          
20021ebc  HTTPStd_FIELD_NAME_MAX_FORWARDS                                      
20021ec0  HTTPStd_FIELD_NAME_ORIGIN                                            
20021ec4  HTTPStd_FIELD_NAME_PRAGMA                                            
20021ec8  HTTPStd_FIELD_NAME_PROXY_AUTHENTICATE                                
20021ecc  HTTPStd_FIELD_NAME_PROXY_AUTHORIZATION                               
20021ed0  HTTPStd_FIELD_NAME_RANGE                                             
20021ed4  HTTPStd_FIELD_NAME_REFERER                                           
20021ed8  HTTPStd_FIELD_NAME_RETRY_AFTER                                       
20021edc  HTTPStd_FIELD_NAME_SERVER                                            
20021ee0  HTTPStd_FIELD_NAME_TE                                                
20021ee4  HTTPStd_FIELD_NAME_TRAILER                                           
20021ee8  HTTPStd_FIELD_NAME_TRANSFER_ENCODING                                 
20021eec  HTTPStd_FIELD_NAME_UPGRADE                                           
20021ef0  HTTPStd_FIELD_NAME_USER_AGENT                                        
20021ef4  HTTPStd_FIELD_NAME_VARY                                              
20021ef8  HTTPStd_FIELD_NAME_VIA                                               
20021efc  HTTPStd_FIELD_NAME_WWW_AUTHENTICATE                                  
20021f00  HTTPStd_FIELD_NAME_WARNING                                           
20021f04  HTTPStd_FIELD_NAME_X_FORWARDED_FOR                                   
20021f08  _ipcfg                                                               
20021fbc  ti_uia_loggers_LoggerStopMode_Object__table__V                       
20022058  ti_sysbios_utils_Load_Module__state__V                               
200220f0  ti_sysbios_utils_Load_Module_State_0_taskEnv__A                      
2002217c  ti_sysbios_family_arm_lm4_Timer_Object__table__V                     
200221fc  ti_sysbios_knl_Swi_Module_State_0_readyQ__A                          
2002227c  ti_sysbios_knl_Task_Module_State_0_readyQ__A                         
200222fc  ti_sysbios_knl_Semaphore_Object__table__V                            
20022360  ti_sysbios_family_arm_m3_Hwi_Object__table__V                        
20022410  ti_sysbios_knl_Task_Module__state__V                                 
200224d4  ti_sysbios_family_arm_lm4_Timer_Module_State_0_device__A             
20022514  ti_sysbios_gates_GateMutex_Object__table__V                          
20022580  ti_sysbios_family_arm_m3_Hwi_Module__state__V                        
200225b4  enablePrefetch                                                       
200225b8  phyCounter                                                           
200225e6  ti_sysbios_family_arm_m3_Hwi_Module_State_0_excActive__A             
20022618  ti_sysbios_knl_Swi_Object__table__V                                  
20022648  ti_sysbios_knl_Clock_Module__state__V                                
20022674  pstrMsgName                                                          
2002269c  _oscfg                                                               
200226c0  PITCount                                                             
200226c4  PITUsed                                                              
200226c8  PITHigh                                                              
200226e4  ti_sysbios_BIOS_Module__state__V                                     
20022708  ti_sysbios_family_arm_lm4_Timer_Module_State_0_handles__A            
20022728  gpioPinConfigs                                                       
20022760  ti_ndk_config_Global_Id2Size                                         
2002277c  ti_sysbios_knl_Swi_Module__state__V                                  
20022798  ti_ndk_config_Global_HostName                                        
2002279c  LocalIPAddr                                                          
200227a0  LocalIPMask                                                          
200227a4  GatewayIP                                                            
200227a8  DomainName                                                           
200227ac  __xdc__init__addr                                                    
200227e0  ti_sysbios_heaps_HeapMem_Object__table__V                            
20022824  _IGMPForceVersion1                                                   
2002282c  __TI_cleanup_ptr                                                     
20022830  __TI_dtors_ptr                                                       
20022834  __TI_enable_exit_profile_output                                      
20022838  ti_sysbios_family_arm_lm4_Timer_Module__state__V                     
20022844  ti_sysbios_knl_Task_Module__root__V                                  
20022850  ti_uia_runtime_QueueDescriptor_Module__state__V                      
2002285c  xdc_runtime_SysMin_Module__state__V                                  
20022874  _lock                                                                
20022878  _unlock                                                              
2002287c  NIMUDeviceTable                                                      
20022884  gpioCallbackFunctions                                                
2002289c  _ICMPInErrors                                                        
200228a0  _ICMPOutErrors                                                       
200228a4  _IPExecuting                                                         
200228bc  tcp_iss                                                              
200228c0  ptTimeFirst                                                          
200228cc  ti_uia_runtime_QueueDescriptor_gPtrToFirstDescriptor                 
200228d0  ti_uia_runtime_QueueDescriptor_gUpdateCount                          
200228d4  ti_sysbios_family_arm_lm4_TimestampProvider_Module__state__V         
200228dc  ti_sysbios_family_arm_m3_Hwi_Module__root__V                         
200228e4  ti_sysbios_gates_GateHwi_Module__root__V                             
200228ec  ti_sysbios_gates_GateMutex_Module__root__V                           
200228f4  ti_sysbios_heaps_HeapMem_Module__root__V                             
200228fc  ti_sysbios_knl_Clock_Module__root__V                                 
20022904  ti_sysbios_knl_Queue_Module__root__V                                 
2002290c  ti_sysbios_knl_Semaphore_Module__root__V                             
20022914  ti_sysbios_knl_Swi_Module__root__V                                   
2002291c  ti_uia_loggers_LoggerStopMode_Module__root__V                        
20022924  xdc_runtime_Registry_Module__state__V                                
2002292c  xdc_runtime_Startup_Module__state__V                                 
20022934  xdc_runtime_System_Module_State_0_atexitHandlers__A                  
2002293c  xdc_runtime_System_Module__state__V                                  
20022944  macAddress                                                           
20022950  eventCount                                                           
20022954  eventOn                                                              
20022956  xdc_runtime_Error_Module__state__V                                   
2002295e  xdc_runtime_Main_Module__root__V                                     
2002296c  errno                                                                
20022970  main_func_sp                                                         
20022978  _IPReasmPtr                                                          
20022988  ti_sysbios_family_arm_m3_Hwi_Module_State_0_excContext__A            
2002298c  ti_sysbios_family_arm_m3_Hwi_Module_State_0_excStack__A              
20022990  ti_sysbios_gates_GateHwi_Object__table__V                            
20022994  ti_sysbios_knl_Task_Module_State_0_idleTask__A                       
20022998  ti_sysbios_utils_Load_Module_State_0_runningTask__A                  
2002299c  ti_sysbios_utils_Load_Module_State_0_taskStartTime__A                
200229a0  xdc_runtime_Memory_Module__state__V                                  
200229a4  __stack                                                              
200231a4  __STACK_END                                                          
e000e000  ti_sysbios_family_arm_m3_Hwi_nvic                                    
ffffffff  __TI_pprof_out_hndl                                                  
ffffffff  __TI_prof_data_size                                                  
ffffffff  __TI_prof_data_start                                                 
ffffffff  __binit__                                                            
ffffffff  __c_args__                                                           
ffffffff  binit                                                                
UNDEFED   SHT$$INIT_ARRAY$$Base                                                
UNDEFED   SHT$$INIT_ARRAY$$Limit                                               

[1418 symbols]
