******************************************************************************
                  TI ARM Linker PC v16.9.3                     
******************************************************************************
>> Linked Thu Sep 21 03:07:04 2017

OUTPUT FILE NAME:   <TM4C_Protegemed.out>
ENTRY POINT SYMBOL: "_c_int00"  address: 00016f79


MEMORY CONFIGURATION

         name            origin    length      used     unused   attr    fill
----------------------  --------  ---------  --------  --------  ----  --------
  FLASH                 00000000   00100000  00032ed6  000cd12a  R  X
  SRAM                  20000000   00040000  00023196  0001ce6a  RW X


SEGMENT ALLOCATION MAP

run origin  load origin   length   init length attrs members
----------  ----------- ---------- ----------- ----- -------
00000000    00000000    00032ee0   00032ee0    r-x
  00000000    00000000    0000003c   0000003c    r-- .resetVecs
  00000040    00000040    0001bdd2   0001bdd2    r-x .text
  0001be14    0001be14    00016ab8   00016ab8    r-- .const
  000328d0    000328d0    00000610   00000610    r-- .cinit
20000000    20000000    00000360   00000000    rw-
  20000000    20000000    00000360   00000000    rw- .vecs
20000400    20000400    00022e38   00000000    rw-
  20000400    20000400    00021704   00000000    rw- .bss
  20021b04    20021b04    00000f32   00000000    rw- .data
  20022a38    20022a38    00000800   00000000    rw- .stack


SECTION ALLOCATION MAP

 output                                  attributes/
section   page    origin      length       input sections
--------  ----  ----------  ----------   ----------------
.text      0    00000040    0001bdd2     
                  00000040    0000113e     rtsv7M4_T_le_v4SPD16_eabi.lib : _printfi.obj (.text)
                  0000117e    00000002     hal_userled_stub.aem4f : llled.oem4f (.text:LED_TOGGLE)
                  00001180    00000c68     stk.aem4f : tcpin.oem4f (.text:TcpInput)
                  00001de8    000008c8     capture.obj (.text:capture_Task)
                  000026b0    000008b8     stk.aem4f : tcpout.oem4f (.text:TcpOutput)
                  00002f68    0000070a     dsplib-cm4f.lib : arm_cfft_radix8_f32.obj (.text:arm_radix8_butterfly_f32)
                  00003672    00000002     stk.aem4f : nat.oem4f (.text:NatMsg)
                  00003674    000006ec     eth_network.obj (.text:httpPOST_Task)
                  00003d60    0000045e     dsplib-cm4f.lib : arm_cfft_f32.obj (.text:arm_cfft_radix8by4_f32)
                  000041be    00000002     os.aem4f : task.oem4f (.text:_TaskInit)
                  000041c0    00000430     sysbios.aem4f : BIOS.obj (.text:ti_sysbios_family_arm_m3_Hwi_excDumpRegs__I)
                  000045f0    00000408     stk.aem4f : ipout.oem4f (.text:IPTxPacket)
                  000049f8    00000384               : ipin.oem4f (.text:IPRxPacket)
                  00004d7c    00000004     driverlib.lib : adc.obj (.text:ADCIntClearEx)
                  00004d80    0000037c     sysbios.aem4f : BIOS.obj (.text:ti_sysbios_knl_Event_pend__E)
                  000050fc    00000372     nettool_ipv4.aem4f : dnscomn.oem4f (.text:DNSResolveByName)
                  0000546e    00000002     os.aem4f : task.oem4f (.text:_TaskShutdown)
                  00005470    0000034c     ti.targets.arm.rtsarm.aem4f : System.oem4f (.text:xdc_runtime_System_doPrint__I)
                  000057bc    00000324     rtsv7M4_T_le_v4SPD16_eabi.lib : trgdrv.obj (.text)
                  00005ae0    00000318     sysbios.aem4f : BIOS.obj (.text:ti_sysbios_knl_Semaphore_pend__E)
                  00005df8    000002fe     nettool_ipv4.aem4f : dnscomn.oem4f (.text:DNSResolveByAddr)
                  000060f6    00000002     hal_ser_stub.aem4f : llserstb.oem4f (.text:_llSerialServiceCheck)
                  000060f8    000002f8     nettool_ipv4.aem4f : inetaddr.oem4f (.text:getaddrinfo)
                  000063f0    000002da                        : dnscomn.oem4f (.text:DNSResolveByNS)
                  000066ca    00000006     driverlib.lib : emac.obj (.text:EMACRxDMADescriptorListSet)
                  000066d0    000002c0     sysbios.aem4f : BIOS.obj (.text:ti_sysbios_knl_Task_Instance_finalize__E)
                  00006990    00000284     stk.aem4f : sock.oem4f (.text:SockSet)
                  00006c14    00000004               : bind.oem4f (.text:BindGetIF)
                  00006c18    00000258     sysbios.aem4f : BIOS.obj (.text:ti_sysbios_heaps_HeapMem_free__E)
                  00006e70    0000024c     stk.aem4f : ipfrag.oem4f (.text:IPReasm)
                  000070bc    00000004               : bind.oem4f (.text:BindGetNext)
                  000070c0    00000248     sysbios.aem4f : BIOS.obj (.text:ti_sysbios_heaps_HeapMem_alloc__E)
                  00007308    0000023c     stk.aem4f : icmpin.oem4f (.text:ICMPInput)
                  00007544    00000238               : udp.oem4f (.text:UdpInput)
                  0000777c    00000204     driverlib.lib : sysctl.obj (.text:SysCtlClockFreqSet)
                  00007980    00000204     Boot.aem4f : Boot_sysctl.oem4f (.text:ti_catalog_arm_cortexm4_tiva_ce_Boot_sysCtlClockFreqSetI__I)
                  00007b84    00000004     http_ndk.aem4f : httpcli.oem4f (.text:HTTPCli_construct)
                  00007b88    00000200     sysbios.aem4f : BIOS.obj (.text:ti_sysbios_knl_Task_sleep__E)
                  00007d88    000001fc                   : BIOS.obj (.text:ti_sysbios_family_arm_m3_Hwi_excHandlerMax__I)
                  00007f84    000001f4     stk.aem4f : sock.oem4f (.text:SockRecv)
                  00008178    000001f4     rtsv7M4_T_le_v4SPD16_eabi.lib : ull_div_t2.obj (.text)
                  0000836c    00000004     os.aem4f : ossys.oem4f (.text:NDK_vsprintf)
                  00008370    000001f4     sysbios.aem4f : BIOS.obj (.text:ti_sysbios_knl_Task_Instance_init__E)
                  00008564    000001e8     eth_network.obj (.text:tcpHandler)
                  0000874c    00000004     stk.aem4f : node.oem4f (.text:NodeSetRt)
                  00008750    000001bc     sysbios.aem4f : BIOS.obj (.text:ti_sysbios_family_arm_lm4_Timer_start__E)
                  0000890c    000001b8     drivers_tivaware.aem4f : EMACSnow.oem4f (.text:EMACSnow_NIMUInit)
                  00008ac4    000001b6     rtsv7M4_T_le_v4SPD16_eabi.lib : fd_add_t2.obj (.text)
                  00008c7a    00000002     hal_ser_stub.aem4f : llserstb.oem4f (.text:_llSerialShutdown)
                  00008c7c    000001b0     stk.aem4f : lliout.oem4f (.text:LLITxIpPacket)
                  00008e2c    000001ac               : lliin.oem4f (.text:LLIRxPacket)
                  00008fd8    000001a0     adc_sample.obj (.text:ADC_init)
                  00009178    0000019c     os.aem4f : mem.oem4f (.text:mmAlloc)
                  00009314    0000019a     nettool_ipv4.aem4f : dnsclnt.oem4f (.text:DNSResolve)
                  000094ae    00000002     hal_userled_stub.aem4f : llled.oem4f (.text:_llUserLedInit)
                  000094b0    00000198     stk.aem4f : igmp.oem4f (.text:IGMPInput)
                  00009648    00000198     nettool_ipv4.aem4f : ipaddr.oem4f (.text:NtGetPublicHost)
                  000097e0    00000190     stk.aem4f : sock.oem4f (.text:SockNew)
                  00009970    0000018c     capture.obj (.text:adc0Pong_Swi)
                  00009afc    00000004     stk.aem4f : rawethsock_prot.oem4f (.text:RawEthSockPrAttach)
                  00009b00    00000188     sysbios.aem4f : BIOS.obj (.text:ti_sysbios_knl_Task_setPri__E)
                  00009c88    00000186     dsplib-cm4f.lib : arm_cfft_f32.obj (.text:arm_cfft_radix8by2_f32)
                  00009e0e    00000002     hal_userled_stub.aem4f : llled.oem4f (.text:_llUserLedShutdown)
                  00009e10    00000180     capture.obj (.text:adc1Pong_Swi)
                  00009f90    0000017c     capture.obj (.text:adc0Ping_Swi)
                  0000a10c    0000017c     capture.obj (.text:adc1Ping_Swi)
                  0000a288    0000017c     sysbios.aem4f : BIOS.obj (.text:ti_sysbios_family_arm_lm4_TimestampProvider_get64__E)
                  0000a404    00000174     netctrl_min_ipv4.aem4f : netctrl.oem4f (.text:NC_NetStart)
                  0000a578    00000174     sysbios.aem4f : BIOS.obj (.text:ti_sysbios_family_arm_m3_Hwi_excBusFault__I)
                  0000a6ec    00000170     stk.aem4f : rtc.oem4f (.text:RTCReport)
                  0000a85c    0000016c     nettool_ipv4.aem4f : dnscomn.oem4f (.text:DNSResolveExternal)
                  0000a9c8    0000016a     stk.aem4f : sb.oem4f (.text:SBRead)
                  0000ab32    00000002     hal_ser_stub.aem4f : llserstb.oem4f (.text:llSerialService)
                  0000ab34    00000164     adc_sample.obj (.text:ADC_Seq1_ISR)
                  0000ac98    00000164     sysbios.aem4f : BIOS.obj (.text:ti_sysbios_family_arm_m3_Hwi_excUsageFault__I)
                  0000adfc    00000160     stk.aem4f : sock.oem4f (.text:SockConnect)
                  0000af5c    0000015c     adc_sample.obj (.text:ADC_Seq0_ISR)
                  0000b0b8    00000158     nettool_ipv4.aem4f : dhcpmain.oem4f (.text:DHCPOpen)
                  0000b210    00000150     drivers_tivaware.aem4f : GPIOTiva.oem4f (.text:GPIO_setConfig)
                  0000b360    00000150     sysbios.aem4f : BIOS.obj (.text:ti_sysbios_knl_Event_post__E)
                  0000b4b0    00000150                   : BIOS.obj (.text:ti_sysbios_knl_Semaphore_post__E)
                  0000b600    00000148                   : BIOS.obj (.text:ti_sysbios_family_arm_m3_Hwi_excMemFault__I)
                  0000b748    00000144     stk.aem4f : bind.oem4f (.text:BindNew)
                  0000b88c    00000140               : tcp.oem4f (.text:TcpTimeoutCheck)
                  0000b9cc    0000013c     nettool_ipv4.aem4f : config.oem4f (.text:CfgAddEntry)
                  0000bb08    0000013c     stk.aem4f : sockint.oem4f (.text:SockNotify)
                  0000bc44    0000013c               : sock.oem4f (.text:SockSend)
                  0000bd80    0000013c     sysbios.aem4f : BIOS.obj (.text:ti_sysbios_heaps_HeapMem_Instance_init__E)
                  0000bebc    00000004     stk.aem4f : rawethsock_prot.oem4f (.text:RawEthSockPrDetach)
                  0000bec0    0000013c     sysbios.aem4f : BIOS.obj (.text:ti_sysbios_knl_Clock_workFunc__E)
                  0000bffc    00000004     os.aem4f : semaphore.oem4f (.text:SemPend)
                  0000c000    00000138     sysbios.aem4f : BIOS.obj (.text:ti_sysbios_family_arm_m3_Hwi_dispatchC__I)
                  0000c138    00000138     RTOS_config_pem4f.oem4f (.text:ti_uia_loggers_LoggerStopMode_writeMemoryRange__E)
                  0000c270    00000136     nettool_ipv4.aem4f : dnspkt.oem4f (.text:DNSGetReply)
                  0000c3a6    00000136     rtsv7M4_T_le_v4SPD16_eabi.lib : fd_div_t2.obj (.text)
                  0000c4dc    00000134     stk.aem4f : icmp.oem4f (.text:ICMPGenPacket)
                  0000c610    00000132     nettool_ipv4.aem4f : dnspkt.oem4f (.text:DNSReadRecord)
                  0000c742    00000130     driverlib.lib : gpio.obj (.text:GPIOPadConfigSet)
                  0000c872    00000002     rtsv7M4_T_le_v4SPD16_eabi.lib : i_div0.obj (.text)
                  0000c874    0000012c     EK_TM4C1294XL.obj (.text:EK_TM4C1294XL_initEMAC)
                  0000c9a0    00000128     http_ndk.aem4f : httpcli.oem4f (.text:contentHandler)
                  0000cac8    00000124     stk.aem4f : sockpcb.oem4f (.text:SockPcbResolve)
                  0000cbec    00000124               : udp.oem4f (.text:UdpOutput)
                  0000cd10    00000124     RTOS_config_pem4f.oem4f (.text:ti_ndk_config_Global_stackThread)
                  0000ce34    00000004     os.aem4f : semaphore.oem4f (.text:SemPost)
                  0000ce38    0000011c     sysbios.aem4f : BIOS.obj (.text:ti_sysbios_knl_Clock_Instance_init__E)
                  0000cf54    00000004     os.aem4f : semaphore.oem4f (.text:SemReset)
                  0000cf58    0000011c     sysbios.aem4f : BIOS.obj (.text:ti_sysbios_knl_Swi_run__I)
                  0000d074    00000118     http_ndk.aem4f : httpcli.oem4f (.text:HTTPCli_connect)
                  0000d18c    00000118     stk.aem4f : tcpout.oem4f (.text:TcpGenPacket)
                  0000d2a4    00000118     ti.targets.arm.rtsarm.aem4f : Error.oem4f (.text:xdc_runtime_Error_policyDefault__E)
                  0000d3bc    00000114     stk.aem4f : nimu.oem4f (.text:NIMUIoctl)
                  0000d4d0    00000114     rtsv7M4_T_le_v4SPD16_eabi.lib : strtoul.obj (.text)
                  0000d5e4    00000114     RTOS_config_pem4f.oem4f (.text:ti_uia_loggers_LoggerStopMode_write8__E)
                  0000d6f8    00000110     stk.aem4f : node.oem4f (.text:NodeTreeFree)
                  0000d808    00000110               : raw.oem4f (.text:RawInput)
                  0000d918    00000110     sysbios.aem4f : BIOS.obj (.text:ti_sysbios_knl_Task_schedule__I)
                  0000da28    0000010c     stk.aem4f : rtable.oem4f (.text:RtFind)
                  0000db34    0000010a               : route.oem4f (.text:RtCreate)
                  0000dc3e    00000002     RTOS_config_pem4f.oem4f (.text:ti_ndk_config_Global_NetworkClose)
                  0000dc40    00000108     drivers_tivaware.aem4f : EMACSnow.oem4f (.text:EMACSnow_emacStart)
                  0000dd48    00000108     sysbios.aem4f : BIOS.obj (.text:ti_sysbios_knl_Task_exit__E)
                  0000de50    00000106     http_ndk.aem4f : httpcli.oem4f (.text:HTTPCli_getResponseField)
                  0000df56    00000002     RTOS_config_pem4f.oem4f (.text:ti_sysbios_BIOS_nullFunc__I)
                  0000df58    00000104     os.aem4f : task.oem4f (.text:llEnter)
                  0000e05c    00000102     nettool_ipv4.aem4f : dhcppkt.oem4f (.text:dhcpPacketProcess)
                  0000e15e    00000102                        : inetaddr.oem4f (.text:inet_aton)
                  0000e260    00000100     stk.aem4f : igmp.oem4f (.text:IGMPSendReply)
                  0000e360    00000100     adc_sample.obj (.text:adcPinConfig)
                  0000e460    00000100     ti.targets.arm.rtsarm.aem4f : Core-mem.oem4f (.text:xdc_runtime_Core_createObject__I)
                  0000e560    000000fc     netctrl_min_ipv4.aem4f : netctrl.oem4f (.text:NetScheduler)
                  0000e65c    000000fc     dsplib-cm4f.lib : arm_rfft_fast_init_f32.obj (.text:arm_rfft_fast_init_f32)
                  0000e758    000000fc     rtsv7M4_T_le_v4SPD16_eabi.lib : fd_mul_t2.obj (.text)
                  0000e854    000000fc                                   : s_scalbn.obj (.text)
                  0000e950    000000fc     sysbios.aem4f : BIOS.obj (.text:ti_sysbios_knl_Task_postInit__I)
                  0000ea4c    00000004     network_ndk.aem4f : ssock.oem4f (.text:Ssock_getSocket)
                  0000ea50    000000fc     sysbios.aem4f : BIOS.obj (.text:ti_sysbios_knl_Task_startCore__E)
                  0000eb4c    000000fc     RTOS_config_pem4f.oem4f (.text:ti_uia_loggers_LoggerStopMode_write4__E)
                  0000ec48    000000f8     stk.aem4f : pipe.oem4f (.text:PipeRecv)
                  0000ed40    000000f8     sysbios.aem4f : BIOS.obj (.text:ti_sysbios_utils_Load_updateThreadContexts__E)
                  0000ee38    000000f8     ti.targets.arm.rtsarm.aem4f : Startup.oem4f (.text:xdc_runtime_Startup_startMods__I)
                  0000ef30    000000f8     RTOS_config_pem4f.oem4f (.text:xdc_runtime_System_printfExtend__I)
                  0000f028    000000f4     os.aem4f : task.oem4f (.text:TaskGetEnv)
                  0000f11c    000000f4     sysbios.aem4f : m3_Hwi_asm.obj (.text:ti_sysbios_family_arm_m3_Hwi_dispatch__I)
                  0000f210    000000f2     http_ndk.aem4f : httpcli.oem4f (.text:bufferedRecv)
                  0000f302    00000002     RTOS_config_pem4f.oem4f (.text:ti_uia_loggers_LoggerStopMode_setFilterLevel__E)
                  0000f304    000000f0     stk.aem4f : lliout.oem4f (.text:LLIGenArpPacket)
                  0000f3f4    000000f0               : sock.oem4f (.text:SockClose)
                  0000f4e4    000000f0     RTOS_config_pem4f.oem4f (.text:ti_uia_loggers_LoggerStopMode_write2__E)
                  0000f5d4    000000ee     nettool_ipv4.aem4f : dnspkt.oem4f (.text:DNSWriteRecord)
                  0000f6c2    00000002     ti.uia.loggers.aem4f : LoggerStopMode.oem4f (.text:ti_uia_loggers_LoggerStopMode_setPriority__E)
                  0000f6c4    000000ec     http_ndk.aem4f : httpcli.oem4f (.text:redirect)
                  0000f7b0    000000ec     eth_network.obj (.text:tcpWorker)
                  0000f89c    000000ec     RTOS_config_pem4f.oem4f (.text:ti_uia_loggers_LoggerStopMode_write1__E)
                  0000f988    000000e8     os.aem4f : task.oem4f (.text:TaskSetEnv)
                  0000fa70    000000e6     nettool_ipv4.aem4f : dnspkt.oem4f (.text:DNSWriteName)
                  0000fb56    00000002     RTOS_config_pem4f.oem4f (.text:xdc_runtime_Startup_reset__I)
                  0000fb58    000000e6     http_ndk.aem4f : httpcli.oem4f (.text:HTTPCli_initSockAddr)
                  0000fc3e    00000002     --HOLE-- [fill = 0]
                  0000fc40    000000e4     adc_sample.obj (.text:DMA_init)
                  0000fd24    000000e0     stk.aem4f : tcptime.oem4f (.text:TcpTimeoutRexmt)
                  0000fe04    000000dc               : sb.oem4f (.text:SBWrite)
                  0000fee0    000000dc     nettool_ipv4.aem4f : dhcpsock.oem4f (.text:dhcpSocketOpen)
                  0000ffbc    000000dc                        : dhcpsm.oem4f (.text:dhcpState)
                  00010098    000000dc     RTOS_config_pem4f.oem4f (.text:ti_uia_loggers_LoggerStopMode_write0__E)
                  00010174    000000d8     stk.aem4f : node.oem4f (.text:NodeAdd)
                  0001024c    000000d8               : tcpprot.oem4f (.text:TcpPrSetOption)
                  00010324    00000004     os.aem4f : task.oem4f (.text:TaskSelf)
                  00010328    000000d8     sysbios.aem4f : BIOS.obj (.text:ti_sysbios_family_arm_lm4_TimestampProvider_get32__E)
                  00010400    000000d6     dsplib-cm4f.lib : arm_cfft_f32.obj (.text:arm_cfft_f32)
                  000104d6    00000002     --HOLE-- [fill = 0]
                  000104d8    000000d4     drivers_tivaware.aem4f : EMACSnow.oem4f (.text:EMACSnow_handleRx)
                  000105ac    000000d4     stk.aem4f : sockpcb.oem4f (.text:SockPcbBind)
                  00010680    000000d4     settings.obj (.text:readPtgmSettings)
                  00010754    00000004     os.aem4f : task.oem4f (.text:TaskSetPri)
                  00010758    000000d4     sysbios.aem4f : BIOS.obj (.text:ti_sysbios_knl_Swi_Instance_init__E)
                  0001082c    000000d1     stk.aem4f : nimu.oem4f (.text:NIMUReceivePacket)
                  000108fd    00000003     --HOLE-- [fill = 0]
                  00010900    000000cc               : icmp.oem4f (.text:ICMPSendRtAdv)
                  000109cc    000000cc     nettool_ipv4.aem4f : dhcpbild.oem4f (.text:dhcpBuildHeader)
                  00010a98    000000cc                        : dhcpsm.oem4f (.text:dhcpIPAdd)
                  00010b64    000000cc                        : dhcppkt.oem4f (.text:dhcpVerifyMessage)
                  00010c30    000000cc     ti.targets.arm.rtsarm.aem4f : Core-smem.oem4f (.text:xdc_runtime_Core_constructObject__I)
                  00010cfc    000000c8     stk.aem4f : rawethsock.oem4f (.text:RawEthSockNew)
                  00010dc4    000000c8     netctrl_min_ipv4.aem4f : netsrv.oem4f (.text:SPIpNet)
                  00010e8c    000000c4     drivers_tivaware.aem4f : EMACSnow.oem4f (.text:EMACSnow_InitDMADescriptors)
                  00010f50    000000c4     stk.aem4f : igmp.oem4f (.text:IGMPJoinHostGroup)
                  00011014    000000c4     nettool_ipv4.aem4f : dhcpsm.oem4f (.text:StateBound)
                  000110d8    000000c4     http_ndk.aem4f : httpcli.oem4f (.text:getChunkedData)
                  0001119c    00000004     driverlib.lib : timer.obj (.text:TimerADCEventSet)
                  000111a0    000000c4     sysbios.aem4f : BIOS.obj (.text:ti_sysbios_utils_Load_logLoads__I)
                  00011264    000000c2     nettool_ipv4.aem4f : dnspkt.oem4f (.text:DNSReadName)
                  00011326    000000c0     dsplib-cm4f.lib : arm_bitreversal2.obj (.text)
                  000113e6    00000002     --HOLE-- [fill = 0]
                  000113e8    000000be     nettool_ipv4.aem4f : dnsclnt.oem4f (.text:DNSGetHostByName)
                  000114a6    000000bc     stk.aem4f : sockpcb.oem4f (.text:SockPcbFind)
                  00011562    00000002     --HOLE-- [fill = 0]
                  00011564    000000bc               : vlan.oem4f (.text:VLANDeinit)
                  00011620    000000bc     sysbios.aem4f : BIOS.obj (.text:ti_sysbios_family_arm_m3_Hwi_excDebugMon__I)
                  000116dc    00000004     hal_ser_stub.aem4f : llserstb.oem4f (.text:_llSerialInit)
                  000116e0    000000bc     sysbios.aem4f : BIOS.obj (.text:ti_sysbios_family_arm_m3_Hwi_excHardFault__I)
                  0001179c    000000b8     EK_TM4C1294XL.obj (.text:EK_TM4C1294XL_initGeneral)
                  00011854    000000b8     stk.aem4f : icmpin.oem4f (.text:ICMPRevSrcRoute)
                  0001190c    000000b8               : lli.oem4f (.text:_LLITimeoutCheck)
                  000119c4    00000004               : listlib.oem4f (.text:list_get_head)
                  000119c8    000000b8     sysbios.aem4f : BIOS.obj (.text:ti_sysbios_knl_Task_unblockI__E)
                  00011a80    000000b4     stk.aem4f : tcptime.oem4f (.text:TcpTimeoutKeep)
                  00011b34    000000b4     http_ndk.aem4f : httpcli.oem4f (.text:getStatus)
                  00011be8    000000b4     ptgm_main.obj (.text:initSamplesTask)
                  00011c9c    00000004     stk.aem4f : listlib.oem4f (.text:list_get_next)
                  00011ca0    000000b4     sysbios.aem4f : BIOS.obj (.text:ti_sysbios_gates_GateMutex_enter__E)
                  00011d54    00000004     http_ndk.aem4f : httpcli.oem4f (.text:threadExit)
                  00011d58    000000b4     sysbios.aem4f : BIOS.obj (.text:ti_sysbios_knl_Task_checkStacks__E)
                  00011e0c    000000b1     nettool_ipv4.aem4f : inetaddr.oem4f (.text:createAddrInfo)
                  00011ebd    00000001     --HOLE-- [fill = 0]
                  00011ebe    000000b0     stk.aem4f : rawethsock.oem4f (.text:RawEthSockSet)
                  00011f6e    00000002     --HOLE-- [fill = 0]
                  00011f70    000000b0     sysbios.aem4f : BIOS.obj (.text:ti_sysbios_utils_Load_idleFxn__E)
                  00012020    000000b0                   : BIOS.obj (.text:ti_sysbios_utils_Load_updateLoads__E)
                  000120d0    000000ac     stk.aem4f : rtable.oem4f (.text:RtTimeoutCheck)
                  0001217c    000000ac     http_ndk.aem4f : httpcli.oem4f (.text:httpProxyTunnel)
                  00012228    000000ac     RTOS_config_pem4f.oem4f (.text:ti_ndk_config_ip_init)
                  000122d4    00000004     RTOS_config_pem4f.oem4f (.text:ti_ndk_config_Global_NetworkOpen)
                  000122d8    000000ac     sysbios.aem4f : BIOS.obj (.text:ti_sysbios_family_arm_lm4_Timer_enableTiva__I)
                  00012384    00000004     RTOS_config_pem4f.oem4f (.text:ti_sysbios_BIOS_RtsGateProxy_enter__E)
                  00012388    000000ac     sysbios.aem4f : BIOS.obj (.text:ti_sysbios_knl_Swi_post__E)
                  00012434    000000aa     network_ndk.aem4f : ssock.oem4f (.text:Ssock_send)
                  000124de    00000002     --HOLE-- [fill = 0]
                  000124e0    000000a8     stk.aem4f : sockint.oem4f (.text:SockCreatePacket)
                  00012588    000000a8     sysbios.aem4f : BIOS.obj (.text:ti_sysbios_family_arm_lm4_Timer_enableTimers__I)
                  00012630    000000a8                   : BIOS.obj (.text:ti_sysbios_knl_Task_blockI__E)
                  000126d8    000000a4     dsplib-cm4f.lib : arm_rfft_fast_f32.obj (.text:stage_rfft_f32)
                  0001277c    000000a0     stk.aem4f : ip.oem4f (.text:IPGetRoute)
                  0001281c    000000a0     auto_init.aem4f : auto_init.oem4f (.text)
                  000128bc    000000a0     ti.targets.arm.rtsarm.aem4f : Text.oem4f (.text:xdc_runtime_Text_putMod__E)
                  0001295c    0000009e     stk.aem4f : nimu.oem4f (.text:NIMUAddEthernetHeader)
                  000129fa    0000009e     nettool_ipv4.aem4f : dhcpbild.oem4f (.text:dhcpBuildRequest)
                  00012a98    0000009c     stk.aem4f : exec.oem4f (.text:ExecOpen)
                  00012b34    0000009c     rtsv7M4_T_le_v4SPD16_eabi.lib : memcpy_t2.obj (.text)
                  00012bd0    0000009a     dsplib-cm4f.lib : arm_rfft_fast_f32.obj (.text:merge_rfft_f32)
                  00012c6a    00000002     --HOLE-- [fill = 0]
                  00012c6c    0000009a     ti.targets.arm.rtsarm.aem4f : Text.oem4f (.text:xdc_runtime_Text_putSite__E)
                  00012d06    00000002     --HOLE-- [fill = 0]
                  00012d08    00000098     netctrl_min_ipv4.aem4f : netctrl.oem4f (.text:NC_SystemOpen)
                  00012da0    00000098                            : netsrv.oem4f (.text:ServiceScan)
                  00012e38    00000098     Boot.aem4f : Boot.oem4f (.text:ti_catalog_arm_cortexm4_tiva_ce_Boot_sysCtlClockFreqSet__E)
                  00012ed0    00000094     nettool_ipv4.aem4f : config.oem4f (.text:CfgRemoveEntry)
                  00012f64    00000004     RTOS_config_pem4f.oem4f (.text:ti_sysbios_BIOS_RtsGateProxy_leave__E)
                  00012f68    00000094     sysbios.aem4f : BIOS.obj (.text:ti_sysbios_family_arm_m3_Hwi_Instance_init__E)
                  00012ffc    00000004                   : BIOS.obj (.text:ti_sysbios_family_arm_lm4_Timer_masterEnable__I)
                  00013000    00000094                   : BIOS.obj (.text:ti_sysbios_family_arm_m3_Hwi_initNVIC__E)
                  00013094    00000090     nettool_ipv4.aem4f : config.oem4f (.text:CfgExecute)
                  00013124    00000090     stk.aem4f : igmp.oem4f (.text:IGMPMsg)
                  000131b4    00000090     os.aem4f : mem.oem4f (.text:mmBulkAlloc)
                  00013244    00000090     http_ndk.aem4f : httpcli.oem4f (.text:readLine)
                  000132d4    00000004     RTOS_config_pem4f.oem4f (.text:ti_sysbios_family_arm_m3_Hwi_delete)
                  000132d8    00000090     sysbios.aem4f : BIOS.obj (.text:ti_sysbios_knl_Task_Module_startup__E)
                  00013368    00000090                   : BIOS.obj (.text:ti_sysbios_utils_Load_startup__E)
                  000133f8    00000090     ti.uia.loggers.aem4f : LoggerStopMode.oem4f (.text:ti_uia_loggers_LoggerStopMode_initQueueDescriptor__E)
                  00013488    0000008c     nettool_ipv4.aem4f : dnscomn.oem4f (.text:DNSResolveQuery)
                  00013514    0000008c     drivers_tivaware.aem4f : GPIOTiva.oem4f (.text:GPIO_init)
                  000135a0    0000008c     stk.aem4f : ip.oem4f (.text:IPMsg)
                  0001362c    0000008c     os.aem4f : mem.oem4f (.text:_mmInit)
                  000136b8    0000008c              : mem.oem4f (.text:mmInitPage)
                  00013744    0000008c     sysbios.aem4f : m3_TaskSupport_asm.obj (.text:ti_sysbios_family_arm_m3_TaskSupport_buildTaskStack)
                  000137d0    0000008b     ptgm_main.obj (.text:main)
                  0001385b    00000001     --HOLE-- [fill = 0]
                  0001385c    0000008a     netctrl_min_ipv4.aem4f : netsrv.oem4f (.text:SPRoute)
                  000138e6    00000002     --HOLE-- [fill = 0]
                  000138e8    00000088                            : netsrv.oem4f (.text:ServiceSpawn)
                  00013970    00000088     stk.aem4f : sockpcb.oem4f (.text:SockPcbCtlError)
                  000139f8    00000086     nettool_ipv4.aem4f : dhcpsm.oem4f (.text:StateRequesting)
                  00013a7e    00000086     rtsv7M4_T_le_v4SPD16_eabi.lib : fd_cmp_t2.obj (.text:__aeabi_cdcmple)
                  00013b04    00000086                                   : fd_cmp_t2.obj (.text:__aeabi_cdrcmple)
                  00013b8a    00000002     --HOLE-- [fill = 0]
                  00013b8c    00000084     nettool_ipv4.aem4f : config.oem4f (.text:CfgGetEntry)
                  00013c10    00000084     drivers_tivaware.aem4f : EMACSnow.oem4f (.text:EMACSnow_processPhyInterrupt)
                  00013c94    00000084     stk.aem4f : tcpprot.oem4f (.text:TcpPrAttach)
                  00013d18    00000084     dsplib-cm4f.lib : arm_rms_f32.obj (.text:arm_rms_f32)
                  00013d9c    00000084     os.aem4f : mem.oem4f (.text:mmBulkFree)
                  00013e20    00000084              : mem.oem4f (.text:mmFree)
                  00013ea4    00000004     RTOS_config_pem4f.oem4f (.text:ti_sysbios_family_arm_m3_TaskSupport_Module__startupDone__S)
                  00013ea8    00000084     sysbios.aem4f : BIOS.obj (.text:ti_sysbios_family_arm_m3_Hwi_postInit__I)
                  00013f2c    00000084     driverlib.lib : udma.obj (.text:uDMAChannelTransferSet)
                  00013fb0    00000082     nettool_ipv4.aem4f : dhcpsm.oem4f (.text:StateRenewRebind)
                  00014032    00000002     --HOLE-- [fill = 0]
                  00014034    00000080     drivers_tivaware.aem4f : EMACSnow.oem4f (.text:EMACSnow_emacStop)
                  000140b4    00000080                            : EMACSnow.oem4f (.text:EMACSnow_processPendingTx)
                  00014134    00000080     stk.aem4f : lli.oem4f (.text:LLINew)
                  000141b4    00000080     netctrl_min_ipv4.aem4f : netsrv.oem4f (.text:NS_BootTask)
                  00014234    00000080     stk.aem4f : pbm.oem4f (.text:PBM_alloc)
                  000142b4    00000080               : raw.oem4f (.text:RawOutput)
                  00014334    0000007f     RTOS_config_pem4f.oem4f (.text:ti_ndk_config_Global_NetworkIPAddr)
                  000143b3    00000001     --HOLE-- [fill = 0]
                  000143b4    0000007e     stk.aem4f : fileuser.oem4f (.text:fdClose)
                  00014432    00000002     --HOLE-- [fill = 0]
                  00014434    0000007c     nettool_ipv4.aem4f : config.oem4f (.text:CfgGetNextEntry)
                  000144b0    0000007c     drivers_tivaware.aem4f : EMACSnow.oem4f (.text:EMACSnow_hwiIntFxn)
                  0001452c    0000007c     stk.aem4f : igmp.oem4f (.text:IGMPDoMCast)
                  000145a8    0000007c               : igmp.oem4f (.text:IGMPJoin)
                  00014624    0000007c               : socket.oem4f (.text:NDK_setsockopt)
                  000146a0    0000007c               : nimu.oem4f (.text:NIMURegister)
                  0001471c    0000007c               : pbm.oem4f (.text:PBM_free)
                  00014798    0000007c     nettool_ipv4.aem4f : inetaddr.oem4f (.text:inet_pton)
                  00014814    0000007a     driverlib.lib : adc.obj (.text:ADCSequenceStepConfigure)
                  0001488e    0000007a     stk.aem4f : sock.oem4f (.text:SockAccept)
                  00014908    0000007a     rtsv7M4_T_le_v4SPD16_eabi.lib : memset_t2.obj (.text)
                  00014982    00000002     --HOLE-- [fill = 0]
                  00014984    00000078     driverlib.lib : emac.obj (.text:EMACInit)
                  000149fc    00000078     stk.aem4f : socket.oem4f (.text:NDK_sendto)
                  00014a74    00000078               : tcptime.oem4f (.text:TcpXmitTimer)
                  00014aec    00000078               : fileuser.oem4f (.text:fdOpenSession)
                  00014b64    00000078     os.aem4f : task.oem4f (.text:llExit)
                  00014bdc    00000076     stk.aem4f : pipe.oem4f (.text:PipeSend)
                  00014c52    00000002     --HOLE-- [fill = 0]
                  00014c54    00000075               : tcptime.oem4f (.text:TcpTimeoutSackRexmt)
                  00014cc9    00000003     --HOLE-- [fill = 0]
                  00014ccc    00000074               : igmp.oem4f (.text:IGMPLeaveHostGroup)
                  00014d40    00000074               : nimu.oem4f (.text:NIMUShutdown)
                  00014db4    00000074               : raweth.oem4f (.text:RawEthRxPacket)
                  00014e28    00000074               : sockpcb.oem4f (.text:SockPcbConnect)
                  00014e9c    00000074     eth_network.obj (.text:netOpenHook)
                  00014f10    00000074     nettool_ipv4.aem4f : inetaddr.oem4f (.text:setAddrInfo)
                  00014f84    00000004     RTOS_config_pem4f.oem4f (.text:ti_sysbios_heaps_HeapMem_Module_GateProxy_enter__E)
                  00014f88    00000074     sysbios.aem4f : BIOS.obj (.text:ti_sysbios_knl_Clock_start__E)
                  00014ffc    00000074     ti.uia.runtime.aem4f : QueueDescriptor.oem4f (.text:ti_uia_runtime_QueueDescriptor_addToList__E)
                  00015070    00000072     os.aem4f : semaphore.oem4f (.text:SemCreateBinary)
                  000150e2    00000002     --HOLE-- [fill = 0]
                  000150e4    00000070     http_ndk.aem4f : httpcli.oem4f (.text:HTTPCli_sendRequest)
                  00015154    00000070     stk.aem4f : socket.oem4f (.text:NDK_accept)
                  000151c4    00000070               : socket.oem4f (.text:NDK_send)
                  00015234    00000070               : rtable.oem4f (.text:RtFlush)
                  000152a4    00000070     netctrl_min_ipv4.aem4f : netsrv.oem4f (.text:SPConfig)
                  00015314    00000070     stk.aem4f : sock.oem4f (.text:SockShutdown)
                  00015384    00000070     nettool_ipv4.aem4f : dhcptags.oem4f (.text:dhcpDecodeType)
                  000153f4    00000004     RTOS_config_pem4f.oem4f (.text:ti_sysbios_heaps_HeapMem_Module_GateProxy_leave__E)
                  000153f8    00000070     sysbios.aem4f : BIOS.obj (.text:ti_sysbios_knl_Semaphore_Instance_init__E)
                  00015468    0000006e     stk.aem4f : socket.oem4f (.text:NDK_recv)
                  000154d6    00000002     --HOLE-- [fill = 0]
                  000154d8    0000006e               : rtable.oem4f (.text:RtWalkNext)
                  00015546    0000006e               : sockpcb.oem4f (.text:SockPcbFindRaw)
                  000155b4    0000006d               : node.oem4f (.text:NodeNew)
                  00015621    00000003     --HOLE-- [fill = 0]
                  00015624    0000006d     ti.targets.arm.rtsarm.aem4f : System.oem4f (.text:xdc_runtime_System_formatNum__I)
                  00015691    00000003     --HOLE-- [fill = 0]
                  00015694    0000006c     os.aem4f : ossys.oem4f (.text:DbgPrintf)
                  00015700    0000006c     stk.aem4f : node.oem4f (.text:NodeTreeNew)
                  0001576c    0000006c               : raweth.oem4f (.text:RawEthTxPacket)
                  000157d8    0000006c               : udp.oem4f (.text:UdpChecksum)
                  00015844    0000006c     dsplib-cm4f.lib : arm_offset_f32.obj (.text:arm_offset_f32)
                  000158b0    0000006c                     : arm_scale_f32.obj (.text:arm_scale_f32)
                  0001591c    0000006c     http_ndk.aem4f : httpcli.oem4f (.text:checkContentField)
                  00015988    0000006c     sysbios.aem4f : BIOS.obj (.text:ti_sysbios_knl_Swi_restoreHwi__E)
                  000159f4    00000004     RTOS_config_pem4f.oem4f (.text:ti_sysbios_knl_Clock_TimerProxy_getMaxTicks__E)
                  000159f8    0000006c     sysbios.aem4f : BIOS.obj (.text:ti_sysbios_utils_Load_taskCreateHook__E)
                  00015a64    0000006c     ti.targets.arm.rtsarm.aem4f : Error.oem4f (.text:xdc_runtime_Error_print__E)
                  00015ad0    0000006c                                 : Memory.oem4f (.text:xdc_runtime_Memory_alloc__E)
                  00015b3c    0000006a     stk.aem4f : tcpprot.oem4f (.text:TcpPrInherit)
                  00015ba6    00000002     --HOLE-- [fill = 0]
                  00015ba8    00000068     driverlib.lib : interrupt.obj (.text:IntEnable)
                  00015c10    00000068     stk.aem4f : socket.oem4f (.text:NDK_socket)
                  00015c78    00000068               : pbm.oem4f (.text:PBM_open)
                  00015ce0    00000068               : sock.oem4f (.text:SockListen)
                  00015d48    00000068     adc_sample.obj (.text:TIMER_ADC_init)
                  00015db0    00000068     stk.aem4f : rtable.oem4f (.text:_RtNodeInsert)
                  00015e18    00000068     dsplib-cm4f.lib : arm_mean_f32.obj (.text:arm_mean_f32)
                  00015e80    00000068     rtsv7M4_T_le_v4SPD16_eabi.lib : copy_decompress_lzss.obj (.text:decompress:lzss)
                  00015ee8    00000068                                   : trgmsg.obj (.text)
                  00015f50    00000068     sysbios.aem4f : BIOS.obj (.text:ti_sysbios_utils_Load_addTask__E)
                  00015fb8    00000066     ti.uia.loggers.aem4f : LoggerStopMode.oem4f (.text:ti_uia_loggers_LoggerStopMode_flush__E)
                  0001601e    00000066     ti.targets.arm.rtsarm.aem4f : Core-mem.oem4f (.text:xdc_runtime_Core_deleteObject__I)
                  00016084    00000064     nettool_ipv4.aem4f : config.oem4f (.text:CfgFree)
                  000160e8    00000064     drivers_tivaware.aem4f : GPIOTiva.oem4f (.text:GPIO_hwiIntFxn)
                  0001614c    00000064     stk.aem4f : pbm.oem4f (.text:PBMQ_enq)
                  000161b0    00000064               : sockint.oem4f (.text:SockSpawnAbort)
                  00016214    00000064     hal_timer_bios.aem4f : lltimer.oem4f (.text:llTimerTick)
                  00016278    00000064     rtsv7M4_T_le_v4SPD16_eabi.lib : s_frexp.obj (.text)
                  000162dc    00000004     RTOS_config_pem4f.oem4f (.text:ti_sysbios_knl_Clock_TimerProxy_getPeriod__E)
                  000162e0    00000064     sysbios.aem4f : BIOS.obj (.text:ti_sysbios_family_arm_lm4_Timer_Module_startup__E)
                  00016344    00000064     RTOS_config_pem4f.oem4f (.text:ti_sysbios_family_arm_m3_Hwi_create)
                  000163a8    00000064     stk.aem4f : lliin.oem4f (.text:updateRtTable)
                  0001640c    00000062               : ipin.oem4f (.text:IPRouteIP)
                  0001646e    00000002     --HOLE-- [fill = 0]
                  00016470    00000062               : sb.oem4f (.text:SBNew)
                  000164d2    00000002     --HOLE-- [fill = 0]
                  000164d4    00000060     nettool_ipv4.aem4f : config.oem4f (.text:CfgGetEntryCnt)
                  00016534    00000060     stk.aem4f : file.oem4f (.text:FdWaitEvent)
                  00016594    00000060               : nimu.oem4f (.text:NIMUUnregister)
                  000165f4    00000060               : node.oem4f (.text:NodeFind)
                  00016654    00000060               : rtc.oem4f (.text:RTCMsg)
                  000166b4    00000060               : tcp.oem4f (.text:TcpChecksum)
                  00016714    00000060     driverlib.lib : timer.obj (.text:TimerConfigure)
                  00016774    00000060     nettool_ipv4.aem4f : dhcptags.oem4f (.text:dhcpBuildOptions)
                  000167d4    00000060     rtsv7M4_T_le_v4SPD16_eabi.lib : sprintf.obj (.text)
                  00016834    00000004     RTOS_config_pem4f.oem4f (.text:ti_sysbios_knl_Queue_destruct)
                  00016838    00000060     sysbios.aem4f : BIOS.obj (.text:ti_sysbios_family_arm_lm4_Timer_isrStub__E)
                  00016898    00000060                   : BIOS.obj (.text:ti_sysbios_knl_Clock_logTick__E)
                  000168f8    00000060                   : BIOS.obj (.text:ti_sysbios_utils_Load_logCPULoad__I)
                  00016958    00000060                   : BIOS.obj (.text:ti_sysbios_utils_Load_updateCurrentThreadTime__E)
                  000169b8    0000005e     stk.aem4f : route.oem4f (.text:RtRemove)
                  00016a16    0000005e     nettool_ipv4.aem4f : dhcpsm.oem4f (.text:StateSelecting)
                  00016a74    0000005e     stk.aem4f : vlan.oem4f (.text:VLANReceivePacket)
                  00016ad2    00000002     --HOLE-- [fill = 0]
                  00016ad4    0000005c     nettool_ipv4.aem4f : config.oem4f (.text:CfgSetExecuteOrder)
                  00016b30    0000005c     stk.aem4f : nimu.oem4f (.text:NIMUIoctlSpecialCmd)
                  00016b8c    0000005c     netctrl_min_ipv4.aem4f : netsrv.oem4f (.text:SPService)
                  00016be8    0000005c     RTOS_config_pem4f.oem4f (.text:ti_sysbios_knl_Swi_create)
                  00016c44    00000004     RTOS_config_pem4f.oem4f (.text:ti_sysbios_knl_Semaphore_delete)
                  00016c48    0000005c     sysbios.aem4f : BIOS.obj (.text:ti_sysbios_knl_Swi_schedule__I)
                  00016ca4    0000005c     RTOS_config_pem4f.oem4f (.text:ti_sysbios_knl_Task_create)
                  00016d00    0000005b     ti.targets.arm.rtsarm.aem4f : Text.oem4f (.text:xdc_runtime_Text_putLab__E)
                  00016d5b    00000001     --HOLE-- [fill = 0]
                  00016d5c    0000005a     stk.aem4f : route.oem4f (.text:RtRedirect)
                  00016db6    0000005a               : tcpprot.oem4f (.text:TcpValidateMetrics)
                  00016e10    0000005a     nettool_ipv4.aem4f : dhcpbild.oem4f (.text:dhcpBuildDecline)
                  00016e6a    0000005a     os.aem4f : mem.oem4f (.text:mmCopy)
                  00016ec4    0000005a     RTOS_config_pem4f.oem4f (.text:ti_ndk_config_tcp_init)
                  00016f1e    00000002     --HOLE-- [fill = 0]
                  00016f20    00000058     stk.aem4f : bind.oem4f (.text:BindFree)
                  00016f78    00000058     boot.aem4f : boot.oem4f (.text)
                  00016fd0    00000058     driverlib.lib : emac.obj (.text:EMACPHYConfigSet)
                  00017028    00000058     stk.aem4f : igmp.oem4f (.text:IGMPTimer)
                  00017080    00000058     os.aem4f : semaphore.oem4f (.text:SemCreate)
                  000170d8    00000058     driverlib.lib : timer.obj (.text:TimerControlTrigger)
                  00017130    00000058     sysbios.aem4f : m3_Hwi_asm_switch.obj (.text:ti_sysbios_family_arm_m3_Hwi_initStacks__E)
                  00017188    00000056     driverlib.lib : gpio.obj (.text:GPIOIntTypeSet)
                  000171de    00000056     http_ndk.aem4f : httpcli.oem4f (.text:sprsend)
                  00017234    00000054     nettool_ipv4.aem4f : config.oem4f (.text:CfgEntryDeRef)
                  00017288    00000054     http_ndk.aem4f : httpcli.oem4f (.text:HTTPCli_sendField)
                  000172dc    00000054     stk.aem4f : igmp.oem4f (.text:IGMPLeave)
                  00017330    00000054               : rawethsock_pcb.oem4f (.text:RawEthSockPcbAttach)
                  00017384    00000054               : sockpcb.oem4f (.text:SockCleanPcb)
                  000173d8    00000054               : tcptime.oem4f (.text:TcpTimeoutPersist)
                  0001742c    00000054     http_ndk.aem4f : httpcli.oem4f (.text:asyncThread)
                  00017480    00000054     rtsv7M4_T_le_v4SPD16_eabi.lib : exit.obj (.text)
                  000174d4    00000054                                   : ltoa.obj (.text)
                  00017528    00000054     sysbios.aem4f : BIOS.obj (.text:ti_sysbios_knl_Swi_Instance_finalize__E)
                  0001757c    00000004     RTOS_config_pem4f.oem4f (.text:ti_sysbios_knl_Semaphore_destruct)
                  00017580    00000054     sysbios.aem4f : BIOS.obj (.text:ti_sysbios_utils_Load_taskSwitchHook__E)
                  000175d4    00000054     ti.targets.arm.rtsarm.aem4f : Assert.oem4f (.text:xdc_runtime_Assert_raise__I)
                  00017628    00000052     nettool_ipv4.aem4f : dnscomn.oem4f (.text:DNSReplyFree)
                  0001767a    00000052     stk.aem4f : tcpprot.oem4f (.text:TcpPrDetach)
                  000176cc    00000050     drivers_tivaware.aem4f : GPIOTiva.oem4f (.text:GPIO_setCallback)
                  0001771c    00000050                            : GPIOTiva.oem4f (.text:GPIO_toggle)
                  0001776c    00000050                            : GPIOTiva.oem4f (.text:GPIO_write)
                  000177bc    00000050     stk.aem4f : socket.oem4f (.text:NDK_bind)
                  0001780c    00000050               : socket.oem4f (.text:NDK_connect)
                  0001785c    00000050               : route.oem4f (.text:RtNew)
                  000178ac    00000050     driverlib.lib : sysctl.obj (.text:SysCtlPeripheralReset)
                  000178fc    00000050     Boot.aem4f : Boot_sysctl.oem4f (.text:_SysCtlFrequencyGet)
                  0001794c    00000004     RTOS_config_pem4f.oem4f (.text:ti_sysbios_knl_Swi_delete)
                  00017950    00000050     sysbios.aem4f : BIOS.obj (.text:ti_sysbios_family_arm_m3_Hwi_Module_startup__E)
                  000179a0    00000050     ti.targets.arm.rtsarm.aem4f : Startup.oem4f (.text:xdc_runtime_Startup_exec__E)
                  000179f0    00000050                                 : Text.oem4f (.text:xdc_runtime_Text_visitRope2__I)
                  00017a40    0000004e     stk.aem4f : node.oem4f (.text:NodeDeRef)
                  00017a8e    0000004e     nettool_ipv4.aem4f : config.oem4f (.text:_CfgEntryScan)
                  00017adc    0000004c                        : ipaddr.oem4f (.text:NtAddNetwork)
                  00017b28    0000004c     stk.aem4f : sockint.oem4f (.text:SockValidateRoute)
                  00017b74    0000004c     rtsv7M4_T_le_v4SPD16_eabi.lib : atoi.obj (.text)
                  00017bc0    0000004c                                   : cpy_tbl.obj (.text)
                  00017c0c    00000004     RTOS_config_pem4f.oem4f (.text:ti_sysbios_knl_Task_delete)
                  00017c10    0000004c     sysbios.aem4f : BIOS.obj (.text:ti_sysbios_heaps_HeapMem_getStats__E)
                  00017c5c    00000004     ti.uia.loggers.aem4f : LoggerStopMode.oem4f (.text:ti_uia_loggers_LoggerStopMode_getContents__E)
                  00017c60    0000004c     sysbios.aem4f : BIOS.obj (.text:ti_sysbios_knl_Swi_runLoop__I)
                  00017cac    00000004     RTOS_config_pem4f.oem4f (.text:ti_uia_loggers_LoggerStopMode_getFilterLevel__E)
                  00017cb0    0000004c     sysbios.aem4f : BIOS.obj (.text:ti_sysbios_knl_Task_allBlockedFunction__I)
                  00017cfc    0000004c     ti.uia.loggers.aem4f : LoggerStopMode.oem4f (.text:ti_uia_loggers_LoggerStopMode_Module_startup__E)
                  00017d48    0000004a     netctrl_min_ipv4.aem4f : netsrv.oem4f (.text:ServiceKill)
                  00017d92    0000004a     stk.aem4f : sock.oem4f (.text:SockDisconnect)
                  00017ddc    0000004a               : timer.oem4f (.text:TimerNew)
                  00017e26    00000048     nettool_ipv4.aem4f : config.oem4f (.text:CfgNew)
                  00017e6e    00000002     --HOLE-- [fill = 0]
                  00017e70    00000048     driverlib.lib : gpio.obj (.text:GPIOPinConfigure)
                  00017eb8    00000048     stk.aem4f : lli.oem4f (.text:LLIMsg)
                  00017f00    00000048               : node.oem4f (.text:NodeWalk)
                  00017f48    00000048               : rawethsock_pcb.oem4f (.text:RawEthSockPcbDetach)
                  00017f90    00000048               : sockpcb.oem4f (.text:SockPcbResolveChain)
                  00017fd8    00000048               : tcpprot.oem4f (.text:TcpDrop)
                  00018020    00000048               : lli.oem4f (.text:_LLIExpListInsert)
                  00018068    00000048               : rtable.oem4f (.text:_RtExpListInsert)
                  000180b0    00000048     driverlib.lib : sysctl.obj (.text:_SysCtlFrequencyGet)
                  000180f8    00000048     dsplib-cm4f.lib : arm_copy_f32.obj (.text:arm_copy_f32)
                  00018140    00000048     stk.aem4f : file.oem4f (.text:fdint_lockfd)
                  00018188    00000048     rtsv7M4_T_le_v4SPD16_eabi.lib : fd_toi_t2.obj (.text)
                  000181d0    00000048     sysbios.aem4f : BIOS.obj (.text:ti_sysbios_family_arm_m3_Hwi_disableInterrupt__E)
                  00018218    00000048                   : BIOS.obj (.text:ti_sysbios_family_arm_m3_Hwi_enableInterrupt__E)
                  00018260    00000048                   : BIOS.obj (.text:ti_sysbios_family_arm_m3_Hwi_excReserved__I)
                  000182a8    00000048                   : BIOS.obj (.text:ti_sysbios_knl_Task_deleteTerminatedTasksFunc__I)
                  000182f0    00000048                   : BIOS.obj (.text:ti_sysbios_utils_Load_taskDeleteHook__E)
                  00018338    00000048     driverlib.lib : udma.obj (.text:uDMAChannelAttributeDisable)
                  00018380    00000048                   : udma.obj (.text:uDMAChannelAttributeEnable)
                  000183c8    00000046     nettool_ipv4.aem4f : ipaddr.oem4f (.text:NtIfIdx2Ip)
                  0001840e    00000046     stk.aem4f : rawethsock.oem4f (.text:RawEthSockSend)
                  00018454    00000046               : tcpprot.oem4f (.text:TcpPrCtlError)
                  0001849a    00000046     os.aem4f : mem.oem4f (.text:mmZeroInit)
                  000184e0    00000046     ti.targets.arm.rtsarm.aem4f : Core-params.oem4f (.text:xdc_runtime_Core_assignParams__I)
                  00018526    00000002     --HOLE-- [fill = 0]
                  00018528    00000044     drivers_tivaware.aem4f : EMACSnow.oem4f (.text:EMACSnow_processTransmitted)
                  0001856c    00000044     stk.aem4f : icmp.oem4f (.text:ICMPChecksum)
                  000185b0    00000044               : ipfrag.oem4f (.text:IPReasmFree)
                  000185f4    00000044               : lli.oem4f (.text:LLIGetValidTime)
                  00018638    00000044               : rtable.oem4f (.text:RouteMsg)
                  0001867c    00000044               : rtable.oem4f (.text:RtWalkEnd)
                  000186c0    00000044               : sockpcb.oem4f (.text:SockPcbDetach)
                  00018704    00000044               : timer.oem4f (.text:TimerListInsert)
                  00018748    00000044     hal_timer_bios.aem4f : lltimer.oem4f (.text:llTimerGetTime)
                  0001878c    00000004     ti.uia.loggers.aem4f : LoggerStopMode.oem4f (.text:ti_uia_loggers_LoggerStopMode_getInstanceId__E)
                  00018790    00000044     sysbios.aem4f : BIOS.obj (.text:ti_sysbios_family_arm_lm4_Timer_stop__E)
                  000187d4    00000004     ti.uia.loggers.aem4f : LoggerStopMode.oem4f (.text:ti_uia_loggers_LoggerStopMode_getMaxLength__E)
                  000187d8    00000044     sysbios.aem4f : BIOS.obj (.text:ti_sysbios_family_arm_m3_Hwi_getStackInfo__E)
                  0001881c    00000004     ti.uia.loggers.aem4f : LoggerStopMode.oem4f (.text:ti_uia_loggers_LoggerStopMode_getPriority__E)
                  00018820    00000044     sysbios.aem4f : BIOS.obj (.text:ti_sysbios_utils_Load_removeTask__E)
                  00018864    00000044     ti.uia.loggers.aem4f : LoggerStopMode.oem4f (.text:ti_uia_loggers_LoggerStopMode_initBuffer__I)
                  000188a8    00000044     ti.targets.arm.rtsarm.aem4f : Error.oem4f (.text:xdc_runtime_Error_setX__E)
                  000188ec    00000044                                 : SysMin.oem4f (.text:xdc_runtime_SysMin_flush__E)
                  00018930    00000044                                 : Text.oem4f (.text:xdc_runtime_Text_xprintf__I)
                  00018974    00000042     stk.aem4f : socket.oem4f (.text:NDK_listen)
                  000189b6    00000042               : tcpprot.oem4f (.text:TcpPrSendOOB)
                  000189f8    00000042               : fileuser.oem4f (.text:fdCloseSession)
                  00018a3a    00000040     nettool_ipv4.aem4f : dnspkt.oem4f (.text:DNSBuildRequest)
                  00018a7a    00000002     --HOLE-- [fill = 0]
                  00018a7c    00000040     driverlib.lib : eeprom.obj (.text:EEPROMInit)
                  00018abc    00000040     http_ndk.aem4f : httpcli.oem4f (.text:HTTPCli_readResponseBody)
                  00018afc    00000040     stk.aem4f : lliin.oem4f (.text:LLIValidateRoute)
                  00018b3c    00000040               : pbm.oem4f (.text:PBM_copy)
                  00018b7c    00000040               : sockpcb.oem4f (.text:SockPcbRtChange)
                  00018bbc    00000040               : tcpprot.oem4f (.text:TcpPrSend)
                  00018bfc    00000040     rtsv7M4_T_le_v4SPD16_eabi.lib : u_divt2.obj (.text)
                  00018c3c    00000040     http_ndk.aem4f : httpcli.oem4f (.text:threadCreate)
                  00018c7c    00000004     ti.uia.loggers.aem4f : LoggerStopMode.oem4f (.text:ti_uia_loggers_LoggerStopMode_getTransferType__E)
                  00018c80    00000040     sysbios.aem4f : BIOS.obj (.text:ti_sysbios_family_arm_lm4_Timer_startup__E)
                  00018cc0    0000003e     driverlib.lib : adc.obj (.text:ADCSequenceConfigure)
                  00018cfe    0000003e     nettool_ipv4.aem4f : dhcpmain.oem4f (.text:DHCPClose)
                  00018d3c    0000003e     stk.aem4f : nimu.oem4f (.text:NIMUAllocateName)
                  00018d7a    0000003e     os.aem4f : task.oem4f (.text:TaskCreate)
                  00018db8    0000003e     stk.aem4f : tcpprot.oem4f (.text:TcpPrDisconnect)
                  00018df6    0000003e     dsplib-cm4f.lib : arm_rfft_fast_f32.obj (.text:arm_rfft_fast_f32)
                  00018e34    0000003e     stk.aem4f : file.oem4f (.text:fdint_unlockfd)
                  00018e72    0000003c     nettool_ipv4.aem4f : config.oem4f (.text:CfgEntryGetData)
                  00018eae    0000003c     driverlib.lib : emac.obj (.text:EMACIntDisable)
                  00018eea    0000003c     stk.aem4f : node.oem4f (.text:NodeUpdatePL)
                  00018f26    00000002     --HOLE-- [fill = 0]
                  00018f28    0000003c               : rtable.oem4f (.text:RtWalkBegin)
                  00018f64    0000003c               : tcpprot.oem4f (.text:TcpPrConnect)
                  00018fa0    0000003c               : tcptime.oem4f (.text:TcpSetPersist)
                  00018fdc    0000003c               : rtc.oem4f (.text:_RTCSendRtAdv)
                  00019018    0000003c               : rtable.oem4f (.text:_RtNodeRemove)
                  00019054    0000003c     hal_timer_bios.aem4f : lltimer.oem4f (.text:_llTimerInit)
                  00019090    0000003c     rtsv7M4_T_le_v4SPD16_eabi.lib : strncasecmp.obj (.text)
                  000190cc    00000004     ti.targets.arm.rtsarm.aem4f : Error.oem4f (.text:xdc_runtime_Error_getMsg__E)
                  000190d0    0000003c     sysbios.aem4f : BIOS.obj (.text:ti_sysbios_family_arm_m3_Hwi_excSvCall__I)
                  0001910c    00000004     ti.targets.arm.rtsarm.aem4f : Error.oem4f (.text:xdc_runtime_Error_getSite__E)
                  00019110    0000003c     sysbios.aem4f : BIOS.obj (.text:ti_sysbios_heaps_HeapMem_init__I)
                  0001914c    00000004     RTOS_config_pem4f.oem4f (.text:xdc_runtime_System_Module_GateProxy_enter__E)
                  00019150    0000003c     sysbios.aem4f : BIOS.obj (.text:ti_sysbios_knl_Swi_startup__E)
                  0001918c    0000003a     driverlib.lib : emac.obj (.text:EMACIntEnable)
                  000191c6    00000002     --HOLE-- [fill = 0]
                  000191c8    00000038                   : emac.obj (.text:EMACConfigGet)
                  00019200    00000038     stk.aem4f : ipfrag.oem4f (.text:IPReasmTimeout)
                  00019238    00000038               : node.oem4f (.text:NodeGetRt)
                  00019270    00000038     driverlib.lib : sysctl.obj (.text:SysCtlPeripheralReady)
                  000192a8    00000038     stk.aem4f : tcpprot.oem4f (.text:TcpClose)
                  000192e0    00000038               : timer.oem4f (.text:TimerHSTick)
                  00019318    00000038     nettool_ipv4.aem4f : dhcpbild.oem4f (.text:dhcpBuildDiscover)
                  00019350    00000038                        : dhcptags.oem4f (.text:dhcpOptionsClear)
                  00019388    00000038     stk.aem4f : file.oem4f (.text:fdint_waitevent)
                  000193c0    00000038     sysbios.aem4f : BIOS.obj (.text:ti_sysbios_family_arm_m3_Hwi_excNoIsr__I)
                  000193f8    00000038     RTOS_config_pem4f.oem4f (.text:ti_sysbios_knl_Clock_create)
                  00019430    00000038     sysbios.aem4f : BIOS.obj (.text:ti_sysbios_knl_Task_processVitalTaskFlag__I)
                  00019468    00000038     ti.targets.arm.rtsarm.aem4f : SysMin.oem4f (.text:xdc_runtime_SysMin_putch__E)
                  000194a0    00000038                                 : System.oem4f (.text:xdc_runtime_System_atexit__E)
                  000194d8    00000036     stk.aem4f : ip.oem4f (.text:IPChecksum)
                  0001950e    00000036     network_ndk.aem4f : ssock.oem4f (.text:Ssock_recv)
                  00019544    00000036     rtsv7M4_T_le_v4SPD16_eabi.lib : strncpy.obj (.text)
                  0001957a    00000002     --HOLE-- [fill = 0]
                  0001957c    00000034     nettool_ipv4.aem4f : config.oem4f (.text:CfgSetService)
                  000195b0    00000034     driverlib.lib : eeprom.obj (.text:EEPROMRead)
                  000195e4    00000034                   : emac.obj (.text:EMACConfigSet)
                  00019618    00000034                   : emac.obj (.text:EMACIntClear)
                  0001964c    00000034     drivers_tivaware.aem4f : EMACSnow.oem4f (.text:EMACSnow_emacPoll)
                  00019680    00000034                            : EMACSnow.oem4f (.text:EMACSnow_isLinkUp)
                  000196b4    00000034                            : EMAC.oem4f (.text:EMAC_init)
                  000196e8    00000034     stk.aem4f : exec.oem4f (.text:ExecClose)
                  0001971c    00000034               : nimu.oem4f (.text:NIMUFindByName)
                  00019750    00000034               : nimu.oem4f (.text:NIMUInit)
                  00019784    00000034               : rawethsock.oem4f (.text:RawEthSockNotify)
                  000197b8    00000034               : sockprot.oem4f (.text:SockPrCtlError)
                  000197ec    00000034     driverlib.lib : sysctl.obj (.text:SysCtlPeripheralEnable)
                  00019820    00000034     os.aem4f : mem.oem4f (.text:mmUnInitPage)
                  00019854    00000034              : ossys.oem4f (.text:stricmp)
                  00019888    00000034     sysbios.aem4f : BIOS.obj (.text:ti_sysbios_family_arm_m3_Hwi_Instance_finalize__E)
                  000198bc    00000004     RTOS_config_pem4f.oem4f (.text:xdc_runtime_System_Module_GateProxy_leave__E)
                  000198c0    00000034     sysbios.aem4f : BIOS.obj (.text:ti_sysbios_family_arm_m3_Hwi_excNmi__I)
                  000198f4    00000004     ti.targets.arm.rtsarm.aem4f : System.oem4f (.text:xdc_runtime_System_aprintf_va__F)
                  000198f8    00000034     sysbios.aem4f : BIOS.obj (.text:ti_sysbios_hal_Hwi_checkStack)
                  0001992c    00000034     RTOS_config_pem4f.oem4f (.text:ti_sysbios_knl_Semaphore_create)
                  00019960    00000034     ti.uia.loggers.aem4f : LoggerStopMode.oem4f (.text:ti_uia_loggers_LoggerStopMode_reset__E)
                  00019994    00000034     ti.targets.arm.rtsarm.aem4f : Core-label.oem4f (.text:xdc_runtime_Core_assignLabel__I)
                  000199c8    00000033                                 : Text.oem4f (.text:xdc_runtime_Text_printVisFxn__I)
                  000199fb    00000001     --HOLE-- [fill = 0]
                  000199fc    00000032     nettool_ipv4.aem4f : config.oem4f (.text:CfgGetImmediate)
                  00019a2e    00000032     stk.aem4f : route.oem4f (.text:RtDeRef)
                  00019a60    00000032               : route.oem4f (.text:RtSetFailure)
                  00019a92    00000032               : sb.oem4f (.text:SBFlush)
                  00019ac4    00000032               : sb.oem4f (.text:SBSetMax)
                  00019af6    00000032               : sock.oem4f (.text:SockIntAbort)
                  00019b28    00000032     nettool_ipv4.aem4f : config.oem4f (.text:_CfgAcquire)
                  00019b5a    00000032                        : dhcpsm.oem4f (.text:dhcpIPRemove)
                  00019b8c    00000004     ti.targets.arm.rtsarm.aem4f : System.oem4f (.text:xdc_runtime_System_printf_va__F)
                  00019b90    00000032     sysbios.aem4f : BIOS.obj (.text:ti_sysbios_hal_Hwi_initStack)
                  00019bc2    00000006     driverlib.lib : emac.obj (.text:EMACTxDMADescriptorListSet)
                  00019bc8    00000032     sysbios.aem4f : BIOS.obj (.text:ti_sysbios_knl_Event_pendTimeout__I)
                  00019bfa    00000006     driverlib.lib : gpio.obj (.text:GPIOIntClear)
                  00019c00    00000032     sysbios.aem4f : BIOS.obj (.text:ti_sysbios_knl_Semaphore_pendTimeout__I)
                  00019c32    00000030     driverlib.lib : emac.obj (.text:EMACAddrSet)
                  00019c62    00000002     --HOLE-- [fill = 0]
                  00019c64    00000030     drivers_tivaware.aem4f : EMACSnow.oem4f (.text:EMACSnow_handlePackets)
                  00019c94    00000030     netctrl_min_ipv4.aem4f : netsrv.oem4f (.text:NS_PreBoot)
                  00019cc4    00000030     stk.aem4f : sock.oem4f (.text:SockBind)
                  00019cf4    00000030               : sock.oem4f (.text:SockGetName)
                  00019d24    00000030     nettool_ipv4.aem4f : dhcpsock.oem4f (.text:dhcpPacketSend)
                  00019d54    00000030     stk.aem4f : listlib.oem4f (.text:list_remove_node)
                  00019d84    00000030     http_ndk.aem4f : httpcli.oem4f (.text:skipLine)
                  00019db4    00000030     RTOS_config_pem4f.oem4f (.text:ti_sysbios_BIOS_atExitFunc__I)
                  00019de4    00000004     --HOLE-- [fill = 0]
                  00019de8    00000030     sysbios.aem4f : BIOS.obj (.text:ti_sysbios_family_arm_m3_TaskSupport_start__E)
                  00019e18    00000030     RTOS_config_pem4f.oem4f (.text:ti_sysbios_gates_GateHwi_Object__create__S)
                  00019e48    00000030     RTOS_config_pem4f.oem4f (.text:ti_sysbios_gates_GateMutex_Object__create__S)
                  00019e78    00000030     RTOS_config_pem4f.oem4f (.text:ti_sysbios_heaps_HeapMem_Object__create__S)
                  00019ea8    00000030     RTOS_config_pem4f.oem4f (.text:ti_sysbios_knl_Semaphore_construct)
                  00019ed8    00000030     RTOS_config_pem4f.oem4f (.text:ti_uia_loggers_LoggerStopMode_Object__create__S)
                  00019f08    00000030     ti.targets.arm.rtsarm.aem4f : SysMin.oem4f (.text:xdc_runtime_SysMin_abort__E)
                  00019f38    00000030                                 : System.oem4f (.text:xdc_runtime_System_processAtExit__E)
                  00019f68    0000002e     stk.aem4f : sb.oem4f (.text:SBFree)
                  00019f96    0000002e     RTOS_config_pem4f.oem4f (.text:malloc)
                  00019fc4    0000002e     rtsv7M4_T_le_v4SPD16_eabi.lib : i_tofd_t2.obj (.text)
                  00019ff2    0000002e                                   : strcasecmp.obj (.text)
                  0001a020    0000002c     driverlib.lib : emac.obj (.text:EMACIntStatus)
                  0001a04c    0000002c     stk.aem4f : file.oem4f (.text:FdSignalEvent)
                  0001a078    0000002c               : igmp.oem4f (.text:IGMPTestGroup)
                  0001a0a4    0000002c     os.aem4f : task.oem4f (.text:NDK_hookCreate)
                  0001a0d0    0000002c     stk.aem4f : nimu.oem4f (.text:NIMUAllocateIndex)
                  0001a0fc    0000002c               : nimu.oem4f (.text:NIMUPacketServiceCheck)
                  0001a128    0000002c               : pipe.oem4f (.text:PipeClose)
                  0001a154    0000002c               : sockpcb.oem4f (.text:SockPcbAttach)
                  0001a180    0000002c               : lli.oem4f (.text:_LLIExpListRemove)
                  0001a1ac    0000002c               : lli.oem4f (.text:_LLITimeoutFlush)
                  0001a1d8    0000002c               : rtable.oem4f (.text:_RtExpListRemove)
                  0001a204    0000002c     http_ndk.aem4f : httpcli.oem4f (.text:lookUpResponseFields)
                  0001a230    0000002c     rtsv7M4_T_le_v4SPD16_eabi.lib : strncmp.obj (.text)
                  0001a25c    0000002c     RTOS_config_pem4f.oem4f (.text:ti_sysbios_knl_Clock_doTick__I)
                  0001a288    0000002c     RTOS_config_pem4f.oem4f (.text:ti_sysbios_knl_Queue_construct)
                  0001a2b4    00000004     --HOLE-- [fill = 0]
                  0001a2b8    0000002c     sysbios.aem4f : BIOS.obj (.text:ti_sysbios_knl_Task_restore__E)
                  0001a2e4    0000002c     driverlib.lib : udma.obj (.text:uDMAChannelAssign)
                  0001a310    0000002c     ti.targets.arm.rtsarm.aem4f : Text.oem4f (.text:xdc_runtime_Text_cordText__E)
                  0001a33c    0000002a     driverlib.lib : gpio.obj (.text:GPIODirModeSet)
                  0001a366    0000002a     stk.aem4f : pbm.oem4f (.text:PBMQ_deq)
                  0001a390    0000002a     netctrl_min_ipv4.aem4f : netsrv.oem4f (.text:ServiceCallback)
                  0001a3ba    0000002a     nettool_ipv4.aem4f : config.oem4f (.text:_CfgRelease)
                  0001a3e4    0000002a                        : inetaddr.oem4f (.text:mergeLists)
                  0001a40e    0000002a     ti.targets.arm.rtsarm.aem4f : System.oem4f (.text:xdc_runtime_System_putchar__I)
                  0001a438    00000028     stk.aem4f : bind.oem4f (.text:BindFindByNet)
                  0001a460    00000028               : lli.oem4f (.text:LLIFree)
                  0001a488    00000028     netctrl_min_ipv4.aem4f : netctrl.oem4f (.text:NC_SystemClose)
                  0001a4b0    00000028     stk.aem4f : nimu.oem4f (.text:NIMUCreatePacket)
                  0001a4d8    00000028               : nimu.oem4f (.text:NIMUPacketService)
                  0001a500    00000028               : tcpin.oem4f (.text:TcpEnterTimeWait)
                  0001a528    00000028               : timer.oem4f (.text:TimerListRemove)
                  0001a550    00000028               : vlan.oem4f (.text:VLANFindSourceInterface)
                  0001a578    00000028               : vlan.oem4f (.text:VLANInit)
                  0001a5a0    00000028     nettool_ipv4.aem4f : dhcpsock.oem4f (.text:dhcpPacketReceive)
                  0001a5c8    00000028     rtsv7M4_T_le_v4SPD16_eabi.lib : e_sqrtf.obj (.text)
                  0001a5f0    00000028     drivers_tivaware.aem4f : EMACSnow.oem4f (.text:signalLinkChange)
                  0001a618    00000028     RTOS_config_pem4f.oem4f (.text:ti_sysbios_BIOS_startFunc__I)
                  0001a640    00000028     sysbios.aem4f : BIOS.obj (.text:ti_sysbios_knl_Semaphore_Instance_finalize__E)
                  0001a668    00000028                   : BIOS.obj (.text:ti_sysbios_knl_Semaphore_reset__E)
                  0001a690    00000028                   : BIOS.obj (.text:ti_sysbios_knl_Swi_Module_startup__E)
                  0001a6b8    00000028     driverlib.lib : udma.obj (.text:uDMAChannelModeGet)
                  0001a6e0    00000026     nettool_ipv4.aem4f : config.oem4f (.text:CfgEntryInfo)
                  0001a706    00000026     driverlib.lib : emac.obj (.text:EMACPHYRead)
                  0001a72c    00000026                   : emac.obj (.text:EMACPHYWrite)
                  0001a752    00000026     stk.aem4f : rawethsock.oem4f (.text:RawEthSockClose)
                  0001a778    00000026     RTOS_config_pem4f.oem4f (.text:ti_ndk_config_udp_init)
                  0001a79e    00000026     sysbios.aem4f : m3_Hwi_asm.obj (.text:ti_sysbios_family_arm_m3_Hwi_pendSV__I)
                  0001a7c4    00000026     ti.targets.arm.rtsarm.aem4f : System.oem4f (.text:xdc_runtime_System_avprintf__E)
                  0001a7ea    00000002     --HOLE-- [fill = 0]
                  0001a7ec    00000024     stk.aem4f : bind.oem4f (.text:BindFindByHost)
                  0001a810    00000024               : bind.oem4f (.text:BindGetIFByDBCast)
                  0001a834    00000024     drivers_tivaware.aem4f : EMACSnow.oem4f (.text:EMACSnow_pkt_service)
                  0001a858    00000024                            : EMACSnow.oem4f (.text:EMACSnow_primeRx)
                  0001a87c    00000024     stk.aem4f : exec.oem4f (.text:ExecTimer)
                  0001a8a0    00000024     http_ndk.aem4f : httpcli.oem4f (.text:HTTPCli_disconnect)
                  0001a8c4    00000024     stk.aem4f : nimu.oem4f (.text:NIMUFindByIndex)
                  0001a8e8    00000024               : rtc.oem4f (.text:RTCAddHook)
                  0001a90c    00000024               : rawethsock_pcb.oem4f (.text:RawEthSockPcbFind)
                  0001a930    00000024               : route.oem4f (.text:RtFree)
                  0001a954    00000024               : route.oem4f (.text:RtSetTimeout)
                  0001a978    00000024               : sockpcb.oem4f (.text:SockPcbCleanup)
                  0001a99c    00000024               : tcpprot.oem4f (.text:TcpPrListen)
                  0001a9c0    00000024               : tcptime.oem4f (.text:TcpTimeoutWait2)
                  0001a9e4    00000024     nettool_ipv4.aem4f : config.oem4f (.text:_CfgEntryProcess)
                  0001aa08    00000024     http_ndk.aem4f : httpcli.oem4f (.text:getRequestFieldValue)
                  0001aa2c    00000024     RTOS_config_pem4f.oem4f (.text:ti_sysbios_BIOS_registerRTSLock__I)
                  0001aa50    00000024     RTOS_config_pem4f.oem4f (.text:ti_sysbios_BIOS_removeRTSLock__I)
                  0001aa74    00000004     --HOLE-- [fill = 0]
                  0001aa78    00000024     sysbios.aem4f : BIOS.obj (.text:ti_sysbios_family_arm_m3_Hwi_doTaskRestore__I)
                  0001aa9c    00000024     RTOS_config_pem4f.oem4f (.text:ti_sysbios_gates_GateMutex_Object__delete__S)
                  0001aac0    00000024     sysbios.aem4f : BIOS.obj (.text:ti_sysbios_knl_Clock_Module_startup__E)
                  0001aae4    00000024     RTOS_config_pem4f.oem4f (.text:ti_sysbios_knl_Semaphore_Object__delete__S)
                  0001ab08    00000024     driverlib.lib : udma.obj (.text:uDMAChannelControlSet)
                  0001ab2c    00000024     ti.targets.arm.rtsarm.aem4f : System.oem4f (.text:xdc_runtime_System_vprintf__E)
                  0001ab50    00000022     nettool_ipv4.aem4f : config.oem4f (.text:CfgEntryRef)
                  0001ab72    00000022     stk.aem4f : vlan.oem4f (.text:VLANFindNode)
                  0001ab94    00000022     eth_network.obj (.text:setsockopt)
                  0001abb6    00000002     --HOLE-- [fill = 0]
                  0001abb8    00000022     sysbios.aem4f : BIOS.obj (.text:ti_sysbios_family_arm_lm4_Timer_write__I)
                  0001abda    00000022     RTOS_config_pem4f.oem4f (.text:xdc_runtime_SysMin_output__I)
                  0001abfc    00000020     netctrl_min_ipv4.aem4f : netctrl.oem4f (.text:NC_BootComplete)
                  0001ac1c    00000020     stk.aem4f : nimu.oem4f (.text:NIMUGetNumOfObject)
                  0001ac3c    00000020               : rtc.oem4f (.text:RTCRemoveHook)
                  0001ac5c    00000020               : tcp.oem4f (.text:TcpTimeoutRemove)
                  0001ac7c    00000020     Boot.aem4f : Boot_sysctl.oem4f (.text:_SysCtlMemTimingGet)
                  0001ac9c    00000020     RTOS_config_pem4f.oem4f (.text:ti_sysbios_BIOS_rtsLock__I)
                  0001acbc    00000020     RTOS_config_pem4f.oem4f (.text:ti_sysbios_family_arm_m3_Hwi_Object__delete__S)
                  0001acdc    00000020     sysbios.aem4f : m3_Hwi_asm.obj (.text:ti_sysbios_family_arm_m3_Hwi_excHandlerAsm__I)
                  0001acfc    00000004     --HOLE-- [fill = 0]
                  0001ad00    00000020                   : BIOS.obj (.text:ti_sysbios_family_arm_m3_Hwi_excHandler__I)
                  0001ad20    00000020     RTOS_config_pem4f.oem4f (.text:ti_sysbios_gates_GateHwi_Object__delete__S)
                  0001ad40    00000020     RTOS_config_pem4f.oem4f (.text:ti_sysbios_heaps_HeapMem_Object__delete__S)
                  0001ad60    00000020     sysbios.aem4f : BIOS.obj (.text:ti_sysbios_knl_Idle_run__E)
                  0001ad80    00000020     RTOS_config_pem4f.oem4f (.text:ti_sysbios_knl_Semaphore_Object__destruct__S)
                  0001ada0    00000020     RTOS_config_pem4f.oem4f (.text:ti_sysbios_knl_Swi_Object__delete__S)
                  0001adc0    00000020     RTOS_config_pem4f.oem4f (.text:ti_sysbios_knl_Task_Object__delete__S)
                  0001ade0    00000020     RTOS_config_pem4f.oem4f (.text:ti_uia_loggers_LoggerStopMode_Object__delete__S)
                  0001ae00    00000020     ti.targets.arm.rtsarm.aem4f : Registry.oem4f (.text:xdc_runtime_Registry_findById__E)
                  0001ae20    00000020                                 : SysMin.oem4f (.text:xdc_runtime_SysMin_Module_startup__E)
                  0001ae40    0000001e     stk.aem4f : fileuser.oem4f (.text:fdError)
                  0001ae5e    0000001e               : listlib.oem4f (.text:list_remove)
                  0001ae7c    0000001e     eth_network.obj (.text:recv)
                  0001ae9a    0000001e     rtsv7M4_T_le_v4SPD16_eabi.lib : strcat.obj (.text)
                  0001aeb8    0000001e     eth_network.obj (.text:send)
                  0001aed6    0000001e     RTOS_config_pem4f.oem4f (.text:ti_sysbios_BIOS_errorRaiseHook__I)
                  0001aef4    0000001e     sysbios.aem4f : m3_Hwi_asm_switch.obj (.text:ti_sysbios_family_xxx_Hwi_switchAndRunFunc)
                  0001af12    00000002     --HOLE-- [fill = 0]
                  0001af14    0000001c     stk.aem4f : bind.oem4f (.text:BindFindByIF)
                  0001af30    0000001c               : exec.oem4f (.text:ExecBroadcast)
                  0001af4c    0000001c     os.aem4f : ossys.oem4f (.text:NDK_sprintf)
                  0001af68    0000001c     stk.aem4f : nimu.oem4f (.text:NIMUAddHeader)
                  0001af84    0000001c               : sockprot.oem4f (.text:SockPrDetach)
                  0001afa0    0000001c     network_ndk.aem4f : ssock.oem4f (.text:Ssock_destruct)
                  0001afbc    0000001c     os.aem4f : task.oem4f (.text:TaskDestroy)
                  0001afd8    0000001c     driverlib.lib : sysctl.obj (.text:_SysCtlMemTimingGet)
                  0001aff4    0000001c     drivers_tivaware.aem4f : GPIOTiva.oem4f (.text:getGpioIntIndex)
                  0001b010    0000001c     rtsv7M4_T_le_v4SPD16_eabi.lib : memccpy.obj (.text)
                  0001b02c    0000001c     RTOS_config_pem4f.oem4f (.text:ti_ndk_config_global_taskCreateHook)
                  0001b048    0000001c     sysbios.aem4f : BIOS.obj (.text:ti_sysbios_gates_GateMutex_Instance_init__E)
                  0001b064    0000001c     RTOS_config_pem4f.oem4f (.text:ti_sysbios_knl_Queue_Object__destruct__S)
                  0001b080    0000001c     sysbios.aem4f : BIOS.obj (.text:ti_sysbios_knl_Task_enter__I)
                  0001b09c    0000001c     ti.uia.loggers.aem4f : LoggerStopMode.oem4f (.text:ti_uia_loggers_LoggerStopMode_Instance_init__E)
                  0001b0b8    0000001c     ti.targets.arm.rtsarm.aem4f : Error.oem4f (.text:xdc_runtime_Error_raiseX__E)
                  0001b0d4    0000001c                                 : Memory.oem4f (.text:xdc_runtime_Memory_valloc__E)
                  0001b0f0    0000001c                                 : SysMin.oem4f (.text:xdc_runtime_SysMin_exit__E)
                  0001b10c    0000001c                                 : System.oem4f (.text:xdc_runtime_System_abort__E)
                  0001b128    0000001a     stk.aem4f : bind.oem4f (.text:BindGetIP)
                  0001b142    0000001a               : sockint.oem4f (.text:SockSetOOBMark)
                  0001b15c    0000001a               : file.oem4f (.text:fdint_getfdt)
                  0001b176    0000001a     RTOS_config_pem4f.oem4f (.text:ti_sysbios_family_arm_m3_Hwi_Handle__label__S)
                  0001b190    0000001a     RTOS_config_pem4f.oem4f (.text:ti_sysbios_gates_GateHwi_Handle__label__S)
                  0001b1aa    0000001a     RTOS_config_pem4f.oem4f (.text:ti_sysbios_gates_GateMutex_Handle__label__S)
                  0001b1c4    0000001a     RTOS_config_pem4f.oem4f (.text:ti_sysbios_heaps_HeapMem_Handle__label__S)
                  0001b1de    0000001a     RTOS_config_pem4f.oem4f (.text:ti_sysbios_knl_Swi_Handle__label__S)
                  0001b1f8    0000001a     RTOS_config_pem4f.oem4f (.text:ti_sysbios_knl_Task_Handle__label__S)
                  0001b212    00000006     driverlib.lib : gpio.obj (.text:GPIOPinRead)
                  0001b218    0000001a     sysbios.aem4f : BIOS.obj (.text:ti_sysbios_knl_Task_sleepTimeout__I)
                  0001b232    0000001a     RTOS_config_pem4f.oem4f (.text:ti_uia_loggers_LoggerStopMode_Handle__label__S)
                  0001b24c    0000001a     RTOS_config_pem4f.oem4f (.text:xdc_runtime_System_aprintf__E)
                  0001b266    0000001a     RTOS_config_pem4f.oem4f (.text:xdc_runtime_System_printf__E)
                  0001b280    00000018     driverlib.lib : adc.obj (.text:ADCClockConfigSet)
                  0001b298    00000018     drivers_tivaware.aem4f : EMACSnow.oem4f (.text:EMACSnow_emacSend)
                  0001b2b0    00000018     stk.aem4f : ip.oem4f (.text:IPRtChange)
                  0001b2c8    00000018               : rawethsock_pcb.oem4f (.text:RawEthSockPcbCleanup)
                  0001b2e0    00000018     nettool_ipv4.aem4f : ipaddr.oem4f (.text:RouteHook)
                  0001b2f8    00000018     stk.aem4f : tcpin.oem4f (.text:SEQ_GEQ)
                  0001b310    00000018               : tcpout.oem4f (.text:SEQ_GEQ)
                  0001b328    00000018               : tcpin.oem4f (.text:SEQ_GT)
                  0001b340    00000018               : tcpout.oem4f (.text:SEQ_GT)
                  0001b358    00000018               : tcpin.oem4f (.text:SEQ_LEQ)
                  0001b370    00000018               : tcpout.oem4f (.text:SEQ_LEQ)
                  0001b388    00000018               : tcpin.oem4f (.text:SEQ_LT)
                  0001b3a0    00000018               : tcpout.oem4f (.text:SEQ_LT)
                  0001b3b8    00000018               : tcp.oem4f (.text:TcpTimeoutAdd)
                  0001b3d0    00000018     nettool_ipv4.aem4f : dhcpsock.oem4f (.text:dhcpSocketClose)
                  0001b3e8    00000018     RTOS_config_pem4f.oem4f (.text:free)
                  0001b400    00000018     nettool_ipv4.aem4f : inetaddr.oem4f (.text:freeaddrinfo)
                  0001b418    00000018     stk.aem4f : listlib.oem4f (.text:list_add)
                  0001b430    00000018     rtsv7M4_T_le_v4SPD16_eabi.lib : args_main.obj (.text)
                  0001b448    00000018                                   : strcmp.obj (.text)
                  0001b460    00000018     RTOS_config_pem4f.oem4f (.text:ti_sysbios_BIOS_rtsUnlock__I)
[...]
000328aa  ti_sysbios_utils_Load_Module__id__C                                  
000328ac  ti_sysbios_utils_Load_Module__loggerDefined__C                       
000328ae  ti_sysbios_utils_Load_autoAddTasks__C                                
000328b0  ti_sysbios_utils_Load_updateInIdle__C                                
000328b2  ti_uia_loggers_LoggerStopMode_Module__id__C                          
000328b4  ti_uia_loggers_LoggerStopMode_isTimestampEnabled__C                  
000328b6  xdc_runtime_Core_Module__id__C                                       
000328b8  xdc_runtime_Error_Module__loggerDefined__C                           
000328ba  xdc_runtime_Error_maxDepth__C                                        
000328bc  xdc_runtime_Main_Module__id__C                                       
000328be  xdc_runtime_Main_Module__loggerDefined__C                            
000328c0  xdc_runtime_Memory_Module__id__C                                     
000328c2  xdc_runtime_SysMin_flushAtExit__C                                    
000328c4  xdc_runtime_Text_charCnt__C                                          
000328c6  xdc_runtime_Text_isLoaded__C                                         
000328c8  xdc_runtime_Text_registryModsLastId__C                               
000328ca  xdc_runtime_Text_unnamedModsLastId__C                                
000328d0  __TI_static_base__                                                   
00032ea8  __TI_Handler_Table_Base                                              
00032eb4  __TI_Handler_Table_Limit                                             
00032ec8  __TI_CINIT_Base                                                      
00032ee0  __TI_CINIT_Limit                                                     
20000000  ti_sysbios_family_arm_m3_Hwi_ramVectors                              
20000400  outlet                                                               
20007ca8  ti_sysbios_heaps_HeapMem_Instance_State_0_buf__A                     
2000cca8  ti_ndk_config_Global_pit                                             
2000cd50  ti_ndk_config_Global_pitBuffer                                       
20011550  ADCchannel                                                           
20015550  vlan_mcb                                                             
20015580  ti_ndk_config_Global_pBufMem                                         
20019180  ti_ndk_config_Global_pHdrMem                                         
20019478  ti_sysbios_knl_Task_Instance_State_0_stack__A                        
20019778  ti_sysbios_knl_Task_Instance_State_1_stack__A                        
2001ab78  ti_sysbios_knl_Task_Instance_State_2_stack__A                        
2001ae78  ti_sysbios_knl_Task_Instance_State_3_stack__A                        
2001b478  ti_sysbios_knl_Task_Instance_State_4_stack__A                        
2001b678  emacObjects                                                          
2001b680  ti_uia_loggers_LoggerStopMode_Instance_State_0_packetArray__A        
2001c680  ti_uia_loggers_LoggerStopMode_Instance_State_2_packetArray__A        
2001d680  __CIOBUF_                                                            
2001d7a0  _ICMPIn                                                              
2001d800  udmaCtrlTable                                                        
2001e800  g_uint16_adc0_ping                                                   
2001f000  g_uint16_adc0_pong                                                   
2001f800  g_uint16_adc1_ping                                                   
20020000  g_uint16_adc1_pong                                                   
20020800  ti_uia_loggers_LoggerStopMode_Instance_State_1_packetArray__A        
20020c00  xdc_runtime_SysMin_Module_State_0_outbuf__A                          
20021000  ti_sysbios_family_arm_m3_Hwi_dispatchTable                           
20021460  tcps                                                                 
2002177c  ips                                                                  
200217e4  nimu_mcb                                                             
20021848  _ICMPOut                                                             
200218f8  ti_sysbios_knl_Task_Instance_State_0_hookEnv__A                      
20021900  ti_uia_loggers_LoggerStopMode_Instance_State_0_hdr__A                
20021930  udps                                                                 
20021954  BlockCount                                                           
20021980  ti_uia_loggers_LoggerStopMode_Instance_State_1_hdr__A                
200219b0  BlockMax                                                             
200219cc  PageCount                                                            
200219e8  stkEvent                                                             
20021a00  ti_uia_loggers_LoggerStopMode_Instance_State_2_hdr__A                
20021a30  PageMax                                                              
20021a4c  raweths                                                              
20021a5c  raws                                                                 
20021a6c  PBMQ_free                                                            
20021a78  tpseudo                                                              
20021a84  upseudo                                                              
20021a90  ti_sysbios_knl_Task_Instance_State_1_hookEnv__A                      
20021a98  ti_sysbios_knl_Task_Instance_State_2_hookEnv__A                      
20021aa0  ti_sysbios_knl_Task_Instance_State_3_hookEnv__A                      
20021aa8  ti_sysbios_knl_Task_Instance_State_4_hookEnv__A                      
20021ad8  _IGMPInDiscard                                                       
20021adc  _IGMPInQuery                                                         
20021ae0  _IGMPInQueryGroup                                                    
20021ae4  _IGMPInResponse                                                      
20021ae8  _IGMPOutResponse                                                     
20021aec  g_ulStatus                                                           
20021b00  raweth_pcb                                                           
20021b04  ti_sysbios_knl_Task_Object__table__V                                 
20021c94  ptgmSettings                                                         
20021df0  HTTPStd_VER                                                          
20021df4  HTTPStd_GET                                                          
20021df8  HTTPStd_POST                                                         
20021dfc  HTTPStd_HEAD                                                         
20021e00  HTTPStd_OPTIONS                                                      
20021e04  HTTPStd_PUT                                                          
20021e08  HTTPStd_DELETE                                                       
20021e0c  HTTPStd_CONNECT                                                      
20021e10  HTTPStd_PATCH                                                        
20021e14  HTTPStd_CONTENT_TYPE_APPLET                                          
20021e18  HTTPStd_CONTENT_TYPE_AU                                              
20021e1c  HTTPStd_CONTENT_TYPE_CSS                                             
20021e20  HTTPStd_CONTENT_TYPE_DOC                                             
20021e24  HTTPStd_CONTENT_TYPE_GIF                                             
20021e28  HTTPStd_CONTENT_TYPE_HTML                                            
20021e2c  HTTPStd_CONTENT_TYPE_JPG                                             
20021e30  HTTPStd_CONTENT_TYPE_MPEG                                            
20021e34  HTTPStd_CONTENT_TYPE_PDF                                             
20021e38  HTTPStd_CONTENT_TYPE_WAV                                             
20021e3c  HTTPStd_CONTENT_TYPE_ZIP                                             
20021e40  HTTPStd_CONTENT_TYPE_PLAIN                                           
20021e44  HTTPStd_FIELD_NAME_ACCEPT                                            
20021e48  HTTPStd_FIELD_NAME_ACCEPT_CHARSET                                    
20021e4c  HTTPStd_FIELD_NAME_ACCEPT_ENCODING                                   
20021e50  HTTPStd_FIELD_NAME_ACCEPT_LANGUAGE                                   
20021e54  HTTPStd_FIELD_NAME_ACCEPT_RANGES                                     
20021e58  HTTPStd_FIELD_NAME_AGE                                               
20021e5c  HTTPStd_FIELD_NAME_ALLOW                                             
20021e60  HTTPStd_FIELD_NAME_AUTHORIZATION                                     
20021e64  HTTPStd_FIELD_NAME_CACHE_CONTROL                                     
20021e68  HTTPStd_FIELD_NAME_CONNECTION                                        
20021e6c  HTTPStd_FIELD_NAME_CONTENT_ENCODING                                  
20021e70  HTTPStd_FIELD_NAME_CONTENT_LANGUAGE                                  
20021e74  HTTPStd_FIELD_NAME_CONTENT_LENGTH                                    
20021e78  HTTPStd_FIELD_NAME_CONTENT_LOCATION                                  
20021e7c  HTTPStd_FIELD_NAME_CONTENT_MD5                                       
20021e80  HTTPStd_FIELD_NAME_CONTENT_RANGE                                     
20021e84  HTTPStd_FIELD_NAME_CONTENT_TYPE                                      
20021e88  HTTPStd_FIELD_NAME_COOKIE                                            
20021e8c  HTTPStd_FIELD_NAME_DATE                                              
20021e90  HTTPStd_FIELD_NAME_ETAG                                              
20021e94  HTTPStd_FIELD_NAME_EXPECT                                            
20021e98  HTTPStd_FIELD_NAME_EXPIRES                                           
20021e9c  HTTPStd_FIELD_NAME_FROM                                              
20021ea0  HTTPStd_FIELD_NAME_HOST                                              
20021ea4  HTTPStd_FIELD_NAME_IF_MATCH                                          
20021ea8  HTTPStd_FIELD_NAME_IF_MODIFIED_SINCE                                 
20021eac  HTTPStd_FIELD_NAME_IF_NONE_MATCH                                     
20021eb0  HTTPStd_FIELD_NAME_IF_RANGE                                          
20021eb4  HTTPStd_FIELD_NAME_IF_UNMODIFIED_SINCE                               
20021eb8  HTTPStd_FIELD_NAME_LAST_MODIFIED                                     
20021ebc  HTTPStd_FIELD_NAME_LOCATION                                          
20021ec0  HTTPStd_FIELD_NAME_MAX_FORWARDS                                      
20021ec4  HTTPStd_FIELD_NAME_ORIGIN                                            
20021ec8  HTTPStd_FIELD_NAME_PRAGMA                                            
20021ecc  HTTPStd_FIELD_NAME_PROXY_AUTHENTICATE                                
20021ed0  HTTPStd_FIELD_NAME_PROXY_AUTHORIZATION                               
20021ed4  HTTPStd_FIELD_NAME_RANGE                                             
20021ed8  HTTPStd_FIELD_NAME_REFERER                                           
20021edc  HTTPStd_FIELD_NAME_RETRY_AFTER                                       
20021ee0  HTTPStd_FIELD_NAME_SERVER                                            
20021ee4  HTTPStd_FIELD_NAME_TE                                                
20021ee8  HTTPStd_FIELD_NAME_TRAILER                                           
20021eec  HTTPStd_FIELD_NAME_TRANSFER_ENCODING                                 
20021ef0  HTTPStd_FIELD_NAME_UPGRADE                                           
20021ef4  HTTPStd_FIELD_NAME_USER_AGENT                                        
20021ef8  HTTPStd_FIELD_NAME_VARY                                              
20021efc  HTTPStd_FIELD_NAME_VIA                                               
20021f00  HTTPStd_FIELD_NAME_WWW_AUTHENTICATE                                  
20021f04  HTTPStd_FIELD_NAME_WARNING                                           
20021f08  HTTPStd_FIELD_NAME_X_FORWARDED_FOR                                   
20021f0c  ti_sysbios_knl_Swi_Object__table__V                                  
20021ffc  _ipcfg                                                               
200220b0  ti_uia_loggers_LoggerStopMode_Object__table__V                       
2002214c  ti_sysbios_utils_Load_Module__state__V                               
200221e4  ti_sysbios_utils_Load_Module_State_0_taskEnv__A                      
20022270  ti_sysbios_family_arm_lm4_Timer_Object__table__V                     
200222f0  ti_sysbios_knl_Swi_Module_State_0_readyQ__A                          
20022370  ti_sysbios_knl_Task_Module_State_0_readyQ__A                         
200223f0  ti_sysbios_family_arm_m3_Hwi_Object__table__V                        
200224a0  ti_sysbios_knl_Task_Module__state__V                                 
20022564  ti_sysbios_family_arm_lm4_Timer_Module_State_0_device__A             
200225a4  ti_sysbios_gates_GateMutex_Object__table__V                          
20022610  ti_sysbios_family_arm_m3_Hwi_Module__state__V                        
20022644  enablePrefetch                                                       
20022648  phyCounter                                                           
20022676  ti_sysbios_family_arm_m3_Hwi_Module_State_0_excActive__A             
200226a8  ti_sysbios_knl_Clock_Module__state__V                                
200226d4  pstrMsgName                                                          
200226fc  _oscfg                                                               
20022720  PITCount                                                             
20022724  PITUsed                                                              
20022728  PITHigh                                                              
20022744  ti_sysbios_BIOS_Module__state__V                                     
20022768  ti_sysbios_family_arm_lm4_Timer_Module_State_0_handles__A            
20022788  gpioPinConfigs                                                       
200227c0  ti_ndk_config_Global_Id2Size                                         
200227dc  ti_sysbios_knl_Swi_Module__state__V                                  
200227f8  ti_ndk_config_Global_HostName                                        
200227fc  LocalIPAddr                                                          
20022800  LocalIPMask                                                          
20022804  GatewayIP                                                            
20022808  DomainName                                                           
2002280c  __xdc__init__addr                                                    
20022840  ti_sysbios_heaps_HeapMem_Object__table__V                            
2002286c  ti_sysbios_knl_Semaphore_Object__table__V                            
20022898  _IGMPForceVersion1                                                   
200228a0  __TI_cleanup_ptr                                                     
200228a4  __TI_dtors_ptr                                                       
200228a8  __TI_enable_exit_profile_output                                      
200228ac  eventCount                                                           
200228b0  eventOn                                                              
200228b4  sendCount                                                            
200228b8  ti_sysbios_family_arm_lm4_Timer_Module__state__V                     
200228c4  ti_sysbios_knl_Event_Module__root__V                                 
200228d0  ti_sysbios_knl_Event_Object__table__V                                
200228dc  ti_sysbios_knl_Task_Module__root__V                                  
200228e8  ti_uia_runtime_QueueDescriptor_Module__state__V                      
200228f4  xdc_runtime_SysMin_Module__state__V                                  
2002290c  _lock                                                                
20022910  _unlock                                                              
20022914  NIMUDeviceTable                                                      
2002291c  gpioCallbackFunctions                                                
20022934  _ICMPInErrors                                                        
20022938  _ICMPOutErrors                                                       
2002293c  _IPExecuting                                                         
20022954  tcp_iss                                                              
20022958  ptTimeFirst                                                          
20022964  ti_uia_runtime_QueueDescriptor_gPtrToFirstDescriptor                 
20022968  ti_uia_runtime_QueueDescriptor_gUpdateCount                          
2002296c  ti_sysbios_family_arm_lm4_TimestampProvider_Module__state__V         
20022974  ti_sysbios_family_arm_m3_Hwi_Module__root__V                         
2002297c  ti_sysbios_gates_GateHwi_Module__root__V                             
20022984  ti_sysbios_gates_GateMutex_Module__root__V                           
2002298c  ti_sysbios_heaps_HeapMem_Module__root__V                             
20022994  ti_sysbios_knl_Clock_Module__root__V                                 
2002299c  ti_sysbios_knl_Queue_Module__root__V                                 
200229a4  ti_sysbios_knl_Semaphore_Module__root__V                             
200229ac  ti_sysbios_knl_Swi_Module__root__V                                   
200229b4  ti_uia_loggers_LoggerStopMode_Module__root__V                        
200229bc  xdc_runtime_Registry_Module__state__V                                
200229c4  xdc_runtime_Startup_Module__state__V                                 
200229cc  xdc_runtime_System_Module_State_0_atexitHandlers__A                  
200229d4  xdc_runtime_System_Module__state__V                                  
200229dc  macAddress                                                           
200229ee  xdc_runtime_Error_Module__state__V                                   
200229fc  errno                                                                
20022a00  main_func_sp                                                         
20022a08  _IPReasmPtr                                                          
20022a18  ti_sysbios_family_arm_m3_Hwi_Module_State_0_excContext__A            
20022a1c  ti_sysbios_family_arm_m3_Hwi_Module_State_0_excStack__A              
20022a20  ti_sysbios_gates_GateHwi_Object__table__V                            
20022a24  ti_sysbios_knl_Task_Module_State_0_idleTask__A                       
20022a28  ti_sysbios_utils_Load_Module_State_0_runningTask__A                  
20022a2c  ti_sysbios_utils_Load_Module_State_0_taskStartTime__A                
20022a30  xdc_runtime_Memory_Module__state__V                                  
20022a34  xdc_runtime_Main_Module__root__V                                     
20022a38  __stack                                                              
20023238  __STACK_END                                                          
e000e000  ti_sysbios_family_arm_m3_Hwi_nvic                                    
ffffffff  __TI_pprof_out_hndl                                                  
ffffffff  __TI_prof_data_size                                                  
ffffffff  __TI_prof_data_start                                                 
ffffffff  __binit__                                                            
ffffffff  __c_args__                                                           
ffffffff  binit                                                                
UNDEFED   SHT$$INIT_ARRAY$$Base                                                
UNDEFED   SHT$$INIT_ARRAY$$Limit                                               

[1445 symbols]
