******************************************************************************
                  TI ARM Linker PC v16.9.4                     
******************************************************************************
>> Linked Mon Oct 09 02:26:15 2017

OUTPUT FILE NAME:   <TM4C_Protegemed.out>
ENTRY POINT SYMBOL: "_c_int00"  address: 00012761


MEMORY CONFIGURATION

         name            origin    length      used     unused   attr    fill
----------------------  --------  ---------  --------  --------  ----  --------
  FLASH                 00000000   00100000  0001a86d  000e5793  R  X
  SRAM                  20000000   00040000  00033460  0000cba0  RW X


SEGMENT ALLOCATION MAP

run origin  load origin   length   init length attrs members
----------  ----------- ---------- ----------- ----- -------
00000000    00000000    0001a878   0001a878    r-x
  00000000    00000000    0000003c   0000003c    r-- .resetVecs
  00000040    00000040    0001709a   0001709a    r-x .text
  000170dc    000170dc    000031b7   000031b7    r-- .const
  0001a298    0001a298    000005e0   000005e0    r-- .cinit
20000000    20000000    00000360   00000000    rw-
  20000000    20000000    00000360   00000000    rw- .vecs
20000400    20000400    00033100   00000000    rw-
  20000400    20000400    00031c78   00000000    rw- .bss
  20032078    20032078    00001088   00000000    rw- .data
  20033100    20033100    00000400   00000000    rw- .stack


SECTION ALLOCATION MAP

 output                                  attributes/
section   page    origin      length       input sections
--------  ----  ----------  ----------   ----------------
.text      0    00000040    0001709a     
                  00000040    00000c68     stk.aem4f : tcpin.oem4f (.text:TcpInput)
                  00000ca8    00000a64     capture.obj (.text:eventAnalysis_Task)
                  0000170c    000008b8     stk.aem4f : tcpout.oem4f (.text:TcpOutput)
                  00001fc4    00000004     driverlib.lib : adc.obj (.text:ADCIntClearEx)
                  00001fc8    00000604     capture.obj (.text:dataProcess_Task)
                  000025cc    00000004     stk.aem4f : bind.oem4f (.text:BindGetIF)
                  000025d0    00000430     sysbios.aem4f : BIOS.obj (.text:ti_sysbios_family_arm_m3_Hwi_excDumpRegs__I)
                  00002a00    00000408     stk.aem4f : ipout.oem4f (.text:IPTxPacket)
                  00002e08    000003f2     eth_network.obj (.text:dataSendTcpIp)
                  000031fa    00000002     hal_userled_stub.aem4f : llled.oem4f (.text:LED_TOGGLE)
                  000031fc    00000384     stk.aem4f : ipin.oem4f (.text:IPRxPacket)
                  00003580    0000037c     sysbios.aem4f : BIOS.obj (.text:ti_sysbios_knl_Event_pend__E)
                  000038fc    0000034c     ti.targets.arm.rtsarm.aem4f : System.oem4f (.text:xdc_runtime_System_doPrint__I)
                  00003c48    00000318     sysbios.aem4f : BIOS.obj (.text:ti_sysbios_knl_Semaphore_pend__E)
                  00003f60    000002c0                   : BIOS.obj (.text:ti_sysbios_knl_Task_Instance_finalize__E)
                  00004220    00000298     adc_sample.obj (.text:ADC_init)
                  000044b8    00000284     stk.aem4f : sock.oem4f (.text:SockSet)
                  0000473c    00000004               : bind.oem4f (.text:BindGetNext)
                  00004740    00000258     sysbios.aem4f : BIOS.obj (.text:ti_sysbios_heaps_HeapMem_free__E)
                  00004998    0000024c     stk.aem4f : ipfrag.oem4f (.text:IPReasm)
                  00004be4    00000004     os.aem4f : ossys.oem4f (.text:NDK_vsprintf)
                  00004be8    00000248     sysbios.aem4f : BIOS.obj (.text:ti_sysbios_heaps_HeapMem_alloc__E)
                  00004e30    0000023c     stk.aem4f : icmpin.oem4f (.text:ICMPInput)
                  0000506c    00000238               : udp.oem4f (.text:UdpInput)
                  000052a4    00000204     driverlib.lib : sysctl.obj (.text:SysCtlClockFreqSet)
                  000054a8    00000204     Boot.aem4f : Boot_sysctl.oem4f (.text:ti_catalog_arm_cortexm4_tiva_ce_Boot_sysCtlClockFreqSetI__I)
                  000056ac    00000004     stk.aem4f : node.oem4f (.text:NodeSetRt)
                  000056b0    00000200     sysbios.aem4f : BIOS.obj (.text:ti_sysbios_knl_Task_sleep__E)
                  000058b0    000001fc                   : BIOS.obj (.text:ti_sysbios_family_arm_m3_Hwi_excHandlerMax__I)
                  00005aac    000001f4     stk.aem4f : sock.oem4f (.text:SockRecv)
                  00005ca0    000001f4     sysbios.aem4f : BIOS.obj (.text:ti_sysbios_knl_Task_Instance_init__E)
                  00005e94    00000004     stk.aem4f : rawethsock_prot.oem4f (.text:RawEthSockPrAttach)
                  00005e98    000001e8     eth_network.obj (.text:tcpHandler)
                  00006080    000001cc     RTOS_config_pem4f.oem4f (.text:xdc_runtime_System_printfExtend__I)
                  0000624c    00000004     stk.aem4f : rawethsock_prot.oem4f (.text:RawEthSockPrDetach)
                  00006250    000001bc     sysbios.aem4f : BIOS.obj (.text:ti_sysbios_family_arm_lm4_Timer_start__E)
                  0000640c    000001b8     drivers_tivaware.aem4f : EMACSnow.oem4f (.text:EMACSnow_NIMUInit)
                  000065c4    000001b0     stk.aem4f : lliout.oem4f (.text:LLITxIpPacket)
                  00006774    000001ac               : lliin.oem4f (.text:LLIRxPacket)
                  00006920    0000019c     os.aem4f : mem.oem4f (.text:mmAlloc)
                  00006abc    00000004              : semaphore.oem4f (.text:SemPend)
                  00006ac0    0000019c     RTOS_config_pem4f.oem4f (.text:ti_ndk_config_Global_stackThread)
                  00006c5c    00000198     stk.aem4f : igmp.oem4f (.text:IGMPInput)
                  00006df4    00000190               : sock.oem4f (.text:SockNew)
                  00006f84    00000004     os.aem4f : semaphore.oem4f (.text:SemPost)
                  00006f88    00000190     eth_network.obj (.text:tcpWorker)
                  00007118    00000188     sysbios.aem4f : BIOS.obj (.text:ti_sysbios_knl_Task_setPri__E)
                  000072a0    00000187     adc_sample.obj (.text:ADC_Seq1_ISR)
                  00007427    00000001     --HOLE-- [fill = 0]
                  00007428    0000017c     sysbios.aem4f : BIOS.obj (.text:ti_sysbios_family_arm_lm4_TimestampProvider_get64__E)
                  000075a4    00000004     os.aem4f : semaphore.oem4f (.text:SemReset)
                  000075a8    00000174     adc_sample.obj (.text:ADC_Seq0_ISR)
                  0000771c    00000174     netctrl_min_ipv4.aem4f : netctrl.oem4f (.text:NC_NetStart)
                  00007890    00000174     sysbios.aem4f : BIOS.obj (.text:ti_sysbios_family_arm_m3_Hwi_excBusFault__I)
                  00007a04    00000170     stk.aem4f : rtc.oem4f (.text:RTCReport)
                  00007b74    00000004     os.aem4f : task.oem4f (.text:TaskSelf)
                  00007b78    0000016e     adc_sample.obj (.text:adcPinConfig)
                  00007ce6    00000002     stk.aem4f : nat.oem4f (.text:NatMsg)
                  00007ce8    0000016a               : sb.oem4f (.text:SBRead)
                  00007e52    00000006     driverlib.lib : emac.obj (.text:EMACRxDMADescriptorListSet)
                  00007e58    0000016a     RTOS_config_pem4f.oem4f (.text:ti_uia_loggers_LoggerStopMode_writeMemoryRange__E)
                  00007fc2    00000006     driverlib.lib : emac.obj (.text:EMACTxDMADescriptorListSet)
                  00007fc8    00000164     sysbios.aem4f : BIOS.obj (.text:ti_sysbios_family_arm_m3_Hwi_excUsageFault__I)
                  0000812c    00000160     stk.aem4f : sock.oem4f (.text:SockConnect)
                  0000828c    00000158     nettool_ipv4.aem4f : dhcpmain.oem4f (.text:DHCPOpen)
                  000083e4    00000150     drivers_tivaware.aem4f : GPIOTiva.oem4f (.text:GPIO_setConfig)
                  00008534    00000004     os.aem4f : task.oem4f (.text:TaskSetPri)
                  00008538    00000150     sysbios.aem4f : BIOS.obj (.text:ti_sysbios_knl_Event_post__E)
                  00008688    00000150                   : BIOS.obj (.text:ti_sysbios_knl_Semaphore_post__E)
                  000087d8    00000148     capture.obj (.text:adc0Pong_Swi)
                  00008920    00000148     capture.obj (.text:adc1Pong_Swi)
                  00008a68    00000148     sysbios.aem4f : BIOS.obj (.text:ti_sysbios_family_arm_m3_Hwi_excMemFault__I)
                  00008bb0    00000144     stk.aem4f : bind.oem4f (.text:BindNew)
                  00008cf4    00000140               : tcp.oem4f (.text:TcpTimeoutCheck)
                  00008e34    00000004     driverlib.lib : timer.obj (.text:TimerADCEventSet)
                  00008e38    0000013e     capture.obj (.text:adc0Ping_Swi)
                  00008f76    00000002     os.aem4f : task.oem4f (.text:_TaskInit)
                  00008f78    0000013c     nettool_ipv4.aem4f : config.oem4f (.text:CfgAddEntry)
                  000090b4    0000013c     stk.aem4f : sockint.oem4f (.text:SockNotify)
                  000091f0    0000013c               : sock.oem4f (.text:SockSend)
                  0000932c    00000004     hal_ser_stub.aem4f : llserstb.oem4f (.text:_llSerialInit)
                  00009330    0000013c     sysbios.aem4f : BIOS.obj (.text:ti_sysbios_heaps_HeapMem_Instance_init__E)
                  0000946c    00000004     stk.aem4f : listlib.oem4f (.text:list_get_head)
                  00009470    0000013c     sysbios.aem4f : BIOS.obj (.text:ti_sysbios_knl_Clock_workFunc__E)
                  000095ac    00000004     stk.aem4f : listlib.oem4f (.text:list_get_next)
                  000095b0    0000013a     adc_sample.obj (.text:DMA_init)
                  000096ea    00000006     driverlib.lib : gpio.obj (.text:GPIOIntClear)
                  000096f0    00000138     capture.obj (.text:adc1Ping_Swi)
                  00009828    00000138     sysbios.aem4f : BIOS.obj (.text:ti_sysbios_family_arm_m3_Hwi_dispatchC__I)
                  00009960    00000134     stk.aem4f : icmp.oem4f (.text:ICMPGenPacket)
                  00009a94    00000130     driverlib.lib : gpio.obj (.text:GPIOPadConfigSet)
                  00009bc4    00000124     stk.aem4f : sockpcb.oem4f (.text:SockPcbResolve)
                  00009ce8    00000124               : udp.oem4f (.text:UdpOutput)
                  00009e0c    00000004     sysbios.aem4f : BIOS.obj (.text:ti_sysbios_family_arm_lm4_Timer_masterEnable__I)
                  00009e10    0000011c                   : BIOS.obj (.text:ti_sysbios_knl_Clock_Instance_init__E)
                  00009f2c    00000004     ti.uia.loggers.aem4f : LoggerStopMode.oem4f (.text:ti_uia_loggers_LoggerStopMode_getContents__E)
                  00009f30    0000011c     sysbios.aem4f : BIOS.obj (.text:ti_sysbios_knl_Swi_run__I)
                  0000a04c    00000004     ti.uia.loggers.aem4f : LoggerStopMode.oem4f (.text:ti_uia_loggers_LoggerStopMode_getInstanceId__E)
                  0000a050    0000011a     RTOS_config_pem4f.oem4f (.text:ti_uia_loggers_LoggerStopMode_write8__E)
                  0000a16a    00000006     driverlib.lib : gpio.obj (.text:GPIOPinRead)
                  0000a170    00000118     EK_TM4C1294XL.obj (.text:EK_TM4C1294XL_initEMAC)
                  0000a288    00000118     stk.aem4f : tcpout.oem4f (.text:TcpGenPacket)
                  0000a3a0    00000118     ti.targets.arm.rtsarm.aem4f : Error.oem4f (.text:xdc_runtime_Error_policyDefault__E)
                  0000a4b8    00000114     stk.aem4f : nimu.oem4f (.text:NIMUIoctl)
                  0000a5cc    00000110               : node.oem4f (.text:NodeTreeFree)
                  0000a6dc    00000110               : raw.oem4f (.text:RawInput)
                  0000a7ec    00000004     ti.uia.loggers.aem4f : LoggerStopMode.oem4f (.text:ti_uia_loggers_LoggerStopMode_getMaxLength__E)
                  0000a7f0    00000110     RTOS_config_pem4f.oem4f (.text:ti_ndk_config_ip_init)
                  0000a900    00000110     sysbios.aem4f : BIOS.obj (.text:ti_sysbios_knl_Task_schedule__I)
                  0000aa10    0000010c     stk.aem4f : rtable.oem4f (.text:RtFind)
                  0000ab1c    0000010a               : route.oem4f (.text:RtCreate)
                  0000ac26    00000002     os.aem4f : task.oem4f (.text:_TaskShutdown)
                  0000ac28    00000108     drivers_tivaware.aem4f : EMACSnow.oem4f (.text:EMACSnow_emacStart)
                  0000ad30    00000108     sysbios.aem4f : BIOS.obj (.text:ti_sysbios_knl_Task_exit__E)
                  0000ae38    00000104     os.aem4f : task.oem4f (.text:llEnter)
                  0000af3c    00000102     nettool_ipv4.aem4f : dhcppkt.oem4f (.text:dhcpPacketProcess)
                  0000b03e    00000102                        : inetaddr.oem4f (.text:inet_aton)
                  0000b140    00000102     RTOS_config_pem4f.oem4f (.text:ti_uia_loggers_LoggerStopMode_write4__E)
                  0000b242    00000002     hal_ser_stub.aem4f : llserstb.oem4f (.text:_llSerialServiceCheck)
                  0000b244    00000100     stk.aem4f : igmp.oem4f (.text:IGMPSendReply)
                  0000b344    00000100     ti.targets.arm.rtsarm.aem4f : Core-mem.oem4f (.text:xdc_runtime_Core_createObject__I)
                  0000b444    000000fc     netctrl_min_ipv4.aem4f : netctrl.oem4f (.text:NetScheduler)
                  0000b540    000000fc     sysbios.aem4f : BIOS.obj (.text:ti_sysbios_knl_Task_postInit__I)
                  0000b63c    00000004     ti.uia.loggers.aem4f : LoggerStopMode.oem4f (.text:ti_uia_loggers_LoggerStopMode_getPriority__E)
                  0000b640    000000fc     sysbios.aem4f : BIOS.obj (.text:ti_sysbios_knl_Task_startCore__E)
                  0000b73c    00000004     ti.uia.loggers.aem4f : LoggerStopMode.oem4f (.text:ti_uia_loggers_LoggerStopMode_getTransferType__E)
                  0000b740    000000fa     settings.obj (.text:readPtgmSettings)
                  0000b83a    000000f8     stk.aem4f : pipe.oem4f (.text:PipeRecv)
                  0000b932    00000006     driverlib.lib : gpio.obj (.text:GPIOPinWrite)
                  0000b938    000000f8     sysbios.aem4f : BIOS.obj (.text:ti_sysbios_utils_Load_updateThreadContexts__E)
                  0000ba30    000000f8     ti.targets.arm.rtsarm.aem4f : Startup.oem4f (.text:xdc_runtime_Startup_startMods__I)
                  0000bb28    000000f6     RTOS_config_pem4f.oem4f (.text:ti_uia_loggers_LoggerStopMode_write2__E)
                  0000bc1e    00000002     hal_ser_stub.aem4f : llserstb.oem4f (.text:_llSerialShutdown)
                  0000bc20    000000f4     os.aem4f : task.oem4f (.text:TaskGetEnv)
                  0000bd14    000000f4     sysbios.aem4f : m3_Hwi_asm.obj (.text:ti_sysbios_family_arm_m3_Hwi_dispatch__I)
                  0000be08    000000f0     stk.aem4f : lliout.oem4f (.text:LLIGenArpPacket)
                  0000bef8    000000f0               : sock.oem4f (.text:SockClose)
                  0000bfe8    000000f0     RTOS_config_pem4f.oem4f (.text:ti_uia_loggers_LoggerStopMode_write1__E)
                  0000c0d8    000000e8     os.aem4f : task.oem4f (.text:TaskSetEnv)
                  0000c1c0    000000e0     stk.aem4f : tcptime.oem4f (.text:TcpTimeoutRexmt)
                  0000c2a0    000000e0     RTOS_config_pem4f.oem4f (.text:ti_uia_loggers_LoggerStopMode_write0__E)
                  0000c380    000000dc     EK_TM4C1294XL.obj (.text:EK_TM4C1294XL_initGeneral)
                  0000c45c    000000dc     stk.aem4f : sb.oem4f (.text:SBWrite)
                  0000c538    000000dc     nettool_ipv4.aem4f : dhcpsock.oem4f (.text:dhcpSocketOpen)
                  0000c614    000000dc                        : dhcpsm.oem4f (.text:dhcpState)
                  0000c6f0    000000d8     stk.aem4f : node.oem4f (.text:NodeAdd)
                  0000c7c8    000000d8               : tcpprot.oem4f (.text:TcpPrSetOption)
                  0000c8a0    000000d8     sysbios.aem4f : BIOS.obj (.text:ti_sysbios_family_arm_lm4_TimestampProvider_get32__E)
                  0000c978    000000d4     drivers_tivaware.aem4f : EMACSnow.oem4f (.text:EMACSnow_handleRx)
                  0000ca4c    000000d4     stk.aem4f : sockpcb.oem4f (.text:SockPcbBind)
                  0000cb20    000000d4     sysbios.aem4f : BIOS.obj (.text:ti_sysbios_knl_Swi_Instance_init__E)
                  0000cbf4    000000d1     stk.aem4f : nimu.oem4f (.text:NIMUReceivePacket)
                  0000ccc5    00000001     --HOLE-- [fill = 0]
                  0000ccc6    00000002     hal_userled_stub.aem4f : llled.oem4f (.text:_llUserLedInit)
                  0000ccc8    000000cc     stk.aem4f : icmp.oem4f (.text:ICMPSendRtAdv)
                  0000cd94    000000cc     nettool_ipv4.aem4f : dhcpbild.oem4f (.text:dhcpBuildHeader)
                  0000ce60    000000cc                        : dhcpsm.oem4f (.text:dhcpIPAdd)
                  0000cf2c    000000cc                        : dhcppkt.oem4f (.text:dhcpVerifyMessage)
                  0000cff8    000000cc     ti.targets.arm.rtsarm.aem4f : Core-smem.oem4f (.text:xdc_runtime_Core_constructObject__I)
                  0000d0c4    000000c8     stk.aem4f : rawethsock.oem4f (.text:RawEthSockNew)
                  0000d18c    000000c8     netctrl_min_ipv4.aem4f : netsrv.oem4f (.text:SPIpNet)
                  0000d254    000000c4     driverlib.lib : eeprom.obj (.text:EEPROMProgram)
                  0000d318    000000c4     drivers_tivaware.aem4f : EMACSnow.oem4f (.text:EMACSnow_InitDMADescriptors)
                  0000d3dc    000000c4     stk.aem4f : igmp.oem4f (.text:IGMPJoinHostGroup)
                  0000d4a0    000000c4     nettool_ipv4.aem4f : dhcpsm.oem4f (.text:StateBound)
                  0000d564    00000004     ti.targets.arm.rtsarm.aem4f : Error.oem4f (.text:xdc_runtime_Error_getMsg__E)
                  0000d568    000000c4     sysbios.aem4f : BIOS.obj (.text:ti_sysbios_utils_Load_logLoads__I)
                  0000d62c    00000004     ti.targets.arm.rtsarm.aem4f : Error.oem4f (.text:xdc_runtime_Error_getSite__E)
                  0000d630    000000c2     ptgm_main.obj (.text:initSamplesTask)
                  0000d6f2    000000bc     stk.aem4f : sockpcb.oem4f (.text:SockPcbFind)
                  0000d7ae    00000002     hal_userled_stub.aem4f : llled.oem4f (.text:_llUserLedShutdown)
                  0000d7b0    000000bc     stk.aem4f : vlan.oem4f (.text:VLANDeinit)
                  0000d86c    00000004     ti.targets.arm.rtsarm.aem4f : System.oem4f (.text:xdc_runtime_System_aprintf_va__F)
                  0000d870    000000bc     sysbios.aem4f : BIOS.obj (.text:ti_sysbios_family_arm_m3_Hwi_excDebugMon__I)
                  0000d92c    00000004     ti.targets.arm.rtsarm.aem4f : System.oem4f (.text:xdc_runtime_System_printf_va__F)
                  0000d930    000000bc     sysbios.aem4f : BIOS.obj (.text:ti_sysbios_family_arm_m3_Hwi_excHardFault__I)
                  0000d9ec    000000b8     stk.aem4f : icmpin.oem4f (.text:ICMPRevSrcRoute)
                  0000daa4    000000b8               : lli.oem4f (.text:_LLITimeoutCheck)
                  0000db5c    00000002     hal_ser_stub.aem4f : llserstb.oem4f (.text:llSerialService)
                  0000db5e    00000002     rtsv7M4_T_le_v4SPD16_eabi.lib : i_div0.obj (.text)
                  0000db60    000000b8     sysbios.aem4f : BIOS.obj (.text:ti_sysbios_knl_Task_unblockI__E)
                  0000dc18    000000b4     stk.aem4f : tcptime.oem4f (.text:TcpTimeoutKeep)
                  0000dccc    00000002     ti.uia.loggers.aem4f : LoggerStopMode.oem4f (.text:ti_uia_loggers_LoggerStopMode_setPriority__E)
                  0000dcce    00000002     --HOLE-- [fill = 0]
                  0000dcd0    000000b4     sysbios.aem4f : BIOS.obj (.text:ti_sysbios_gates_GateMutex_enter__E)
                  0000dd84    00000004     --HOLE-- [fill = 0]
                  0000dd88    000000b4                   : BIOS.obj (.text:ti_sysbios_knl_Task_checkStacks__E)
                  0000de3c    000000b0     stk.aem4f : rawethsock.oem4f (.text:RawEthSockSet)
                  0000deec    00000004     --HOLE-- [fill = 0]
                  0000def0    000000b0     sysbios.aem4f : BIOS.obj (.text:ti_sysbios_utils_Load_idleFxn__E)
                  0000dfa0    000000b0                   : BIOS.obj (.text:ti_sysbios_utils_Load_updateLoads__E)
                  0000e050    000000ac     stk.aem4f : rtable.oem4f (.text:RtTimeoutCheck)
                  0000e0fc    00000004     --HOLE-- [fill = 0]
                  0000e100    000000ac     sysbios.aem4f : BIOS.obj (.text:ti_sysbios_family_arm_lm4_Timer_enableTiva__I)
                  0000e1ac    00000004     --HOLE-- [fill = 0]
                  0000e1b0    000000ac                   : BIOS.obj (.text:ti_sysbios_knl_Swi_post__E)
                  0000e25c    000000a8     stk.aem4f : sockint.oem4f (.text:SockCreatePacket)
                  0000e304    00000004     --HOLE-- [fill = 0]
                  0000e308    000000a8     sysbios.aem4f : BIOS.obj (.text:ti_sysbios_family_arm_lm4_Timer_enableTimers__I)
                  0000e3b0    000000a8                   : BIOS.obj (.text:ti_sysbios_knl_Task_blockI__E)
                  0000e458    000000a0     stk.aem4f : ip.oem4f (.text:IPGetRoute)
                  0000e4f8    000000a0     auto_init.aem4f : auto_init.oem4f (.text)
                  0000e598    000000a0     ti.targets.arm.rtsarm.aem4f : Text.oem4f (.text:xdc_runtime_Text_putMod__E)
                  0000e638    0000009e     stk.aem4f : nimu.oem4f (.text:NIMUAddEthernetHeader)
                  0000e6d6    00000002     --HOLE-- [fill = 0]
                  0000e6d8    0000009e     adc_sample.obj (.text:TIMER_ADC_init)
                  0000e776    0000009e     nettool_ipv4.aem4f : dhcpbild.oem4f (.text:dhcpBuildRequest)
                  0000e814    0000009c     stk.aem4f : exec.oem4f (.text:ExecOpen)
                  0000e8b0    0000009c     rtsv7M4_T_le_v4SPD16_eabi.lib : memcpy_t2.obj (.text)
                  0000e94c    0000009a     ti.targets.arm.rtsarm.aem4f : Text.oem4f (.text:xdc_runtime_Text_putSite__E)
                  0000e9e6    00000002     --HOLE-- [fill = 0]
                  0000e9e8    00000098     netctrl_min_ipv4.aem4f : netctrl.oem4f (.text:NC_SystemOpen)
                  0000ea80    00000098                            : netsrv.oem4f (.text:ServiceScan)
                  0000eb18    00000098     Boot.aem4f : Boot.oem4f (.text:ti_catalog_arm_cortexm4_tiva_ce_Boot_sysCtlClockFreqSet__E)
                  0000ebb0    00000097     RTOS_config_pem4f.oem4f (.text:ti_ndk_config_Global_NetworkIPAddr)
                  0000ec47    00000001     --HOLE-- [fill = 0]
                  0000ec48    00000094     nettool_ipv4.aem4f : config.oem4f (.text:CfgRemoveEntry)
                  0000ecdc    00000004     --HOLE-- [fill = 0]
                  0000ece0    00000094     sysbios.aem4f : BIOS.obj (.text:ti_sysbios_family_arm_m3_Hwi_Instance_init__E)
                  0000ed74    00000004     --HOLE-- [fill = 0]
                  0000ed78    00000094                   : BIOS.obj (.text:ti_sysbios_family_arm_m3_Hwi_initNVIC__E)
                  0000ee0c    00000090     nettool_ipv4.aem4f : config.oem4f (.text:CfgExecute)
                  0000ee9c    00000090     stk.aem4f : igmp.oem4f (.text:IGMPMsg)
                  0000ef2c    00000090     os.aem4f : mem.oem4f (.text:mmBulkAlloc)
                  0000efbc    00000004     --HOLE-- [fill = 0]
                  0000efc0    00000090     sysbios.aem4f : BIOS.obj (.text:ti_sysbios_knl_Task_Module_startup__E)
                  0000f050    00000090                   : BIOS.obj (.text:ti_sysbios_utils_Load_startup__E)
                  0000f0e0    00000090     ti.uia.loggers.aem4f : LoggerStopMode.oem4f (.text:ti_uia_loggers_LoggerStopMode_initQueueDescriptor__E)
                  0000f170    0000008c     drivers_tivaware.aem4f : GPIOTiva.oem4f (.text:GPIO_init)
                  0000f1fc    0000008c     stk.aem4f : ip.oem4f (.text:IPMsg)
                  0000f288    0000008c     os.aem4f : mem.oem4f (.text:_mmInit)
                  0000f314    0000008c              : mem.oem4f (.text:mmInitPage)
                  0000f3a0    0000008c     sysbios.aem4f : m3_TaskSupport_asm.obj (.text:ti_sysbios_family_arm_m3_TaskSupport_buildTaskStack)
                  0000f42c    00000004     --HOLE-- [fill = 0]
                  0000f430    0000008b     ptgm_main.obj (.text:main)
                  0000f4bb    00000001     --HOLE-- [fill = 0]
                  0000f4bc    0000008a     netctrl_min_ipv4.aem4f : netsrv.oem4f (.text:SPRoute)
                  0000f546    00000002     --HOLE-- [fill = 0]
                  0000f548    00000088                            : netsrv.oem4f (.text:ServiceSpawn)
                  0000f5d0    00000088     stk.aem4f : sockpcb.oem4f (.text:SockPcbCtlError)
                  0000f658    00000086     nettool_ipv4.aem4f : dhcpsm.oem4f (.text:StateRequesting)
                  0000f6de    00000002     --HOLE-- [fill = 0]
                  0000f6e0    00000084                        : config.oem4f (.text:CfgGetEntry)
                  0000f764    00000084     drivers_tivaware.aem4f : EMACSnow.oem4f (.text:EMACSnow_processPhyInterrupt)
                  0000f7e8    00000084     stk.aem4f : tcpprot.oem4f (.text:TcpPrAttach)
                  0000f86c    00000084     dsplib-cm4f.lib : arm_rms_f32.obj (.text:arm_rms_f32)
                  0000f8f0    00000084     os.aem4f : mem.oem4f (.text:mmBulkFree)
                  0000f974    00000084              : mem.oem4f (.text:mmFree)
                  0000f9f8    00000084     sysbios.aem4f : BIOS.obj (.text:ti_sysbios_family_arm_m3_Hwi_postInit__I)
                  0000fa7c    00000084     driverlib.lib : udma.obj (.text:uDMAChannelTransferSet)
                  0000fb00    00000082     nettool_ipv4.aem4f : dhcpsm.oem4f (.text:StateRenewRebind)
                  0000fb82    00000002     --HOLE-- [fill = 0]
                  0000fb84    00000080     drivers_tivaware.aem4f : EMACSnow.oem4f (.text:EMACSnow_emacStop)
                  0000fc04    00000080                            : EMACSnow.oem4f (.text:EMACSnow_processPendingTx)
                  0000fc84    00000080     stk.aem4f : lli.oem4f (.text:LLINew)
                  0000fd04    00000080     netctrl_min_ipv4.aem4f : netsrv.oem4f (.text:NS_BootTask)
                  0000fd84    00000080     stk.aem4f : pbm.oem4f (.text:PBM_alloc)
                  0000fe04    00000080               : raw.oem4f (.text:RawOutput)
                  0000fe84    0000007e               : fileuser.oem4f (.text:fdClose)
                  0000ff02    00000002     --HOLE-- [fill = 0]
                  0000ff04    0000007c     nettool_ipv4.aem4f : config.oem4f (.text:CfgGetNextEntry)
                  0000ff80    0000007c     drivers_tivaware.aem4f : EMACSnow.oem4f (.text:EMACSnow_hwiIntFxn)
                  0000fffc    0000007c     stk.aem4f : igmp.oem4f (.text:IGMPDoMCast)
                  00010078    0000007c               : igmp.oem4f (.text:IGMPJoin)
                  000100f4    0000007c               : socket.oem4f (.text:NDK_setsockopt)
                  00010170    0000007c               : nimu.oem4f (.text:NIMURegister)
                  000101ec    0000007c               : pbm.oem4f (.text:PBM_free)
                  00010268    0000007a     driverlib.lib : adc.obj (.text:ADCSequenceStepConfigure)
                  000102e2    0000007a     stk.aem4f : sock.oem4f (.text:SockAccept)
                  0001035c    0000007a     rtsv7M4_T_le_v4SPD16_eabi.lib : memset_t2.obj (.text)
                  000103d6    00000002     --HOLE-- [fill = 0]
                  000103d8    00000078     driverlib.lib : emac.obj (.text:EMACInit)
                  00010450    00000078     stk.aem4f : socket.oem4f (.text:NDK_sendto)
                  000104c8    00000078               : tcptime.oem4f (.text:TcpXmitTimer)
                  00010540    00000078               : fileuser.oem4f (.text:fdOpenSession)
                  000105b8    00000078     os.aem4f : task.oem4f (.text:llExit)
                  00010630    00000077     eth_network.obj (.text:netOpenHook)
                  000106a7    00000001     --HOLE-- [fill = 0]
                  000106a8    00000076     stk.aem4f : pipe.oem4f (.text:PipeSend)
                  0001071e    00000002     --HOLE-- [fill = 0]
                  00010720    00000075               : tcptime.oem4f (.text:TcpTimeoutSackRexmt)
                  00010795    00000003     --HOLE-- [fill = 0]
                  00010798    00000074               : igmp.oem4f (.text:IGMPLeaveHostGroup)
                  0001080c    00000074               : nimu.oem4f (.text:NIMUShutdown)
                  00010880    00000074               : raweth.oem4f (.text:RawEthRxPacket)
                  000108f4    00000074               : sockpcb.oem4f (.text:SockPcbConnect)
                  00010968    00000074     sysbios.aem4f : BIOS.obj (.text:ti_sysbios_knl_Clock_start__E)
                  000109dc    00000074     ti.uia.runtime.aem4f : QueueDescriptor.oem4f (.text:ti_uia_runtime_QueueDescriptor_addToList__E)
                  00010a50    00000072     os.aem4f : semaphore.oem4f (.text:SemCreateBinary)
                  00010ac2    00000070     stk.aem4f : socket.oem4f (.text:NDK_accept)
                  00010b32    00000070               : socket.oem4f (.text:NDK_send)
                  00010ba2    00000002     --HOLE-- [fill = 0]
                  00010ba4    00000070               : rtable.oem4f (.text:RtFlush)
                  00010c14    00000070     netctrl_min_ipv4.aem4f : netsrv.oem4f (.text:SPConfig)
                  00010c84    00000070     stk.aem4f : sock.oem4f (.text:SockShutdown)
                  00010cf4    00000070     nettool_ipv4.aem4f : dhcptags.oem4f (.text:dhcpDecodeType)
                  00010d64    00000004     --HOLE-- [fill = 0]
                  00010d68    00000070     sysbios.aem4f : BIOS.obj (.text:ti_sysbios_knl_Semaphore_Instance_init__E)
                  00010dd8    0000006e     stk.aem4f : socket.oem4f (.text:NDK_recv)
                  00010e46    00000002     --HOLE-- [fill = 0]
                  00010e48    0000006e               : rtable.oem4f (.text:RtWalkNext)
                  00010eb6    0000006e               : sockpcb.oem4f (.text:SockPcbFindRaw)
                  00010f24    0000006d               : node.oem4f (.text:NodeNew)
                  00010f91    00000003     --HOLE-- [fill = 0]
                  00010f94    0000006d     ti.targets.arm.rtsarm.aem4f : System.oem4f (.text:xdc_runtime_System_formatNum__I)
                  00011001    00000003     --HOLE-- [fill = 0]
                  00011004    0000006c     os.aem4f : ossys.oem4f (.text:DbgPrintf)
                  00011070    0000006c     stk.aem4f : node.oem4f (.text:NodeTreeNew)
                  000110dc    0000006c               : raweth.oem4f (.text:RawEthTxPacket)
                  00011148    0000006c               : udp.oem4f (.text:UdpChecksum)
                  000111b4    0000006c     dsplib-cm4f.lib : arm_offset_f32.obj (.text:arm_offset_f32)
                  00011220    0000006c                     : arm_scale_f32.obj (.text:arm_scale_f32)
                  0001128c    00000004     --HOLE-- [fill = 0]
                  00011290    0000006c     sysbios.aem4f : BIOS.obj (.text:ti_sysbios_knl_Swi_restoreHwi__E)
                  000112fc    00000004     --HOLE-- [fill = 0]
                  00011300    0000006c                   : BIOS.obj (.text:ti_sysbios_utils_Load_taskCreateHook__E)
                  0001136c    0000006c     ti.targets.arm.rtsarm.aem4f : Error.oem4f (.text:xdc_runtime_Error_print__E)
                  000113d8    0000006c                                 : Memory.oem4f (.text:xdc_runtime_Memory_alloc__E)
                  00011444    0000006a     stk.aem4f : tcpprot.oem4f (.text:TcpPrInherit)
                  000114ae    00000002     --HOLE-- [fill = 0]
                  000114b0    00000068     driverlib.lib : interrupt.obj (.text:IntEnable)
                  00011518    00000068     stk.aem4f : socket.oem4f (.text:NDK_socket)
                  00011580    00000068               : pbm.oem4f (.text:PBM_open)
                  000115e8    00000068               : sock.oem4f (.text:SockListen)
                  00011650    00000068               : rtable.oem4f (.text:_RtNodeInsert)
                  000116b8    00000068     dsplib-cm4f.lib : arm_mean_f32.obj (.text:arm_mean_f32)
                  00011720    00000068     rtsv7M4_T_le_v4SPD16_eabi.lib : copy_decompress_lzss.obj (.text:decompress:lzss)
                  00011788    00000068                                   : trgmsg.obj (.text)
                  000117f0    00000068     RTOS_config_pem4f.oem4f (.text:ti_sysbios_family_arm_m3_Hwi_create)
                  00011858    00000068     sysbios.aem4f : BIOS.obj (.text:ti_sysbios_utils_Load_addTask__E)
                  000118c0    00000066     ti.uia.loggers.aem4f : LoggerStopMode.oem4f (.text:ti_uia_loggers_LoggerStopMode_flush__E)
                  00011926    00000066     ti.targets.arm.rtsarm.aem4f : Core-mem.oem4f (.text:xdc_runtime_Core_deleteObject__I)
                  0001198c    00000064     nettool_ipv4.aem4f : config.oem4f (.text:CfgFree)
                  000119f0    00000064     drivers_tivaware.aem4f : GPIOTiva.oem4f (.text:GPIO_hwiIntFxn)
                  00011a54    00000064     stk.aem4f : pbm.oem4f (.text:PBMQ_enq)
                  00011ab8    00000064               : sockint.oem4f (.text:SockSpawnAbort)
                  00011b1c    00000064     hal_timer_bios.aem4f : lltimer.oem4f (.text:llTimerTick)
                  00011b80    00000064     sysbios.aem4f : BIOS.obj (.text:ti_sysbios_family_arm_lm4_Timer_Module_startup__E)
                  00011be4    00000064     stk.aem4f : lliin.oem4f (.text:updateRtTable)
                  00011c48    00000062               : ipin.oem4f (.text:IPRouteIP)
                  00011caa    00000002     --HOLE-- [fill = 0]
                  00011cac    00000062               : sb.oem4f (.text:SBNew)
                  00011d0e    00000002     --HOLE-- [fill = 0]
                  00011d10    00000060     nettool_ipv4.aem4f : config.oem4f (.text:CfgGetEntryCnt)
                  00011d70    00000060     stk.aem4f : file.oem4f (.text:FdWaitEvent)
                  00011dd0    00000060               : nimu.oem4f (.text:NIMUUnregister)
                  00011e30    00000060               : node.oem4f (.text:NodeFind)
                  00011e90    00000060               : rtc.oem4f (.text:RTCMsg)
                  00011ef0    00000060               : tcp.oem4f (.text:TcpChecksum)
                  00011f50    00000060     driverlib.lib : timer.obj (.text:TimerConfigure)
                  00011fb0    00000060     nettool_ipv4.aem4f : dhcptags.oem4f (.text:dhcpBuildOptions)
                  00012010    00000060     sysbios.aem4f : BIOS.obj (.text:ti_sysbios_family_arm_lm4_Timer_isrStub__E)
                  00012070    00000060                   : BIOS.obj (.text:ti_sysbios_knl_Clock_logTick__E)
                  000120d0    00000060     RTOS_config_pem4f.oem4f (.text:ti_sysbios_knl_Swi_create)
                  00012130    00000060     RTOS_config_pem4f.oem4f (.text:ti_sysbios_knl_Task_create)
                  00012190    00000060     sysbios.aem4f : BIOS.obj (.text:ti_sysbios_utils_Load_logCPULoad__I)
                  000121f0    00000060                   : BIOS.obj (.text:ti_sysbios_utils_Load_updateCurrentThreadTime__E)
                  00012250    0000005e     stk.aem4f : route.oem4f (.text:RtRemove)
                  000122ae    0000005e     nettool_ipv4.aem4f : dhcpsm.oem4f (.text:StateSelecting)
                  0001230c    0000005e     stk.aem4f : vlan.oem4f (.text:VLANReceivePacket)
                  0001236a    00000006     driverlib.lib : sysctl.obj (.text:SysCtlDelay)
                  00012370    0000005e     RTOS_config_pem4f.oem4f (.text:ti_ndk_config_tcp_init)
                  000123ce    00000002     --HOLE-- [fill = 0]
                  000123d0    0000005c     nettool_ipv4.aem4f : config.oem4f (.text:CfgSetExecuteOrder)
                  0001242c    0000005c     stk.aem4f : nimu.oem4f (.text:NIMUIoctlSpecialCmd)
                  00012488    0000005c     netctrl_min_ipv4.aem4f : netsrv.oem4f (.text:SPService)
                  000124e4    00000004     --HOLE-- [fill = 0]
                  000124e8    0000005c     sysbios.aem4f : BIOS.obj (.text:ti_sysbios_knl_Swi_schedule__I)
                  00012544    0000005b     ti.targets.arm.rtsarm.aem4f : Text.oem4f (.text:xdc_runtime_Text_putLab__E)
                  0001259f    00000001     --HOLE-- [fill = 0]
                  000125a0    0000005a     stk.aem4f : route.oem4f (.text:RtRedirect)
                  000125fa    0000005a               : tcpprot.oem4f (.text:TcpValidateMetrics)
                  00012654    0000005a     nettool_ipv4.aem4f : dhcpbild.oem4f (.text:dhcpBuildDecline)
                  000126ae    0000005a     os.aem4f : mem.oem4f (.text:mmCopy)
                  00012708    00000058     stk.aem4f : bind.oem4f (.text:BindFree)
                  00012760    00000058     boot.aem4f : boot.oem4f (.text)
                  000127b8    00000058     driverlib.lib : emac.obj (.text:EMACPHYConfigSet)
                  00012810    00000058     stk.aem4f : igmp.oem4f (.text:IGMPTimer)
                  00012868    00000058     os.aem4f : semaphore.oem4f (.text:SemCreate)
                  000128c0    00000058     driverlib.lib : timer.obj (.text:TimerControlTrigger)
                  00012918    00000058     rtsv7M4_T_le_v4SPD16_eabi.lib : hostwrite.obj (.text)
                  00012970    00000058     sysbios.aem4f : m3_Hwi_asm_switch.obj (.text:ti_sysbios_family_arm_m3_Hwi_initStacks__E)
                  000129c8    00000056     driverlib.lib : gpio.obj (.text:GPIOIntTypeSet)
                  00012a1e    00000002     --HOLE-- [fill = 0]
                  00012a20    00000054     nettool_ipv4.aem4f : config.oem4f (.text:CfgEntryDeRef)
                  00012a74    00000054     stk.aem4f : igmp.oem4f (.text:IGMPLeave)
                  00012ac8    00000054               : rawethsock_pcb.oem4f (.text:RawEthSockPcbAttach)
                  00012b1c    00000054               : sockpcb.oem4f (.text:SockCleanPcb)
                  00012b70    00000054               : tcptime.oem4f (.text:TcpTimeoutPersist)
                  00012bc4    00000054     rtsv7M4_T_le_v4SPD16_eabi.lib : exit.obj (.text)
                  00012c18    00000054     sysbios.aem4f : BIOS.obj (.text:ti_sysbios_knl_Swi_Instance_finalize__E)
                  00012c6c    00000004     --HOLE-- [fill = 0]
                  00012c70    00000054                   : BIOS.obj (.text:ti_sysbios_utils_Load_taskSwitchHook__E)
                  00012cc4    00000054     ti.targets.arm.rtsarm.aem4f : Assert.oem4f (.text:xdc_runtime_Assert_raise__I)
                  00012d18    00000052     stk.aem4f : tcpprot.oem4f (.text:TcpPrDetach)
                  00012d6a    00000002     --HOLE-- [fill = 0]
                  00012d6c    00000050     drivers_tivaware.aem4f : GPIOTiva.oem4f (.text:GPIO_setCallback)
                  00012dbc    00000050                            : GPIOTiva.oem4f (.text:GPIO_toggle)
                  00012e0c    00000050                            : GPIOTiva.oem4f (.text:GPIO_write)
                  00012e5c    00000050     stk.aem4f : socket.oem4f (.text:NDK_bind)
                  00012eac    00000050               : socket.oem4f (.text:NDK_connect)
                  00012efc    00000050               : route.oem4f (.text:RtNew)
                  00012f4c    00000050     driverlib.lib : sysctl.obj (.text:SysCtlPeripheralReset)
                  00012f9c    00000050     Boot.aem4f : Boot_sysctl.oem4f (.text:_SysCtlFrequencyGet)
                  00012fec    00000004     --HOLE-- [fill = 0]
                  00012ff0    00000050     sysbios.aem4f : BIOS.obj (.text:ti_sysbios_family_arm_m3_Hwi_Module_startup__E)
                  00013040    00000050     ti.targets.arm.rtsarm.aem4f : Startup.oem4f (.text:xdc_runtime_Startup_exec__E)
                  00013090    00000050                                 : Text.oem4f (.text:xdc_runtime_Text_visitRope2__I)
                  000130e0    0000004e     stk.aem4f : node.oem4f (.text:NodeDeRef)
                  0001312e    0000004e     nettool_ipv4.aem4f : config.oem4f (.text:_CfgEntryScan)
                  0001317c    0000004c                        : ipaddr.oem4f (.text:NtAddNetwork)
                  000131c8    0000004c     stk.aem4f : sockint.oem4f (.text:SockValidateRoute)
                  00013214    0000004c     rtsv7M4_T_le_v4SPD16_eabi.lib : cpy_tbl.obj (.text)
                  00013260    0000004c     sysbios.aem4f : BIOS.obj (.text:ti_sysbios_heaps_HeapMem_getStats__E)
                  000132ac    00000004     --HOLE-- [fill = 0]
                  000132b0    0000004c                   : BIOS.obj (.text:ti_sysbios_knl_Swi_runLoop__I)
                  000132fc    00000004     --HOLE-- [fill = 0]
                  00013300    0000004c                   : BIOS.obj (.text:ti_sysbios_knl_Task_allBlockedFunction__I)
                  0001334c    0000004c     ti.uia.loggers.aem4f : LoggerStopMode.oem4f (.text:ti_uia_loggers_LoggerStopMode_Module_startup__E)
                  00013398    0000004a     netctrl_min_ipv4.aem4f : netsrv.oem4f (.text:ServiceKill)
                  000133e2    0000004a     stk.aem4f : sock.oem4f (.text:SockDisconnect)
                  0001342c    0000004a               : timer.oem4f (.text:TimerNew)
                  00013476    00000048     nettool_ipv4.aem4f : config.oem4f (.text:CfgNew)
                  000134be    00000002     --HOLE-- [fill = 0]
                  000134c0    00000048     driverlib.lib : gpio.obj (.text:GPIOPinConfigure)
                  00013508    00000048     stk.aem4f : lli.oem4f (.text:LLIMsg)
                  00013550    00000048               : node.oem4f (.text:NodeWalk)
                  00013598    00000048               : rawethsock_pcb.oem4f (.text:RawEthSockPcbDetach)
                  000135e0    00000048               : sockpcb.oem4f (.text:SockPcbResolveChain)
                  00013628    00000048               : tcpprot.oem4f (.text:TcpDrop)
                  00013670    00000048               : lli.oem4f (.text:_LLIExpListInsert)
                  000136b8    00000048               : rtable.oem4f (.text:_RtExpListInsert)
                  00013700    00000048     driverlib.lib : sysctl.obj (.text:_SysCtlFrequencyGet)
                  00013748    00000048     stk.aem4f : file.oem4f (.text:fdint_lockfd)
                  00013790    00000048     sysbios.aem4f : BIOS.obj (.text:ti_sysbios_family_arm_m3_Hwi_disableInterrupt__E)
                  000137d8    00000048                   : BIOS.obj (.text:ti_sysbios_family_arm_m3_Hwi_enableInterrupt__E)
                  00013820    00000048                   : BIOS.obj (.text:ti_sysbios_family_arm_m3_Hwi_excReserved__I)
                  00013868    00000048                   : BIOS.obj (.text:ti_sysbios_knl_Task_deleteTerminatedTasksFunc__I)
                  000138b0    00000048                   : BIOS.obj (.text:ti_sysbios_utils_Load_taskDeleteHook__E)
                  000138f8    00000048     driverlib.lib : udma.obj (.text:uDMAChannelAttributeDisable)
                  00013940    00000048                   : udma.obj (.text:uDMAChannelAttributeEnable)
                  00013988    00000046     nettool_ipv4.aem4f : ipaddr.oem4f (.text:NtIfIdx2Ip)
                  000139ce    00000046     stk.aem4f : rawethsock.oem4f (.text:RawEthSockSend)
                  00013a14    00000046               : tcpprot.oem4f (.text:TcpPrCtlError)
                  00013a5a    00000046     dsplib-cm4f.lib : arm_copy_q7.obj (.text:arm_copy_q7)
                  00013aa0    00000046     os.aem4f : mem.oem4f (.text:mmZeroInit)
                  00013ae6    00000046     ti.targets.arm.rtsarm.aem4f : Core-params.oem4f (.text:xdc_runtime_Core_assignParams__I)
                  00013b2c    00000044     drivers_tivaware.aem4f : EMACSnow.oem4f (.text:EMACSnow_processTransmitted)
                  00013b70    00000044     stk.aem4f : icmp.oem4f (.text:ICMPChecksum)
                  00013bb4    00000044               : ipfrag.oem4f (.text:IPReasmFree)
                  00013bf8    00000044               : lli.oem4f (.text:LLIGetValidTime)
                  00013c3c    00000044               : rtable.oem4f (.text:RouteMsg)
                  00013c80    00000044               : rtable.oem4f (.text:RtWalkEnd)
                  00013cc4    00000044               : sockpcb.oem4f (.text:SockPcbDetach)
                  00013d08    00000044               : timer.oem4f (.text:TimerListInsert)
                  00013d4c    00000044     hal_timer_bios.aem4f : lltimer.oem4f (.text:llTimerGetTime)
                  00013d90    00000044     sysbios.aem4f : BIOS.obj (.text:ti_sysbios_family_arm_lm4_Timer_stop__E)
                  00013dd4    00000004     --HOLE-- [fill = 0]
                  00013dd8    00000044                   : BIOS.obj (.text:ti_sysbios_family_arm_m3_Hwi_getStackInfo__E)
                  00013e1c    00000004     --HOLE-- [fill = 0]
                  00013e20    00000044                   : BIOS.obj (.text:ti_sysbios_utils_Load_removeTask__E)
                  00013e64    00000044     ti.uia.loggers.aem4f : LoggerStopMode.oem4f (.text:ti_uia_loggers_LoggerStopMode_initBuffer__I)
                  00013ea8    00000044     ti.targets.arm.rtsarm.aem4f : Error.oem4f (.text:xdc_runtime_Error_setX__E)
                  00013eec    00000044                                 : SysMin.oem4f (.text:xdc_runtime_SysMin_flush__E)
                  00013f30    00000044                                 : Text.oem4f (.text:xdc_runtime_Text_xprintf__I)
                  00013f74    00000042     stk.aem4f : socket.oem4f (.text:NDK_listen)
                  00013fb6    00000042               : tcpprot.oem4f (.text:TcpPrSendOOB)
                  00013ff8    00000042               : fileuser.oem4f (.text:fdCloseSession)
                  0001403a    00000002     --HOLE-- [fill = 0]
                  0001403c    00000040     driverlib.lib : eeprom.obj (.text:EEPROMInit)
                  0001407c    00000040     stk.aem4f : lliin.oem4f (.text:LLIValidateRoute)
                  000140bc    00000040               : pbm.oem4f (.text:PBM_copy)
                  000140fc    00000040               : sockpcb.oem4f (.text:SockPcbRtChange)
                  0001413c    00000040               : tcpprot.oem4f (.text:TcpPrSend)
                  0001417c    00000040     rtsv7M4_T_le_v4SPD16_eabi.lib : u_divt2.obj (.text)
                  000141bc    00000004     --HOLE-- [fill = 0]
                  000141c0    00000040     sysbios.aem4f : BIOS.obj (.text:ti_sysbios_family_arm_lm4_Timer_startup__E)
                  00014200    0000003e     driverlib.lib : adc.obj (.text:ADCSequenceConfigure)
                  0001423e    0000003e     nettool_ipv4.aem4f : dhcpmain.oem4f (.text:DHCPClose)
                  0001427c    0000003e     stk.aem4f : nimu.oem4f (.text:NIMUAllocateName)
                  000142ba    0000003e     os.aem4f : task.oem4f (.text:TaskCreate)
                  000142f8    0000003e     stk.aem4f : tcpprot.oem4f (.text:TcpPrDisconnect)
                  00014336    0000003e               : file.oem4f (.text:fdint_unlockfd)
                  00014374    0000003c     nettool_ipv4.aem4f : config.oem4f (.text:CfgEntryGetData)
                  000143b0    0000003c     driverlib.lib : emac.obj (.text:EMACIntDisable)
                  000143ec    0000003c     stk.aem4f : node.oem4f (.text:NodeUpdatePL)
                  00014428    0000003c               : rtable.oem4f (.text:RtWalkBegin)
                  00014464    0000003c               : tcpprot.oem4f (.text:TcpPrConnect)
                  000144a0    0000003c               : tcptime.oem4f (.text:TcpSetPersist)
                  000144dc    0000003c     driverlib.lib : eeprom.obj (.text:_EEPROMSectorMaskSet)
                  00014518    0000003c     stk.aem4f : rtc.oem4f (.text:_RTCSendRtAdv)
                  00014554    0000003c               : rtable.oem4f (.text:_RtNodeRemove)
                  00014590    0000003c     hal_timer_bios.aem4f : lltimer.oem4f (.text:_llTimerInit)
                  000145cc    00000004     --HOLE-- [fill = 0]
                  000145d0    0000003c     sysbios.aem4f : BIOS.obj (.text:ti_sysbios_family_arm_m3_Hwi_excSvCall__I)
                  0001460c    00000004     --HOLE-- [fill = 0]
                  00014610    0000003c                   : BIOS.obj (.text:ti_sysbios_heaps_HeapMem_init__I)
                  0001464c    00000004     --HOLE-- [fill = 0]
                  00014650    0000003c                   : BIOS.obj (.text:ti_sysbios_knl_Swi_startup__E)
                  0001468c    0000003a     driverlib.lib : emac.obj (.text:EMACIntEnable)
                  000146c6    00000002     --HOLE-- [fill = 0]
                  000146c8    0000003a     RTOS_config_pem4f.oem4f (.text:ti_sysbios_knl_Clock_create)
                  00014702    00000002     --HOLE-- [fill = 0]
                  00014704    00000038     driverlib.lib : emac.obj (.text:EMACConfigGet)
                  0001473c    00000038     stk.aem4f : ipfrag.oem4f (.text:IPReasmTimeout)
                  00014774    00000038               : node.oem4f (.text:NodeGetRt)
                  000147ac    00000038     driverlib.lib : sysctl.obj (.text:SysCtlPeripheralReady)
                  000147e4    00000038     stk.aem4f : tcpprot.oem4f (.text:TcpClose)
                  0001481c    00000038               : timer.oem4f (.text:TimerHSTick)
                  00014854    00000038     nettool_ipv4.aem4f : dhcpbild.oem4f (.text:dhcpBuildDiscover)
                  0001488c    00000038                        : dhcptags.oem4f (.text:dhcpOptionsClear)
                  000148c4    00000038     stk.aem4f : file.oem4f (.text:fdint_waitevent)
                  000148fc    00000004     --HOLE-- [fill = 0]
                  00014900    00000038     sysbios.aem4f : BIOS.obj (.text:ti_sysbios_family_arm_m3_Hwi_excNoIsr__I)
                  00014938    00000038                   : BIOS.obj (.text:ti_sysbios_knl_Task_processVitalTaskFlag__I)
                  00014970    00000038     ti.targets.arm.rtsarm.aem4f : SysMin.oem4f (.text:xdc_runtime_SysMin_putch__E)
                  000149a8    00000038                                 : System.oem4f (.text:xdc_runtime_System_atexit__E)
                  000149e0    00000036     stk.aem4f : ip.oem4f (.text:IPChecksum)
                  00014a16    00000002     --HOLE-- [fill = 0]
                  00014a18    00000036     RTOS_config_pem4f.oem4f (.text:ti_sysbios_knl_Semaphore_create)
                  00014a4e    00000002     --HOLE-- [fill = 0]
                  00014a50    00000034     nettool_ipv4.aem4f : config.oem4f (.text:CfgSetService)
                  00014a84    00000034     driverlib.lib : eeprom.obj (.text:EEPROMRead)
                  00014ab8    00000034                   : emac.obj (.text:EMACConfigSet)
                  00014aec    00000034                   : emac.obj (.text:EMACIntClear)
                  00014b20    00000034     drivers_tivaware.aem4f : EMACSnow.oem4f (.text:EMACSnow_emacPoll)
                  00014b54    00000034                            : EMACSnow.oem4f (.text:EMACSnow_isLinkUp)
                  00014b88    00000034                            : EMAC.oem4f (.text:EMAC_init)
                  00014bbc    00000034     stk.aem4f : exec.oem4f (.text:ExecClose)
                  00014bf0    00000034               : nimu.oem4f (.text:NIMUFindByName)
                  00014c24    00000034               : nimu.oem4f (.text:NIMUInit)
                  00014c58    00000034               : rawethsock.oem4f (.text:RawEthSockNotify)
                  00014c8c    00000034               : sockprot.oem4f (.text:SockPrCtlError)
                  00014cc0    00000034     driverlib.lib : sysctl.obj (.text:SysCtlPeripheralEnable)
                  00014cf4    00000034                   : eeprom.obj (.text:_EEPROMSectorMaskClear)
                  00014d28    00000034     os.aem4f : mem.oem4f (.text:mmUnInitPage)
                  00014d5c    00000004     --HOLE-- [fill = 0]
                  00014d60    00000034     sysbios.aem4f : BIOS.obj (.text:ti_sysbios_family_arm_m3_Hwi_Instance_finalize__E)
                  00014d94    00000004     --HOLE-- [fill = 0]
                  00014d98    00000034                   : BIOS.obj (.text:ti_sysbios_family_arm_m3_Hwi_excNmi__I)
                  00014dcc    00000004     --HOLE-- [fill = 0]
                  00014dd0    00000034                   : BIOS.obj (.text:ti_sysbios_hal_Hwi_checkStack)
                  00014e04    00000034     ti.uia.loggers.aem4f : LoggerStopMode.oem4f (.text:ti_uia_loggers_LoggerStopMode_reset__E)
                  00014e38    00000034     ti.targets.arm.rtsarm.aem4f : Core-label.oem4f (.text:xdc_runtime_Core_assignLabel__I)
                  00014e6c    00000033                                 : Text.oem4f (.text:xdc_runtime_Text_printVisFxn__I)
                  00014e9f    00000001     --HOLE-- [fill = 0]
                  00014ea0    00000032     nettool_ipv4.aem4f : config.oem4f (.text:CfgGetImmediate)
                  00014ed2    00000032     stk.aem4f : route.oem4f (.text:RtDeRef)
                  00014f04    00000032               : route.oem4f (.text:RtSetFailure)
                  00014f36    00000032               : sb.oem4f (.text:SBFlush)
                  00014f68    00000032               : sb.oem4f (.text:SBSetMax)
                  00014f9a    00000032               : sock.oem4f (.text:SockIntAbort)
                  00014fcc    00000032     nettool_ipv4.aem4f : config.oem4f (.text:_CfgAcquire)
                  00014ffe    00000032                        : dhcpsm.oem4f (.text:dhcpIPRemove)
                  00015030    00000032     RTOS_config_pem4f.oem4f (.text:ti_sysbios_BIOS_atExitFunc__I)
                  00015062    00000006     stk.aem4f : tcpprot.oem4f (.text:TcpPrRecv)
                  00015068    00000032     RTOS_config_pem4f.oem4f (.text:ti_sysbios_gates_GateHwi_Object__create__S)
                  0001509a    00000006     ti.targets.arm.rtsarm.aem4f : xdc_noinit.oem4f (.text:__xdc__init)
                  000150a0    00000032     RTOS_config_pem4f.oem4f (.text:ti_sysbios_gates_GateMutex_Object__create__S)
                  000150d2    00000006     ti.targets.arm.rtsarm.aem4f : System.oem4f (.text:xdc_runtime_System_Module_startup__E)
                  000150d8    00000032     sysbios.aem4f : BIOS.obj (.text:ti_sysbios_hal_Hwi_initStack)
                  0001510a    00000006     --HOLE-- [fill = 0]
                  00015110    00000032     RTOS_config_pem4f.oem4f (.text:ti_sysbios_heaps_HeapMem_Object__create__S)
                  00015142    00000006     --HOLE-- [fill = 0]
                  00015148    00000032     sysbios.aem4f : BIOS.obj (.text:ti_sysbios_knl_Event_pendTimeout__I)
                  0001517a    00000006     --HOLE-- [fill = 0]
                  00015180    00000032     RTOS_config_pem4f.oem4f (.text:ti_sysbios_knl_Semaphore_construct)
                  000151b2    00000006     --HOLE-- [fill = 0]
                  000151b8    00000032     sysbios.aem4f : BIOS.obj (.text:ti_sysbios_knl_Semaphore_pendTimeout__I)
                  000151ea    00000006     --HOLE-- [fill = 0]
                  000151f0    00000032     RTOS_config_pem4f.oem4f (.text:ti_uia_loggers_LoggerStopMode_Object__create__S)
                  00015222    00000030     driverlib.lib : emac.obj (.text:EMACAddrSet)
                  00015252    00000002     --HOLE-- [fill = 0]
                  00015254    00000030     drivers_tivaware.aem4f : EMACSnow.oem4f (.text:EMACSnow_handlePackets)
                  00015284    00000030     netctrl_min_ipv4.aem4f : netsrv.oem4f (.text:NS_PreBoot)
                  000152b4    00000030     stk.aem4f : sock.oem4f (.text:SockBind)
                  000152e4    00000030               : sock.oem4f (.text:SockGetName)
                  00015314    00000030     nettool_ipv4.aem4f : dhcpsock.oem4f (.text:dhcpPacketSend)
                  00015344    00000030     stk.aem4f : listlib.oem4f (.text:list_remove_node)
                  00015374    00000004     --HOLE-- [fill = 0]
                  00015378    00000030     sysbios.aem4f : BIOS.obj (.text:ti_sysbios_family_arm_m3_TaskSupport_start__E)
                  000153a8    00000030     ti.targets.arm.rtsarm.aem4f : SysMin.oem4f (.text:xdc_runtime_SysMin_abort__E)
                  000153d8    00000030                                 : System.oem4f (.text:xdc_runtime_System_processAtExit__E)
                  00015408    0000002e     stk.aem4f : sb.oem4f (.text:SBFree)
                  00015436    00000002     --HOLE-- [fill = 0]
                  00015438    0000002e     RTOS_config_pem4f.oem4f (.text:ti_sysbios_knl_Queue_construct)
                  00015466    0000002c     driverlib.lib : emac.obj (.text:EMACIntStatus)
                  00015492    0000002c     stk.aem4f : file.oem4f (.text:FdSignalEvent)
                  000154be    00000002     --HOLE-- [fill = 0]
                  000154c0    0000002c               : igmp.oem4f (.text:IGMPTestGroup)
                  000154ec    0000002c     os.aem4f : task.oem4f (.text:NDK_hookCreate)
                  00015518    0000002c     stk.aem4f : nimu.oem4f (.text:NIMUAllocateIndex)
                  00015544    0000002c               : nimu.oem4f (.text:NIMUPacketServiceCheck)
                  00015570    0000002c               : pipe.oem4f (.text:PipeClose)
                  0001559c    0000002c               : sockpcb.oem4f (.text:SockPcbAttach)
                  000155c8    0000002c               : lli.oem4f (.text:_LLIExpListRemove)
                  000155f4    0000002c               : lli.oem4f (.text:_LLITimeoutFlush)
                  00015620    0000002c               : rtable.oem4f (.text:_RtExpListRemove)
                  0001564c    00000004     --HOLE-- [fill = 0]
                  00015650    0000002c     RTOS_config_pem4f.oem4f (.text:ti_sysbios_knl_Clock_doTick__I)
                  0001567c    00000004     --HOLE-- [fill = 0]
                  00015680    0000002c     sysbios.aem4f : BIOS.obj (.text:ti_sysbios_knl_Task_restore__E)
                  000156ac    0000002c     driverlib.lib : udma.obj (.text:uDMAChannelAssign)
                  000156d8    0000002c     ti.targets.arm.rtsarm.aem4f : Text.oem4f (.text:xdc_runtime_Text_cordText__E)
                  00015704    0000002a     driverlib.lib : gpio.obj (.text:GPIODirModeSet)
                  0001572e    0000002a     stk.aem4f : pbm.oem4f (.text:PBMQ_deq)
                  00015758    0000002a     netctrl_min_ipv4.aem4f : netsrv.oem4f (.text:ServiceCallback)
                  00015782    0000002a     nettool_ipv4.aem4f : config.oem4f (.text:_CfgRelease)
                  000157ac    0000002a     ti.targets.arm.rtsarm.aem4f : System.oem4f (.text:xdc_runtime_System_putchar__I)
                  000157d6    00000002     --HOLE-- [fill = 0]
                  000157d8    00000028     stk.aem4f : bind.oem4f (.text:BindFindByNet)
                  00015800    00000028               : lli.oem4f (.text:LLIFree)
                  00015828    00000028     netctrl_min_ipv4.aem4f : netctrl.oem4f (.text:NC_SystemClose)
                  00015850    00000028     stk.aem4f : nimu.oem4f (.text:NIMUCreatePacket)
                  00015878    00000028               : nimu.oem4f (.text:NIMUPacketService)
                  000158a0    00000028               : tcpin.oem4f (.text:TcpEnterTimeWait)
                  000158c8    00000028               : timer.oem4f (.text:TimerListRemove)
                  000158f0    00000028               : vlan.oem4f (.text:VLANFindSourceInterface)
                  00015918    00000028               : vlan.oem4f (.text:VLANInit)
                  00015940    00000028     nettool_ipv4.aem4f : dhcpsock.oem4f (.text:dhcpPacketReceive)
                  00015968    00000028     rtsv7M4_T_le_v4SPD16_eabi.lib : e_sqrtf.obj (.text)
                  00015990    00000028     drivers_tivaware.aem4f : EMACSnow.oem4f (.text:signalLinkChange)
                  000159b8    00000028     RTOS_config_pem4f.oem4f (.text:ti_sysbios_BIOS_registerRTSLock__I)
                  000159e0    00000028     RTOS_config_pem4f.oem4f (.text:ti_sysbios_BIOS_startFunc__I)
                  00015a08    00000028     sysbios.aem4f : BIOS.obj (.text:ti_sysbios_knl_Semaphore_Instance_finalize__E)
                  00015a30    00000028                   : BIOS.obj (.text:ti_sysbios_knl_Semaphore_reset__E)
                  00015a58    00000028                   : BIOS.obj (.text:ti_sysbios_knl_Swi_Module_startup__E)
                  00015a80    00000028     driverlib.lib : udma.obj (.text:uDMAChannelModeGet)
                  00015aa8    00000026     nettool_ipv4.aem4f : config.oem4f (.text:CfgEntryInfo)
                  00015ace    00000026     driverlib.lib : emac.obj (.text:EMACPHYRead)
                  00015af4    00000026                   : emac.obj (.text:EMACPHYWrite)
                  00015b1a    00000026     stk.aem4f : rawethsock.oem4f (.text:RawEthSockClose)
                  00015b40    00000026     sysbios.aem4f : m3_Hwi_asm.obj (.text:ti_sysbios_family_arm_m3_Hwi_pendSV__I)
                  00015b66    00000002     --HOLE-- [fill = 0]
                  00015b68    00000026     RTOS_config_pem4f.oem4f (.text:ti_sysbios_gates_GateMutex_Object__delete__S)
                  00015b8e    00000002     --HOLE-- [fill = 0]
                  00015b90    00000026     RTOS_config_pem4f.oem4f (.text:ti_sysbios_knl_Semaphore_Object__delete__S)
                  00015bb6    00000026     ti.targets.arm.rtsarm.aem4f : System.oem4f (.text:xdc_runtime_System_avprintf__E)
                  00015bdc    00000024     stk.aem4f : bind.oem4f (.text:BindFindByHost)
                  00015c00    00000024               : bind.oem4f (.text:BindGetIFByDBCast)
                  00015c24    00000024     drivers_tivaware.aem4f : EMACSnow.oem4f (.text:EMACSnow_pkt_service)
                  00015c48    00000024                            : EMACSnow.oem4f (.text:EMACSnow_primeRx)
                  00015c6c    00000024     stk.aem4f : exec.oem4f (.text:ExecTimer)
                  00015c90    00000024               : nimu.oem4f (.text:NIMUFindByIndex)
                  00015cb4    00000024               : rtc.oem4f (.text:RTCAddHook)
                  00015cd8    00000024               : rawethsock_pcb.oem4f (.text:RawEthSockPcbFind)
                  00015cfc    00000024               : route.oem4f (.text:RtFree)
                  00015d20    00000024               : route.oem4f (.text:RtSetTimeout)
                  00015d44    00000024               : sockpcb.oem4f (.text:SockPcbCleanup)
                  00015d68    00000024               : tcpprot.oem4f (.text:TcpPrListen)
                  00015d8c    00000024               : tcptime.oem4f (.text:TcpTimeoutWait2)
                  00015db0    00000024     nettool_ipv4.aem4f : config.oem4f (.text:_CfgEntryProcess)
                  00015dd4    00000004     --HOLE-- [fill = 0]
                  00015dd8    00000024     RTOS_config_pem4f.oem4f (.text:ti_sysbios_BIOS_removeRTSLock__I)
                  00015dfc    00000004     --HOLE-- [fill = 0]
                  00015e00    00000024     RTOS_config_pem4f.oem4f (.text:ti_sysbios_family_arm_m3_Hwi_Object__delete__S)
                  00015e24    00000004     --HOLE-- [fill = 0]
                  00015e28    00000024     sysbios.aem4f : BIOS.obj (.text:ti_sysbios_family_arm_m3_Hwi_doTaskRestore__I)
                  00015e4c    00000004     --HOLE-- [fill = 0]
                  00015e50    00000024                   : BIOS.obj (.text:ti_sysbios_knl_Clock_Module_startup__E)
                  00015e74    00000004     --HOLE-- [fill = 0]
                  00015e78    00000024     RTOS_config_pem4f.oem4f (.text:ti_sysbios_knl_Swi_Object__delete__S)
                  00015e9c    00000004     --HOLE-- [fill = 0]
                  00015ea0    00000024     RTOS_config_pem4f.oem4f (.text:ti_sysbios_knl_Task_Object__delete__S)
                  00015ec4    00000024     driverlib.lib : udma.obj (.text:uDMAChannelControlSet)
                  00015ee8    00000024     ti.targets.arm.rtsarm.aem4f : System.oem4f (.text:xdc_runtime_System_vprintf__E)
                  00015f0c    00000022     nettool_ipv4.aem4f : config.oem4f (.text:CfgEntryRef)
                  00015f2e    00000022     stk.aem4f : vlan.oem4f (.text:VLANFindNode)
                  00015f50    00000022     RTOS_config_pem4f.oem4f (.text:ti_sysbios_BIOS_rtsLock__I)
                  00015f72    00000006     --HOLE-- [fill = 0]
                  00015f78    00000022     sysbios.aem4f : BIOS.obj (.text:ti_sysbios_family_arm_lm4_Timer_write__I)
                  00015f9a    00000006     --HOLE-- [fill = 0]
                  00015fa0    00000022     RTOS_config_pem4f.oem4f (.text:ti_sysbios_family_arm_m3_Hwi_Object__get__S)
                  00015fc2    00000006     --HOLE-- [fill = 0]
                  00015fc8    00000022     RTOS_config_pem4f.oem4f (.text:ti_sysbios_heaps_HeapMem_Object__get__S)
                  00015fea    00000006     --HOLE-- [fill = 0]
                  00015ff0    00000022     RTOS_config_pem4f.oem4f (.text:ti_sysbios_knl_Semaphore_Object__destruct__S)
                  00016012    00000006     --HOLE-- [fill = 0]
                  00016018    00000022     RTOS_config_pem4f.oem4f (.text:ti_sysbios_knl_Swi_Object__get__S)
                  0001603a    00000006     --HOLE-- [fill = 0]
                  00016040    00000022     RTOS_config_pem4f.oem4f (.text:ti_sysbios_knl_Task_Object__get__S)
                  00016062    00000006     --HOLE-- [fill = 0]
                  00016068    00000022     RTOS_config_pem4f.oem4f (.text:xdc_runtime_SysMin_output__I)
                  0001608a    00000002     --HOLE-- [fill = 0]
                  0001608c    00000020     netctrl_min_ipv4.aem4f : netctrl.oem4f (.text:NC_BootComplete)
                  000160ac    00000020     stk.aem4f : nimu.oem4f (.text:NIMUGetNumOfObject)
                  000160cc    00000020               : rtc.oem4f (.text:RTCRemoveHook)
                  000160ec    00000020               : tcp.oem4f (.text:TcpTimeoutRemove)
                  0001610c    00000020     Boot.aem4f : Boot_sysctl.oem4f (.text:_SysCtlMemTimingGet)
                  0001612c    00000020     sysbios.aem4f : m3_Hwi_asm.obj (.text:ti_sysbios_family_arm_m3_Hwi_excHandlerAsm__I)
                  0001614c    00000004     --HOLE-- [fill = 0]
                  00016150    00000020                   : BIOS.obj (.text:ti_sysbios_family_arm_m3_Hwi_excHandler__I)
                  00016170    00000020     RTOS_config_pem4f.oem4f (.text:ti_sysbios_gates_GateHwi_Object__delete__S)
                  00016190    00000020     RTOS_config_pem4f.oem4f (.text:ti_sysbios_heaps_HeapMem_Object__delete__S)
                  000161b0    00000020     sysbios.aem4f : BIOS.obj (.text:ti_sysbios_knl_Idle_run__E)
                  000161d0    00000020     RTOS_config_pem4f.oem4f (.text:ti_uia_loggers_LoggerStopMode_Object__delete__S)
                  000161f0    00000020     ti.targets.arm.rtsarm.aem4f : Registry.oem4f (.text:xdc_runtime_Registry_findById__E)
                  00016210    00000020                                 : SysMin.oem4f (.text:xdc_runtime_SysMin_Module_startup__E)
                  00016230    0000001e     stk.aem4f : listlib.oem4f (.text:list_remove)
                  0001624e    00000002     --HOLE-- [fill = 0]
                  00016250    0000001e     RTOS_config_pem4f.oem4f (.text:ti_sysbios_BIOS_errorRaiseHook__I)
                  0001626e    0000001e     sysbios.aem4f : m3_Hwi_asm_switch.obj (.text:ti_sysbios_family_xxx_Hwi_switchAndRunFunc)
                  0001628c    0000001c     stk.aem4f : bind.oem4f (.text:BindFindByIF)
                  000162a8    0000001c               : exec.oem4f (.text:ExecBroadcast)
                  000162c4    0000001c     os.aem4f : ossys.oem4f (.text:NDK_sprintf)
                  000162e0    0000001c     stk.aem4f : nimu.oem4f (.text:NIMUAddHeader)
                  000162fc    0000001c               : sockprot.oem4f (.text:SockPrDetach)
                  00016318    0000001c     os.aem4f : task.oem4f (.text:TaskDestroy)
                  00016334    0000001c     driverlib.lib : sysctl.obj (.text:_SysCtlMemTimingGet)
                  00016350    0000001c     drivers_tivaware.aem4f : GPIOTiva.oem4f (.text:getGpioIntIndex)
                  0001636c    00000004     --HOLE-- [fill = 0]
                  00016370    0000001c     RTOS_config_pem4f.oem4f (.text:ti_ndk_config_global_taskCreateHook)
                  0001638c    00000004     --HOLE-- [fill = 0]
                  00016390    0000001c     sysbios.aem4f : BIOS.obj (.text:ti_sysbios_gates_GateMutex_Instance_init__E)
                  000163ac    00000004     --HOLE-- [fill = 0]
                  000163b0    0000001c     RTOS_config_pem4f.oem4f (.text:ti_sysbios_knl_Queue_Object__destruct__S)
                  000163cc    00000004     --HOLE-- [fill = 0]
                  000163d0    0000001c     sysbios.aem4f : BIOS.obj (.text:ti_sysbios_knl_Task_enter__I)
                  000163ec    0000001c     ti.uia.loggers.aem4f : LoggerStopMode.oem4f (.text:ti_uia_loggers_LoggerStopMode_Instance_init__E)
                  00016408    0000001c     RTOS_config_pem4f.oem4f (.text:ti_uia_loggers_LoggerStopMode_Object__get__S)
                  00016424    0000001c     ti.targets.arm.rtsarm.aem4f : Error.oem4f (.text:xdc_runtime_Error_raiseX__E)
                  00016440    0000001c                                 : Memory.oem4f (.text:xdc_runtime_Memory_valloc__E)
                  0001645c    0000001c                                 : SysMin.oem4f (.text:xdc_runtime_SysMin_exit__E)
                  00016478    0000001c                                 : System.oem4f (.text:xdc_runtime_System_abort__E)
                  00016494    0000001a     stk.aem4f : bind.oem4f (.text:BindGetIP)
                  000164ae    0000001a               : sockint.oem4f (.text:SockSetOOBMark)
                  000164c8    0000001a               : file.oem4f (.text:fdint_getfdt)
                  000164e2    00000006     --HOLE-- [fill = 0]
                  000164e8    0000001a     RTOS_config_pem4f.oem4f (.text:ti_sysbios_BIOS_rtsUnlock__I)
                  00016502    00000006     --HOLE-- [fill = 0]
                  00016508    0000001a     RTOS_config_pem4f.oem4f (.text:ti_sysbios_family_arm_m3_Hwi_Handle__label__S)
                  00016522    00000006     --HOLE-- [fill = 0]
                  00016528    0000001a     RTOS_config_pem4f.oem4f (.text:ti_sysbios_gates_GateHwi_Handle__label__S)
                  00016542    00000006     --HOLE-- [fill = 0]
                  00016548    0000001a     RTOS_config_pem4f.oem4f (.text:ti_sysbios_gates_GateMutex_Handle__label__S)
                  00016562    00000006     --HOLE-- [fill = 0]
                  00016568    0000001a     RTOS_config_pem4f.oem4f (.text:ti_sysbios_heaps_HeapMem_Handle__label__S)
                  00016582    00000006     --HOLE-- [fill = 0]
                  00016588    0000001a     RTOS_config_pem4f.oem4f (.text:ti_sysbios_knl_Swi_Handle__label__S)
                  000165a2    00000006     --HOLE-- [fill = 0]
                  000165a8    0000001a     RTOS_config_pem4f.oem4f (.text:ti_sysbios_knl_Task_Handle__label__S)
                  000165c2    00000006     --HOLE-- [fill = 0]
                  000165c8    0000001a     sysbios.aem4f : BIOS.obj (.text:ti_sysbios_knl_Task_sleepTimeout__I)
                  000165e2    00000006     --HOLE-- [fill = 0]
                  000165e8    0000001a     RTOS_config_pem4f.oem4f (.text:ti_uia_loggers_LoggerStopMode_Handle__label__S)
                  00016602    00000006     --HOLE-- [fill = 0]
                  00016608    0000001a     RTOS_config_pem4f.oem4f (.text:xdc_runtime_System_aprintf__E)
                  00016622    00000006     --HOLE-- [fill = 0]
                  00016628    0000001a     RTOS_config_pem4f.oem4f (.text:xdc_runtime_System_printf__E)
                  00016642    00000018     driverlib.lib : adc.obj (.text:ADCClockConfigSet)
                  0001665a    00000002     --HOLE-- [fill = 0]
                  0001665c    00000018     drivers_tivaware.aem4f : EMACSnow.oem4f (.text:EMACSnow_emacSend)
                  00016674    00000018     stk.aem4f : ip.oem4f (.text:IPRtChange)
                  0001668c    00000018               : rawethsock_pcb.oem4f (.text:RawEthSockPcbCleanup)
                  000166a4    00000018     nettool_ipv4.aem4f : ipaddr.oem4f (.text:RouteHook)
                  000166bc    00000018     stk.aem4f : tcpin.oem4f (.text:SEQ_GEQ)
                  000166d4    00000018               : tcpout.oem4f (.text:SEQ_GEQ)
                  000166ec    00000018               : tcpin.oem4f (.text:SEQ_GT)
                  00016704    00000018               : tcpout.oem4f (.text:SEQ_GT)
                  0001671c    00000018               : tcpin.oem4f (.text:SEQ_LEQ)
                  00016734    00000018               : tcpout.oem4f (.text:SEQ_LEQ)
                  0001674c    00000018               : tcpin.oem4f (.text:SEQ_LT)
                  00016764    00000018               : tcpout.oem4f (.text:SEQ_LT)
                  0001677c    00000018               : tcp.oem4f (.text:TcpTimeoutAdd)
                  00016794    00000018     nettool_ipv4.aem4f : dhcpsock.oem4f (.text:dhcpSocketClose)
                  000167ac    00000004     --HOLE-- [fill = 0]
                  000167b0    00000018     ptgm_main.obj (.text:heartBeat_Task)
                  000167c8    00000018     stk.aem4f : listlib.oem4f (.text:list_add)
                  000167e0    00000018     rtsv7M4_T_le_v4SPD16_eabi.lib : args_main.obj (.text)
                  000167f8    00000018                                   : strcmp.obj (.text)
                  00016810    00000018     RTOS_config_pem4f.oem4f (.text:ti_sysbios_family_arm_lm4_Timer_Module__startupDone__F)
                  00016828    00000018     RTOS_config_pem4f.oem4f (.text:ti_sysbios_family_arm_m3_Hwi_Module__startupDone__F)
                  00016840    00000018     sysbios.aem4f : m3_TaskSupport_asm.obj (.text:ti_sysbios_family_arm_m3_TaskSupport_swap__E)
                  00016858    00000018                   : BIOS.obj (.text:ti_sysbios_gates_GateMutex_leave__E)
                  00016870    00000018     driverlib.lib : udma.obj (.text:uDMAChannelEnable)
                  00016888    00000018     ti.targets.arm.rtsarm.aem4f : Error.oem4f (.text:xdc_runtime_Error_check__E)
                  000168a0    00000018                                 : System.oem4f (.text:xdc_runtime_System_exit__E)
                  000168b8    00000018                                 : Text.oem4f (.text:xdc_runtime_Text_ropeText__E)
                  000168d0    00000016     driverlib.lib : emac.obj (.text:EMACReset)
                  000168e6    00000016                   : emac.obj (.text:EMACRxEnable)
                  000168fc    00000016                   : emac.obj (.text:EMACTxEnable)
                  00016912    00000016     stk.aem4f : file.oem4f (.text:fdint_freefdt)
                  00016928    00000016     RTOS_config_pem4f.oem4f (.text:ti_sysbios_BIOS_exitFunc__I)
                  0001693e    00000002     --HOLE-- [fill = 0]
                  00016940    00000016     RTOS_config_pem4f.oem4f (.text:ti_sysbios_knl_Task_Object__next__S)
                  00016956    00000016     ti.uia.loggers.aem4f : LoggerStopMode.oem4f (.text:ti_uia_loggers_LoggerStopMode_disable__E)
                  0001696c    00000016                          : LoggerStopMode.oem4f (.text:ti_uia_loggers_LoggerStopMode_enable__E)
                  00016982    00000016     ti.targets.arm.rtsarm.aem4f : System.oem4f (.text:xdc_runtime_System_vsprintf__E)
                  00016998    00000014     RTOS_config_pem4f.oem4f (.text:.bootCodeSection:ti_catalog_arm_cortexm4_tiva_ce_Boot_init__I)
                  000169ac    00000014     stk.aem4f : bind.oem4f (.text:BindIPHost2IF)
                  000169c0    00000014     driverlib.lib : flash.obj (.text:FlashUserGet)
                  000169d4    00000014     netctrl_min_ipv4.aem4f : netctrl.oem4f (.text:NC_NetStop)
                  000169e8    00000014     os.aem4f : task.oem4f (.text:NDK_hookExit)
                  000169fc    00000014     stk.aem4f : nimu.oem4f (.text:NIMUSendPacket)
                  00016a10    00000014     nettool_ipv4.aem4f : ipaddr.oem4f (.text:NtRemoveNetwork)
                  00016a24    00000014     stk.aem4f : rawethsock_pcb.oem4f (.text:RawEthSockPcbInit)
                  00016a38    00000014               : timer.oem4f (.text:TimerFree)
                  00016a4c    00000014     rtsv7M4_T_le_v4SPD16_eabi.lib : _lock.obj (.text)
                  00016a60    00000014                                   : strcpy.obj (.text)
                  00016a74    00000014                                   : strlen.obj (.text)
                  00016a88    00000014     RTOS_config_pem4f.oem4f (.text:ti_ndk_config_global_taskExitHook)
                  00016a9c    00000004     --HOLE-- [fill = 0]
                  00016aa0    00000014     sysbios.aem4f : BIOS.obj (.text:ti_sysbios_family_arm_m3_Hwi_switchFromBootStack__E)
                  00016ab4    00000004     --HOLE-- [fill = 0]
                  00016ab8    00000014     RTOS_config_pem4f.oem4f (.text:ti_sysbios_knl_Task_Object__first__S)
                  00016acc    00000012     driverlib.lib : adc.obj (.text:ADCHardwareOversampleConfigure)
                  00016ade    00000012                   : gpio.obj (.text:GPIOPinTypeADC)
                  00016af0    00000012                   : gpio.obj (.text:GPIOPinTypeEthernetLED)
                  00016b02    00000012     stk.aem4f : sockprot.oem4f (.text:SockPrAttach)
                  00016b14    00000012               : sockint.oem4f (.text:SockSetOOBData)
                  00016b26    00000012     driverlib.lib : timer.obj (.text:TimerLoadSet)
                  00016b38    00000012     nettool_ipv4.aem4f : inetaddr.oem4f (.text:inet_addr)
                  00016b4a    00000006     --HOLE-- [fill = 0]
                  00016b50    00000012     sysbios.aem4f : BIOS.obj (.text:ti_sysbios_hal_Hwi_Module_startup__E)
                  00016b62    00000006     --HOLE-- [fill = 0]
                  00016b68    00000012                   : BIOS.obj (.text:ti_sysbios_knl_Event_sync__E)
                  00016b7a    00000006     --HOLE-- [fill = 0]
                  00016b80    00000012     RTOS_config_pem4f.oem4f (.text:xdc_runtime_Startup_exec__I)
                  00016b92    00000010     driverlib.lib : adc.obj (.text:ADCSequenceDMAEnable)
                  00016ba2    00000010     stk.aem4f : bind.oem4f (.text:BindIF2IPHost)
                  00016bb2    00000010               : bind.oem4f (.text:BindIFNet2IPHost)
                  00016bc2    00000002     --HOLE-- [fill = 0]
                  00016bc4    00000010     driverlib.lib : emac.obj (.text:EMACFrameFilterSet)
[...]
0001a1b0  xdc_runtime_Error_E_memory__C                                        
0001a1b4  xdc_runtime_Error_Module__diagsEnabled__C                            
0001a1b8  xdc_runtime_Error_Module__diagsIncluded__C                           
0001a1bc  xdc_runtime_Error_Module__diagsMask__C                               
0001a1c0  xdc_runtime_Error_Module__loggerFxn8__C                              
0001a1c4  xdc_runtime_Error_Module__loggerObj__C                               
0001a1c8  xdc_runtime_Error_policyFxn__C                                       
0001a1cc  xdc_runtime_Error_raiseHook__C                                       
0001a1d0  xdc_runtime_IFilterLogger_Interface__BASE__C                         
0001a1d4  xdc_runtime_IGateProvider_Interface__BASE__C                         
0001a1d8  xdc_runtime_IHeap_Interface__BASE__C                                 
0001a1dc  xdc_runtime_ILogger_Interface__BASE__C                               
0001a1e0  xdc_runtime_IModule_Interface__BASE__C                               
0001a1e4  xdc_runtime_Log_L_error__C                                           
0001a1e8  xdc_runtime_Log_L_info__C                                            
0001a1ec  xdc_runtime_Main_Module__diagsEnabled__C                             
0001a1f0  xdc_runtime_Main_Module__diagsIncluded__C                            
0001a1f4  xdc_runtime_Main_Module__diagsMask__C                                
0001a1f8  xdc_runtime_Main_Module__loggerFxn1__C                               
0001a1fc  xdc_runtime_Main_Module__loggerFxn4__C                               
0001a200  xdc_runtime_Main_Module__loggerObj__C                                
0001a204  xdc_runtime_Memory_defaultHeapInstance__C                            
0001a208  xdc_runtime_Startup_execImpl__C                                      
0001a20c  xdc_runtime_Startup_lastFxns__A                                      
0001a210  xdc_runtime_Startup_maxPasses__C                                     
0001a214  xdc_runtime_Startup_sfxnRts__C                                       
0001a218  xdc_runtime_Startup_sfxnTab__C                                       
0001a21c  xdc_runtime_SysMin_bufSize__C                                        
0001a220  xdc_runtime_SysMin_outputFunc__C                                     
0001a224  xdc_runtime_System_Module__gateObj__C                                
0001a228  xdc_runtime_System_abortFxn__C                                       
0001a22c  xdc_runtime_System_exitFxn__C                                        
0001a230  xdc_runtime_System_extendFxn__C                                      
0001a234  xdc_runtime_System_maxAtexitHandlers__C                              
0001a238  xdc_runtime_Text_charTab__C                                          
0001a23c  xdc_runtime_Text_nameEmpty__C                                        
0001a240  xdc_runtime_Text_nameStatic__C                                       
0001a244  xdc_runtime_Text_nameUnknown__C                                      
0001a248  xdc_runtime_Text_nodeTab__C                                          
0001a24c  xdc_runtime_Text_visitRopeFxn__C                                     
0001a250  ti_sysbios_family_arm_lm4_TimestampProvider_useClockTimer__C         
0001a252  ti_sysbios_family_arm_m3_Hwi_Module__id__C                           
0001a254  ti_sysbios_family_arm_m3_Hwi_Module__loggerDefined__C                
0001a256  ti_sysbios_gates_GateMutex_Module__id__C                             
0001a258  ti_sysbios_hal_Hwi_Module__id__C                                     
0001a25a  ti_sysbios_heaps_HeapMem_Module__id__C                               
0001a25c  ti_sysbios_knl_Clock_Module__id__C                                   
0001a25e  ti_sysbios_knl_Clock_Module__loggerDefined__C                        
0001a260  ti_sysbios_knl_Event_Module__id__C                                   
0001a262  ti_sysbios_knl_Event_Module__loggerDefined__C                        
0001a264  ti_sysbios_knl_Semaphore_Module__id__C                               
0001a266  ti_sysbios_knl_Semaphore_Module__loggerDefined__C                    
0001a268  ti_sysbios_knl_Swi_Module__id__C                                     
0001a26a  ti_sysbios_knl_Swi_Module__loggerDefined__C                          
0001a26c  ti_sysbios_knl_Task_Module__id__C                                    
0001a26e  ti_sysbios_knl_Task_Module__loggerDefined__C                         
0001a270  ti_sysbios_utils_Load_Module__id__C                                  
0001a272  ti_sysbios_utils_Load_Module__loggerDefined__C                       
0001a274  ti_sysbios_utils_Load_autoAddTasks__C                                
0001a276  ti_sysbios_utils_Load_updateInIdle__C                                
0001a278  ti_uia_loggers_LoggerStopMode_Module__id__C                          
0001a27a  ti_uia_loggers_LoggerStopMode_isTimestampEnabled__C                  
0001a27c  xdc_runtime_Core_Module__id__C                                       
0001a27e  xdc_runtime_Error_Module__loggerDefined__C                           
0001a280  xdc_runtime_Error_maxDepth__C                                        
0001a282  xdc_runtime_Main_Module__id__C                                       
0001a284  xdc_runtime_Main_Module__loggerDefined__C                            
0001a286  xdc_runtime_Memory_Module__id__C                                     
0001a288  xdc_runtime_SysMin_flushAtExit__C                                    
0001a28a  xdc_runtime_Text_charCnt__C                                          
0001a28c  xdc_runtime_Text_isLoaded__C                                         
0001a28e  xdc_runtime_Text_registryModsLastId__C                               
0001a290  xdc_runtime_Text_unnamedModsLastId__C                                
0001a292  xdc_runtime_Error_policy__C                                          
0001a298  __TI_static_base__                                                   
0001a840  __TI_Handler_Table_Base                                              
0001a84c  __TI_Handler_Table_Limit                                             
0001a860  __TI_CINIT_Base                                                      
0001a878  __TI_CINIT_Limit                                                     
20000000  ti_sysbios_family_arm_m3_Hwi_ramVectors                              
20000400  outlet                                                               
20011338  ti_sysbios_heaps_HeapMem_Instance_State_0_buf__A                     
20017338  panel                                                                
2001cd50  ti_ndk_config_Global_pit                                             
2001cdf8  ti_ndk_config_Global_pitBuffer                                       
200215f8  ti_ndk_config_Global_pBufMem                                         
20025220  ti_ndk_config_Global_pHdrMem                                         
20025518  g_str_PostSend                                                       
20029140  ti_sysbios_knl_Task_Instance_State_0_stack__A                        
20029340  ti_sysbios_knl_Task_Instance_State_1_stack__A                        
20029b40  ti_sysbios_knl_Task_Instance_State_2_stack__A                        
20029e40  ti_sysbios_knl_Task_Instance_State_3_stack__A                        
2002a240  ti_sysbios_knl_Task_Instance_State_4_stack__A                        
2002aa40  ti_sysbios_knl_Task_Instance_State_5_stack__A                        
2002b040  ti_sysbios_knl_Task_Instance_State_6_stack__A                        
2002b240  ADCchannel                                                           
2002d240  msg                                                                  
2002d3a8  _ICMPIn                                                              
2002d3f4  PBMQ_free                                                            
2002d400  udmaCtrlTable                                                        
2002e400  g_uint16_adc0_ping                                                   
2002ec00  g_uint16_adc0_pong                                                   
2002f400  g_uint16_adc1_ping                                                   
2002fc00  g_uint16_adc1_pong                                                   
20030400  ti_uia_loggers_LoggerStopMode_Instance_State_0_packetArray__A        
20030800  ti_uia_loggers_LoggerStopMode_Instance_State_1_packetArray__A        
20030c00  ti_uia_loggers_LoggerStopMode_Instance_State_2_packetArray__A        
20031000  xdc_runtime_SysMin_Module_State_0_outbuf__A                          
20031400  ti_sysbios_family_arm_m3_Hwi_dispatchTable                           
20031760  __CIOBUF_                                                            
20031980  tcps                                                                 
20031c9c  ips                                                                  
20031d04  nimu_mcb                                                             
20031d68  _ICMPOut                                                             
20031df4  tpseudo                                                              
20031e00  ti_uia_loggers_LoggerStopMode_Instance_State_0_hdr__A                
20031e30  vlan_mcb                                                             
20031e80  ti_uia_loggers_LoggerStopMode_Instance_State_1_hdr__A                
20031eb0  udps                                                                 
20031ed4  BlockCount                                                           
20031f00  ti_uia_loggers_LoggerStopMode_Instance_State_2_hdr__A                
20031f30  BlockMax                                                             
20031f4c  PageCount                                                            
20031f68  PageMax                                                              
20031f84  stkEvent                                                             
20031fb0  raweths                                                              
20031fc0  raws                                                                 
20031fd0  upseudo                                                              
20031fdc  emacObjects                                                          
20031fe4  parmbuf                                                              
20031fec  ti_sysbios_knl_Task_Instance_State_0_hookEnv__A                      
20031ff4  ti_sysbios_knl_Task_Instance_State_1_hookEnv__A                      
20031ffc  ti_sysbios_knl_Task_Instance_State_2_hookEnv__A                      
20032004  ti_sysbios_knl_Task_Instance_State_3_hookEnv__A                      
2003200c  ti_sysbios_knl_Task_Instance_State_4_hookEnv__A                      
20032014  ti_sysbios_knl_Task_Instance_State_5_hookEnv__A                      
2003201c  ti_sysbios_knl_Task_Instance_State_6_hookEnv__A                      
20032044  _IGMPInDiscard                                                       
20032048  _IGMPInQuery                                                         
2003204c  _IGMPInQueryGroup                                                    
20032050  _IGMPInResponse                                                      
20032054  _IGMPOutResponse                                                     
20032058  gMsg                                                                 
2003205c  g_ulStatus                                                           
20032070  pMsg                                                                 
20032074  raweth_pcb                                                           
20032078  ti_sysbios_knl_Task_Object__table__V                                 
200322a8  ptgmSettings                                                         
20032404  ptgmSettingsWrite                                                    
20032560  ti_sysbios_knl_Swi_Object__table__V                                  
20032650  ti_sysbios_utils_Load_Module_State_0_taskEnv__A                      
20032714  _ipcfg                                                               
200327c8  ti_uia_loggers_LoggerStopMode_Object__table__V                       
20032864  ti_sysbios_utils_Load_Module__state__V                               
200328fc  ti_sysbios_family_arm_lm4_Timer_Object__table__V                     
2003297c  ti_sysbios_knl_Swi_Module_State_0_readyQ__A                          
200329fc  ti_sysbios_knl_Task_Module_State_0_readyQ__A                         
20032a7c  ti_sysbios_family_arm_m3_Hwi_Object__table__V                        
20032adc  ti_sysbios_knl_Semaphore_Object__table__V                            
20032b7a  ti_sysbios_family_arm_m3_Hwi_Module_State_0_excActive__A             
20032b7c  ti_sysbios_knl_Task_Module__state__V                                 
20032c40  ti_sysbios_family_arm_lm4_Timer_Module_State_0_device__A             
20032c80  ti_sysbios_gates_GateMutex_Object__table__V                          
20032cec  ti_sysbios_family_arm_m3_Hwi_Module__state__V                        
20032d20  enablePrefetch                                                       
20032d24  phyCounter                                                           
20032d52  xdc_runtime_Error_Module__state__V                                   
20032d84  ti_sysbios_knl_Clock_Module__state__V                                
20032db0  pstrMsgName                                                          
20032dd8  _oscfg                                                               
20032dfc  PITCount                                                             
20032e00  PITUsed                                                              
20032e04  PITHigh                                                              
20032e20  ti_sysbios_BIOS_Module__state__V                                     
20032e44  gpioPinConfigs                                                       
20032e64  ti_sysbios_family_arm_lm4_Timer_Module_State_0_handles__A            
20032ea0  ti_ndk_config_Global_Id2Size                                         
20032ebc  ti_sysbios_knl_Swi_Module__state__V                                  
20032ed8  ti_ndk_config_Global_HostName                                        
20032edc  LocalIPAddr                                                          
20032ee0  LocalIPMask                                                          
20032ee4  GatewayIP                                                            
20032ee8  DomainName                                                           
20032eec  __xdc__init__addr                                                    
20032f20  ti_sysbios_heaps_HeapMem_Object__table__V                            
20032f54  _IGMPForceVersion1                                                   
20032f5c  eventCount                                                           
20032f60  sendCount                                                            
20032f64  endLog                                                               
20032f68  setOn                                                                
20032f6c  __TI_cleanup_ptr                                                     
20032f70  __TI_dtors_ptr                                                       
20032f74  __TI_enable_exit_profile_output                                      
20032f78  tcpCount                                                             
20032f7c  sendError                                                            
20032f80  socketErro                                                           
20032f84  ti_sysbios_family_arm_lm4_Timer_Module__state__V                     
20032f90  ti_sysbios_knl_Event_Module__root__V                                 
20032f9c  ti_sysbios_knl_Event_Object__table__V                                
20032fa8  ti_sysbios_knl_Task_Module__root__V                                  
20032fb4  ti_uia_runtime_QueueDescriptor_Module__state__V                      
20032fc0  xdc_runtime_SysMin_Module__state__V                                  
20032fd8  _lock                                                                
20032fdc  _unlock                                                              
20032fe0  NIMUDeviceTable                                                      
20032fe8  gpioCallbackFunctions                                                
20033000  _ICMPInErrors                                                        
20033004  _ICMPOutErrors                                                       
20033008  _IPExecuting                                                         
20033020  tcp_iss                                                              
20033024  ptTimeFirst                                                          
20033030  ti_uia_runtime_QueueDescriptor_gPtrToFirstDescriptor                 
20033034  ti_uia_runtime_QueueDescriptor_gUpdateCount                          
20033038  ti_sysbios_family_arm_lm4_TimestampProvider_Module__state__V         
20033040  ti_sysbios_family_arm_m3_Hwi_Module__root__V                         
20033048  ti_sysbios_gates_GateHwi_Module__root__V                             
20033050  ti_sysbios_gates_GateMutex_Module__root__V                           
20033058  ti_sysbios_heaps_HeapMem_Module__root__V                             
20033060  ti_sysbios_knl_Clock_Module__root__V                                 
20033068  ti_sysbios_knl_Queue_Module__root__V                                 
20033070  ti_sysbios_knl_Semaphore_Module__root__V                             
20033078  ti_sysbios_knl_Swi_Module__root__V                                   
20033080  ti_uia_loggers_LoggerStopMode_Module__root__V                        
20033088  xdc_runtime_Registry_Module__state__V                                
20033090  xdc_runtime_Startup_Module__state__V                                 
20033098  xdc_runtime_System_Module_State_0_atexitHandlers__A                  
200330a0  xdc_runtime_System_Module__state__V                                  
200330a8  macAddress                                                           
200330c8  errno                                                                
200330cc  main_func_sp                                                         
200330d4  _IPReasmPtr                                                          
200330e4  ti_sysbios_family_arm_m3_Hwi_Module_State_0_excContext__A            
200330e8  ti_sysbios_family_arm_m3_Hwi_Module_State_0_excStack__A              
200330ec  ti_sysbios_gates_GateHwi_Object__table__V                            
200330f0  ti_sysbios_knl_Task_Module_State_0_idleTask__A                       
200330f4  ti_sysbios_utils_Load_Module_State_0_runningTask__A                  
200330f8  ti_sysbios_utils_Load_Module_State_0_taskStartTime__A                
200330fc  xdc_runtime_Memory_Module__state__V                                  
20033100  __stack                                                              
20033500  __STACK_END                                                          
e000e000  ti_sysbios_family_arm_m3_Hwi_nvic                                    
ffffffff  __TI_pprof_out_hndl                                                  
ffffffff  __TI_prof_data_size                                                  
ffffffff  __TI_prof_data_start                                                 
ffffffff  __binit__                                                            
ffffffff  __c_args__                                                           
ffffffff  binit                                                                
UNDEFED   SHT$$INIT_ARRAY$$Base                                                
UNDEFED   SHT$$INIT_ARRAY$$Limit                                               

[1286 symbols]
